Archive member included to satisfy reference by file (symbol)

/home/lagadanu/Desktop/qemu/optee_os/out/arm/export-ta_arm64/lib/libutils.a(snprintf.o)
                              out/mbedtls_taf.o (snprintf)
/home/lagadanu/Desktop/qemu/optee_os/out/arm/export-ta_arm64/lib/libutils.a(memcpy.o)
                              out/mbedtls_taf.o (memcpy)
/home/lagadanu/Desktop/qemu/optee_os/out/arm/export-ta_arm64/lib/libutils.a(strlen.o)
                              out/mbedtls_taf.o (strlen)
/home/lagadanu/Desktop/qemu/optee_os/out/arm/export-ta_arm64/lib/libutils.a(snprintk.o)
                              /home/lagadanu/Desktop/qemu/optee_os/out/arm/export-ta_arm64/lib/libutils.a(snprintf.o) (__vsnprintf)
/home/lagadanu/Desktop/qemu/optee_os/out/arm/export-ta_arm64/lib/libutils.a(trace.o)
                              out/seed_rng_taf.o (trace_printf)
/home/lagadanu/Desktop/qemu/optee_os/out/arm/export-ta_arm64/lib/libutils.a(memchr.o)
                              /home/lagadanu/Desktop/qemu/optee_os/out/arm/export-ta_arm64/lib/libutils.a(snprintk.o) (memchr)
/home/lagadanu/Desktop/qemu/optee_os/out/arm/export-ta_arm64/lib/libutee.a(trace_ext.o)
                              /home/lagadanu/Desktop/qemu/optee_os/out/arm/export-ta_arm64/lib/libutils.a(trace.o) (trace_ext_puts)
/home/lagadanu/Desktop/qemu/optee_os/out/arm/export-ta_arm64/lib/libutee.a(tee_api.o)
                              out/seed_rng_taf.o (TEE_OpenTASession)
/home/lagadanu/Desktop/qemu/optee_os/out/arm/export-ta_arm64/lib/libutee.a(tee_api_objects.o)
                              out/cryp_taf.o (TEE_GetObjectBufferAttribute)
/home/lagadanu/Desktop/qemu/optee_os/out/arm/export-ta_arm64/lib/libutee.a(tee_api_operations.o)
                              out/cryp_taf.o (TEE_FreeOperation)
/home/lagadanu/Desktop/qemu/optee_os/out/arm/export-ta_arm64/lib/libutee.a(tee_api_panic.o)
                              /home/lagadanu/Desktop/qemu/optee_os/out/arm/export-ta_arm64/lib/libutee.a(tee_api.o) (TEE_Panic)
/home/lagadanu/Desktop/qemu/optee_os/out/arm/export-ta_arm64/lib/libutee.a(user_ta_entry.o)
                              out/user_ta_header.o (__utee_entry)
/home/lagadanu/Desktop/qemu/optee_os/out/arm/export-ta_arm64/lib/libutee.a(utee_syscalls_a64.o)
                              /home/lagadanu/Desktop/qemu/optee_os/out/arm/export-ta_arm64/lib/libutee.a(tee_api_panic.o) (utee_panic)
/home/lagadanu/Desktop/qemu/optee_os/out/arm/export-ta_arm64/lib/libutee.a(gprof_a64.o)
                              /home/lagadanu/Desktop/qemu/optee_os/out/arm/export-ta_arm64/lib/libutee.a(user_ta_entry.o) (__utee_mcount)
/home/lagadanu/Desktop/qemu/optee_os/out/arm/export-ta_arm64/lib/libutee.a(tee_api_arith.o)
                              /home/lagadanu/Desktop/qemu/optee_os/out/arm/export-ta_arm64/lib/libutee.a(user_ta_entry.o) (_TEE_MathAPI_Init)
/home/lagadanu/Desktop/qemu/optee_os/out/arm/export-ta_arm64/lib/libmpa.a(mpa_misc.o)
                              /home/lagadanu/Desktop/qemu/optee_os/out/arm/export-ta_arm64/lib/libutee.a(tee_api_arith.o) (mpa_copy)
/home/lagadanu/Desktop/qemu/optee_os/out/arm/export-ta_arm64/lib/libmpa.a(mpa_montgomery.o)
                              /home/lagadanu/Desktop/qemu/optee_os/out/arm/export-ta_arm64/lib/libutee.a(tee_api_arith.o) (mpa_compute_fmm_context)
/home/lagadanu/Desktop/qemu/optee_os/out/arm/export-ta_arm64/lib/libmpa.a(mpa_primetest.o)
                              /home/lagadanu/Desktop/qemu/optee_os/out/arm/export-ta_arm64/lib/libutee.a(tee_api_arith.o) (mpa_is_prob_prime)
/home/lagadanu/Desktop/qemu/optee_os/out/arm/export-ta_arm64/lib/libmpa.a(mpa_conv.o)
                              /home/lagadanu/Desktop/qemu/optee_os/out/arm/export-ta_arm64/lib/libutee.a(tee_api_arith.o) (mpa_set_S32)
/home/lagadanu/Desktop/qemu/optee_os/out/arm/export-ta_arm64/lib/libmpa.a(mpa_div.o)
                              /home/lagadanu/Desktop/qemu/optee_os/out/arm/export-ta_arm64/lib/libutee.a(tee_api_arith.o) (mpa_div)
/home/lagadanu/Desktop/qemu/optee_os/out/arm/export-ta_arm64/lib/libmpa.a(mpa_gcd.o)
                              /home/lagadanu/Desktop/qemu/optee_os/out/arm/export-ta_arm64/lib/libutee.a(tee_api_arith.o) (mpa_gcd)
/home/lagadanu/Desktop/qemu/optee_os/out/arm/export-ta_arm64/lib/libmpa.a(mpa_mem_static.o)
                              /home/lagadanu/Desktop/qemu/optee_os/out/arm/export-ta_arm64/lib/libutee.a(tee_api_arith.o) (mpa_alloc_static_temp_var)
/home/lagadanu/Desktop/qemu/optee_os/out/arm/export-ta_arm64/lib/libmpa.a(mpa_mul.o)
                              /home/lagadanu/Desktop/qemu/optee_os/out/arm/export-ta_arm64/lib/libmpa.a(mpa_div.o) (__mpa_mul_add_word)
/home/lagadanu/Desktop/qemu/optee_os/out/arm/export-ta_arm64/lib/libmpa.a(mpa_random.o)
                              /home/lagadanu/Desktop/qemu/optee_os/out/arm/export-ta_arm64/lib/libmpa.a(mpa_primetest.o) (mpa_get_random)
/home/lagadanu/Desktop/qemu/optee_os/out/arm/export-ta_arm64/lib/libmpa.a(mpa_shift.o)
[...]
Memory Configuration

Name             Origin             Length             Attributes
*default*        0x0000000000000000 0xffffffffffffffff

Linker script and memory map


.ta_head        0x0000000000000000       0x20
 *(SORT(.ta_head))
 .ta_head       0x0000000000000000       0x20 out/user_ta_header.o
                0x0000000000000000                ta_head

.text           0x0000000000000020    0x2486c
                0x0000000000000020                __text_start = .
 *(SORT(.text) SORT(.text.*))
 .text          0x0000000000000020      0xe40 out/aes_impl.o
                0x0000000000000020                rijndaelSetupEncrypt
                0x00000000000003bc                rijndaelSetupDecrypt
                0x00000000000005cc                rijndaelEncrypt
                0x0000000000000a10                rijndaelDecrypt
 .text          0x0000000000000e60      0x120 out/aes_taf.o
                0x0000000000000e60                ta_entry_aes256ecb_encrypt
                0x0000000000000ef0                ta_entry_aes256ecb_decrypt
 .text          0x0000000000000f80      0xd9c out/cryp_taf.o
                0x0000000000001094                ta_entry_allocate_operation
                0x00000000000010ec                ta_entry_free_operation
                0x0000000000001134                ta_entry_get_operation_info
                0x0000000000001198                ta_entry_reset_operation
                0x00000000000011e0                ta_entry_set_operation_key
                0x0000000000001228                ta_entry_set_operation_key2
                0x000000000000128c                ta_entry_copy_operation
                0x00000000000012f0                ta_entry_digest_update
                0x0000000000001340                ta_entry_digest_do_final
                0x0000000000001380                ta_entry_cipher_init
                0x00000000000013e8                ta_entry_cipher_update
                0x0000000000001428                ta_entry_cipher_do_final
                0x0000000000001468                ta_entry_mac_init
                0x00000000000014d0                ta_entry_mac_update
                0x0000000000001520                ta_entry_mac_final_compute
                0x0000000000001560                ta_entry_mac_final_compare
                0x00000000000015a0                ta_entry_allocate_transient_object
                0x00000000000015f8                ta_entry_free_transient_object
                0x0000000000001640                ta_entry_reset_transient_object
                0x0000000000001688                ta_entry_populate_transient_object
                0x0000000000001704                ta_entry_copy_object_attributes
                0x0000000000001768                ta_entry_generate_key
                0x00000000000017f0                ta_entry_asymmetric_encrypt
                0x0000000000001888                ta_entry_asymmetric_decrypt
                0x0000000000001920                ta_entry_asymmetric_sign_digest
                0x00000000000019b8                ta_entry_asymmetric_verify_digest
                0x0000000000001a50                ta_entry_derive_key
                0x0000000000001aec                ta_entry_random_number_generate
                0x0000000000001b20                ta_entry_ae_init
                0x0000000000001b64                ta_entry_ae_update_aad
                0x0000000000001bb4                ta_entry_ae_update
                0x0000000000001c0c                ta_entry_ae_encrypt_final
                0x0000000000001c58                ta_entry_ae_decrypt_final
                0x0000000000001ca4                ta_entry_get_object_buffer_attribute
                0x0000000000001ce0                ta_entry_get_object_value_attribute
 .text          0x0000000000001d1c      0x628 out/sha2_impl.o
                0x0000000000001d1c                sha256_transf
                0x0000000000001ec4                sha256_init
                0x0000000000001ef4                sha256_update
                0x0000000000001fd0                sha256_final
                0x00000000000020b0                sha256
                0x0000000000002104                sha224_init
                0x0000000000002134                sha224_update
                0x0000000000002210                sha224_final
                0x00000000000022f0                sha224
 .text          0x0000000000002344       0x98 out/sha2_taf.o
                0x0000000000002344                ta_entry_sha224
                0x0000000000002390                ta_entry_sha256
 .text          0x00000000000023dc       0xe0 out/seed_rng_taf.o
                0x00000000000023dc                seed_rng_pool
 .text          0x00000000000024bc      0x238 out/ta_entry.o
                0x00000000000024bc                TA_CreateEntryPoint
                0x00000000000024c4                TA_DestroyEntryPoint
                0x00000000000024c8                TA_OpenSessionEntryPoint
                0x00000000000024d0                TA_CloseSessionEntryPoint
                0x00000000000024d4                TA_InvokeCommandEntryPoint
 .text          0x00000000000026f4      0x870 out/mbedtls_taf.o
                0x0000000000002714                ta_entry_mbedtls_self_tests
                0x00000000000028d4                ta_entry_mbedtls_check_cert
                0x0000000000002a00                ta_entry_mbedtls_sign_cert
 .text          0x0000000000002f64        0x8 out/user_ta_header.o
                0x0000000000002f64                tahead_get_trace_level
 .text          0x0000000000002f6c       0xcc /home/lagadanu/Desktop/qemu/optee_os/out/arm/export-ta_arm64/lib/libutils.a(snprintf.o)
                0x0000000000002f6c                snprintf
                0x0000000000002fe4                vsnprintf
 .text          0x0000000000003038       0x20 /home/lagadanu/Desktop/qemu/optee_os/out/arm/export-ta_arm64/lib/libutils.a(memcpy.o)
                0x0000000000003038                memcpy
 .text          0x0000000000003058       0x1c /home/lagadanu/Desktop/qemu/optee_os/out/arm/export-ta_arm64/lib/libutils.a(strlen.o)
                0x0000000000003058                strlen
 .text          0x0000000000003074      0xc70 /home/lagadanu/Desktop/qemu/optee_os/out/arm/export-ta_arm64/lib/libutils.a(snprintk.o)
                0x0000000000003074                __vsnprintf
                0x0000000000003c1c                vsnprintk
                0x0000000000003c70                snprintk
 .text          0x0000000000003ce4      0x278 /home/lagadanu/Desktop/qemu/optee_os/out/arm/export-ta_arm64/lib/libutils.a(trace.o)
                0x0000000000003ce4                trace_set_level
                0x0000000000003d08                trace_get_level
                0x0000000000003d18                trace_printf
                0x0000000000003f58                dhex_dump
 .text          0x0000000000003f5c       0x2c /home/lagadanu/Desktop/qemu/optee_os/out/arm/export-ta_arm64/lib/libutils.a(memchr.o)
                0x0000000000003f5c                memchr
 .text          0x0000000000003f88      0x178 /home/lagadanu/Desktop/qemu/optee_os/out/arm/export-ta_arm64/lib/libutee.a(trace_ext.o)
                0x0000000000003f88                trace_ext_puts
                0x0000000000003fb0                trace_ext_get_thread_id
                0x0000000000003fb8                printf
                0x0000000000004084                puts
                0x00000000000040c4                putchar
 .text          0x0000000000004100      0x4e4 /home/lagadanu/Desktop/qemu/optee_os/out/arm/export-ta_arm64/lib/libutee.a(tee_api.o)
                0x0000000000004100                __utee_from_param
                0x0000000000004178                __utee_to_param
                0x00000000000041e4                TEE_OpenTASession
                0x0000000000004274                TEE_CloseTASession
                0x000000000000429c                TEE_InvokeTACommand
                0x0000000000004350                TEE_GetCancellationFlag
                0x000000000000437c                TEE_UnmaskCancellation
                0x00000000000043a8                TEE_MaskCancellation
                0x00000000000043d4                TEE_CheckMemoryAccessRights
                0x00000000000043e8                TEE_SetInstanceData
                0x00000000000043f4                TEE_GetInstanceData
                0x0000000000004400                TEE_MemMove
                0x0000000000004408                TEE_MemCompare
                0x0000000000004410                TEE_MemFill
                0x0000000000004418                TEE_GetSystemTime
                0x0000000000004440                TEE_Wait
                0x000000000000447c                TEE_GetTAPersistentTime
                0x00000000000044fc                TEE_SetTAPersistentTime
                0x000000000000453c                TEE_GetREETime
                0x0000000000004564                TEE_Malloc
                0x00000000000045c0                TEE_Realloc
                0x00000000000045c8                TEE_Free
                0x00000000000045cc                TEE_CacheClean
                0x00000000000045d4                TEE_CacheFlush
                0x00000000000045dc                TEE_CacheInvalidate
 .text          0x00000000000045e4      0xcb4 /home/lagadanu/Desktop/qemu/optee_os/out/arm/export-ta_arm64/lib/libutee.a(tee_api_objects.o)
                0x00000000000045e4                __utee_from_attr
                0x0000000000004630                TEE_GetObjectInfo
                0x0000000000004678                TEE_GetObjectInfo1
                0x00000000000046b8                TEE_RestrictObjectUsage1
                0x00000000000046fc                TEE_RestrictObjectUsage
                0x000000000000474c                TEE_GetObjectBufferAttribute
                0x00000000000047f8                TEE_GetObjectValueAttribute
                0x00000000000048c8                TEE_CloseObject
                0x00000000000048f0                TEE_AllocateTransientObject
                0x0000000000004954                TEE_FreeTransientObject
                0x00000000000049a8                TEE_ResetTransientObject
                0x00000000000049fc                TEE_PopulateTransientObject
                0x0000000000004abc                TEE_InitRefAttribute
                0x0000000000004b10                TEE_InitValueAttribute
                0x0000000000004b60                TEE_CopyObjectAttributes1
                0x0000000000004c0c                TEE_CopyObjectAttributes
                0x0000000000004c60                TEE_GenerateKey
                0x0000000000004ce4                TEE_OpenPersistentObject
                0x0000000000004d7c                TEE_CreatePersistentObject
                0x0000000000004e44                TEE_CloseAndDeletePersistentObject1
                0x0000000000004e88                TEE_CloseAndDeletePersistentObject
                0x0000000000004eb4                TEE_RenamePersistentObject
                0x0000000000004f20                TEE_AllocatePersistentObjectEnumerator
                0x0000000000004f7c                TEE_FreePersistentObjectEnumerator
                0x0000000000004fa4                TEE_ResetPersistentObjectEnumerator
                0x0000000000004fcc                TEE_StartPersistentObjectEnumerator
                0x000000000000501c                TEE_GetNextPersistentObject
                0x00000000000050a0                TEE_ReadObjectData
                0x0000000000005108                TEE_WriteObjectData
                0x000000000000516c                TEE_TruncateObjectData
                0x00000000000051c8                TEE_SeekObjectData
 .text          0x0000000000005298     0x2444 /home/lagadanu/Desktop/qemu/optee_os/out/arm/export-ta_arm64/lib/libutee.a(tee_api_operations.o)
                0x00000000000054b4                TEE_FreeOperation
                0x00000000000054f8                TEE_AllocateOperation
                0x0000000000005d1c                TEE_GetOperationInfo
                0x0000000000005d64                TEE_GetOperationInfoMultiple
                0x0000000000005eac                TEE_ResetOperation
                0x0000000000005f24                TEE_SetOperationKey
                0x0000000000006014                TEE_SetOperationKey2
                0x00000000000061a4                TEE_CopyOperation
                0x00000000000062c4                TEE_DigestUpdate
                0x0000000000006334                TEE_DigestDoFinal
                0x00000000000063f8                TEE_CipherInit
                0x000000000000649c                TEE_CipherUpdate
                0x00000000000065f8                TEE_CipherDoFinal
                0x00000000000067a0                TEE_MACInit
                0x0000000000006844                TEE_MACUpdate
                0x00000000000068e4                TEE_MACComputeFinal
                0x00000000000069a0                TEE_MACCompareFinal
                0x0000000000006a60                TEE_AEInit
                0x0000000000006b24                TEE_AEUpdateAAD
                0x0000000000006bb8                TEE_AEUpdate
                0x0000000000006d08                TEE_AEEncryptFinal
                0x0000000000006ec4                TEE_AEDecryptFinal
                0x000000000000705c                TEE_AsymmetricEncrypt
                0x00000000000071a0                TEE_AsymmetricDecrypt
                0x00000000000072e8                TEE_AsymmetricSignDigest
                0x0000000000007424                TEE_AsymmetricVerifyDigest
                0x0000000000007550                TEE_DeriveKey
                0x0000000000007694                TEE_GenerateRandom
                0x00000000000076b8                rand
 .text          0x00000000000076dc        0x8 /home/lagadanu/Desktop/qemu/optee_os/out/arm/export-ta_arm64/lib/libutee.a(tee_api_panic.o)
                0x00000000000076dc                TEE_Panic
 .text          0x00000000000076e4      0x2c4 /home/lagadanu/Desktop/qemu/optee_os/out/arm/export-ta_arm64/lib/libutee.a(user_ta_entry.o)
                0x00000000000077a0                __utee_entry
 .text.utee_panic
                0x00000000000079a8        0xc /home/lagadanu/Desktop/qemu/optee_os/out/arm/export-ta_arm64/lib/libutee.a(utee_syscalls_a64.o)
                0x00000000000079a8                utee_panic
 .text.utee_return
                0x00000000000079b4        0xc /home/lagadanu/Desktop/qemu/optee_os/out/arm/export-ta_arm64/lib/libutee.a(utee_syscalls_a64.o)
                0x00000000000079b4                utee_return
 .text.utee_log
                0x00000000000079c0        0xc /home/lagadanu/Desktop/qemu/optee_os/out/arm/export-ta_arm64/lib/libutee.a(utee_syscalls_a64.o)
                0x00000000000079c0                utee_log
 .text.__utee_panic
                0x00000000000079cc        0xc /home/lagadanu/Desktop/qemu/optee_os/out/arm/export-ta_arm64/lib/libutee.a(utee_syscalls_a64.o)
                0x00000000000079cc                __utee_panic
 .text.utee_get_property
                0x00000000000079d8        0xc /home/lagadanu/Desktop/qemu/optee_os/out/arm/export-ta_arm64/lib/libutee.a(utee_syscalls_a64.o)
                0x00000000000079d8                utee_get_property
 .text.utee_get_property_name_to_index
                0x00000000000079e4        0xc /home/lagadanu/Desktop/qemu/optee_os/out/arm/export-ta_arm64/lib/libutee.a(utee_syscalls_a64.o)
                0x00000000000079e4                utee_get_property_name_to_index
 .text.utee_open_ta_session
                0x00000000000079f0        0xc /home/lagadanu/Desktop/qemu/optee_os/out/arm/export-ta_arm64/lib/libutee.a(utee_syscalls_a64.o)
                0x00000000000079f0                utee_open_ta_session
 .text.utee_close_ta_session
                0x00000000000079fc        0xc /home/lagadanu/Desktop/qemu/optee_os/out/arm/export-ta_arm64/lib/libutee.a(utee_syscalls_a64.o)
                0x00000000000079fc                utee_close_ta_session
 .text.utee_invoke_ta_command
                0x0000000000007a08        0xc /home/lagadanu/Desktop/qemu/optee_os/out/arm/export-ta_arm64/lib/libutee.a(utee_syscalls_a64.o)
                0x0000000000007a08                utee_invoke_ta_command
 .text.utee_get_cancellation_flag
                0x0000000000007a14        0xc /home/lagadanu/Desktop/qemu/optee_os/out/arm/export-ta_arm64/lib/libutee.a(utee_syscalls_a64.o)
                0x0000000000007a14                utee_get_cancellation_flag
 .text.utee_check_access_rights
                0x0000000000007a20        0xc /home/lagadanu/Desktop/qemu/optee_os/out/arm/export-ta_arm64/lib/libutee.a(utee_syscalls_a64.o)
                0x0000000000007a20                utee_check_access_rights
 .text.utee_unmask_cancellation
                0x0000000000007a2c        0xc /home/lagadanu/Desktop/qemu/optee_os/out/arm/export-ta_arm64/lib/libutee.a(utee_syscalls_a64.o)
                0x0000000000007a2c                utee_unmask_cancellation
 .text.utee_mask_cancellation
                0x0000000000007a38        0xc /home/lagadanu/Desktop/qemu/optee_os/out/arm/export-ta_arm64/lib/libutee.a(utee_syscalls_a64.o)
                0x0000000000007a38                utee_mask_cancellation
 .text.utee_wait
                0x0000000000007a44        0xc /home/lagadanu/Desktop/qemu/optee_os/out/arm/export-ta_arm64/lib/libutee.a(utee_syscalls_a64.o)
                0x0000000000007a44                utee_wait
 .text.utee_get_time
                0x0000000000007a50        0xc /home/lagadanu/Desktop/qemu/optee_os/out/arm/export-ta_arm64/lib/libutee.a(utee_syscalls_a64.o)
                0x0000000000007a50                utee_get_time
 .text.utee_set_ta_time
                0x0000000000007a5c        0xc /home/lagadanu/Desktop/qemu/optee_os/out/arm/export-ta_arm64/lib/libutee.a(utee_syscalls_a64.o)
                0x0000000000007a5c                utee_set_ta_time
 .text.utee_cryp_state_alloc
                0x0000000000007a68        0xc /home/lagadanu/Desktop/qemu/optee_os/out/arm/export-ta_arm64/lib/libutee.a(utee_syscalls_a64.o)
                0x0000000000007a68                utee_cryp_state_alloc
 .text.utee_cryp_state_copy
                0x0000000000007a74        0xc /home/lagadanu/Desktop/qemu/optee_os/out/arm/export-ta_arm64/lib/libutee.a(utee_syscalls_a64.o)
                0x0000000000007a74                utee_cryp_state_copy
 .text.utee_cryp_state_free
                0x0000000000007a80        0xc /home/lagadanu/Desktop/qemu/optee_os/out/arm/export-ta_arm64/lib/libutee.a(utee_syscalls_a64.o)
                0x0000000000007a80                utee_cryp_state_free
 .text.utee_hash_init
                0x0000000000007a8c        0xc /home/lagadanu/Desktop/qemu/optee_os/out/arm/export-ta_arm64/lib/libutee.a(utee_syscalls_a64.o)
                0x0000000000007a8c                utee_hash_init
 .text.utee_hash_update
                0x0000000000007a98        0xc /home/lagadanu/Desktop/qemu/optee_os/out/arm/export-ta_arm64/lib/libutee.a(utee_syscalls_a64.o)
                0x0000000000007a98                utee_hash_update
 .text.utee_hash_final
                0x0000000000007aa4        0xc /home/lagadanu/Desktop/qemu/optee_os/out/arm/export-ta_arm64/lib/libutee.a(utee_syscalls_a64.o)
                0x0000000000007aa4                utee_hash_final
 .text.utee_cipher_init
                0x0000000000007ab0        0xc /home/lagadanu/Desktop/qemu/optee_os/out/arm/export-ta_arm64/lib/libutee.a(utee_syscalls_a64.o)
                0x0000000000007ab0                utee_cipher_init
 .text.utee_cipher_update
                0x0000000000007abc        0xc /home/lagadanu/Desktop/qemu/optee_os/out/arm/export-ta_arm64/lib/libutee.a(utee_syscalls_a64.o)
                0x0000000000007abc                utee_cipher_update
 .text.utee_cipher_final
                0x0000000000007ac8        0xc /home/lagadanu/Desktop/qemu/optee_os/out/arm/export-ta_arm64/lib/libutee.a(utee_syscalls_a64.o)
                0x0000000000007ac8                utee_cipher_final
 .text.utee_cryp_obj_get_info
                0x0000000000007ad4        0xc /home/lagadanu/Desktop/qemu/optee_os/out/arm/export-ta_arm64/lib/libutee.a(utee_syscalls_a64.o)
                0x0000000000007ad4                utee_cryp_obj_get_info
 .text.utee_cryp_obj_restrict_usage
                0x0000000000007ae0        0xc /home/lagadanu/Desktop/qemu/optee_os/out/arm/export-ta_arm64/lib/libutee.a(utee_syscalls_a64.o)
                0x0000000000007ae0                utee_cryp_obj_restrict_usage
 .text.utee_cryp_obj_get_attr
                0x0000000000007aec        0xc /home/lagadanu/Desktop/qemu/optee_os/out/arm/export-ta_arm64/lib/libutee.a(utee_syscalls_a64.o)
                0x0000000000007aec                utee_cryp_obj_get_attr
 .text.utee_cryp_obj_alloc
                0x0000000000007af8        0xc /home/lagadanu/Desktop/qemu/optee_os/out/arm/export-ta_arm64/lib/libutee.a(utee_syscalls_a64.o)
                0x0000000000007af8                utee_cryp_obj_alloc
 .text.utee_cryp_obj_close
                0x0000000000007b04        0xc /home/lagadanu/Desktop/qemu/optee_os/out/arm/export-ta_arm64/lib/libutee.a(utee_syscalls_a64.o)
                0x0000000000007b04                utee_cryp_obj_close
 .text.utee_cryp_obj_reset
                0x0000000000007b10        0xc /home/lagadanu/Desktop/qemu/optee_os/out/arm/export-ta_arm64/lib/libutee.a(utee_syscalls_a64.o)
                0x0000000000007b10                utee_cryp_obj_reset
 .text.utee_cryp_obj_populate
                0x0000000000007b1c        0xc /home/lagadanu/Desktop/qemu/optee_os/out/arm/export-ta_arm64/lib/libutee.a(utee_syscalls_a64.o)
                0x0000000000007b1c                utee_cryp_obj_populate
 .text.utee_cryp_obj_copy
                0x0000000000007b28        0xc /home/lagadanu/Desktop/qemu/optee_os/out/arm/export-ta_arm64/lib/libutee.a(utee_syscalls_a64.o)
                0x0000000000007b28                utee_cryp_obj_copy
 .text.utee_cryp_derive_key
                0x0000000000007b34        0xc /home/lagadanu/Desktop/qemu/optee_os/out/arm/export-ta_arm64/lib/libutee.a(utee_syscalls_a64.o)
                0x0000000000007b34                utee_cryp_derive_key
 .text.utee_cryp_random_number_generate
                0x0000000000007b40        0xc /home/lagadanu/Desktop/qemu/optee_os/out/arm/export-ta_arm64/lib/libutee.a(utee_syscalls_a64.o)
                0x0000000000007b40                utee_cryp_random_number_generate
 .text.utee_authenc_init
                0x0000000000007b4c        0xc /home/lagadanu/Desktop/qemu/optee_os/out/arm/export-ta_arm64/lib/libutee.a(utee_syscalls_a64.o)
                0x0000000000007b4c                utee_authenc_init
 .text.utee_authenc_update_aad
                0x0000000000007b58        0xc /home/lagadanu/Desktop/qemu/optee_os/out/arm/export-ta_arm64/lib/libutee.a(utee_syscalls_a64.o)
                0x0000000000007b58                utee_authenc_update_aad
 .text.utee_authenc_update_payload
                0x0000000000007b64        0xc /home/lagadanu/Desktop/qemu/optee_os/out/arm/export-ta_arm64/lib/libutee.a(utee_syscalls_a64.o)
                0x0000000000007b64                utee_authenc_update_payload
 .text.utee_authenc_enc_final
                0x0000000000007b70        0xc /home/lagadanu/Desktop/qemu/optee_os/out/arm/export-ta_arm64/lib/libutee.a(utee_syscalls_a64.o)
                0x0000000000007b70                utee_authenc_enc_final
 .text.utee_authenc_dec_final
                0x0000000000007b7c        0xc /home/lagadanu/Desktop/qemu/optee_os/out/arm/export-ta_arm64/lib/libutee.a(utee_syscalls_a64.o)
                0x0000000000007b7c                utee_authenc_dec_final
 .text.utee_asymm_operate
                0x0000000000007b88        0xc /home/lagadanu/Desktop/qemu/optee_os/out/arm/export-ta_arm64/lib/libutee.a(utee_syscalls_a64.o)
                0x0000000000007b88                utee_asymm_operate
 .text.utee_asymm_verify
                0x0000000000007b94        0xc /home/lagadanu/Desktop/qemu/optee_os/out/arm/export-ta_arm64/lib/libutee.a(utee_syscalls_a64.o)
                0x0000000000007b94                utee_asymm_verify
 .text.utee_storage_obj_open
                0x0000000000007ba0        0xc /home/lagadanu/Desktop/qemu/optee_os/out/arm/export-ta_arm64/lib/libutee.a(utee_syscalls_a64.o)
                0x0000000000007ba0                utee_storage_obj_open
 .text.utee_storage_obj_create
                0x0000000000007bac        0xc /home/lagadanu/Desktop/qemu/optee_os/out/arm/export-ta_arm64/lib/libutee.a(utee_syscalls_a64.o)
                0x0000000000007bac                utee_storage_obj_create
 .text.utee_storage_obj_del
                0x0000000000007bb8        0xc /home/lagadanu/Desktop/qemu/optee_os/out/arm/export-ta_arm64/lib/libutee.a(utee_syscalls_a64.o)
                0x0000000000007bb8                utee_storage_obj_del
 .text.utee_storage_obj_rename
                0x0000000000007bc4        0xc /home/lagadanu/Desktop/qemu/optee_os/out/arm/export-ta_arm64/lib/libutee.a(utee_syscalls_a64.o)
                0x0000000000007bc4                utee_storage_obj_rename
 .text.utee_storage_alloc_enum
                0x0000000000007bd0        0xc /home/lagadanu/Desktop/qemu/optee_os/out/arm/export-ta_arm64/lib/libutee.a(utee_syscalls_a64.o)
                0x0000000000007bd0                utee_storage_alloc_enum
 .text.utee_storage_free_enum
                0x0000000000007bdc        0xc /home/lagadanu/Desktop/qemu/optee_os/out/arm/export-ta_arm64/lib/libutee.a(utee_syscalls_a64.o)
                0x0000000000007bdc                utee_storage_free_enum
 .text.utee_storage_reset_enum
                0x0000000000007be8        0xc /home/lagadanu/Desktop/qemu/optee_os/out/arm/export-ta_arm64/lib/libutee.a(utee_syscalls_a64.o)
                0x0000000000007be8                utee_storage_reset_enum
 .text.utee_storage_start_enum
                0x0000000000007bf4        0xc /home/lagadanu/Desktop/qemu/optee_os/out/arm/export-ta_arm64/lib/libutee.a(utee_syscalls_a64.o)
                0x0000000000007bf4                utee_storage_start_enum
 .text.utee_storage_next_enum
                0x0000000000007c00        0xc /home/lagadanu/Desktop/qemu/optee_os/out/arm/export-ta_arm64/lib/libutee.a(utee_syscalls_a64.o)
                0x0000000000007c00                utee_storage_next_enum
 .text.utee_storage_obj_read
                0x0000000000007c0c        0xc /home/lagadanu/Desktop/qemu/optee_os/out/arm/export-ta_arm64/lib/libutee.a(utee_syscalls_a64.o)
                0x0000000000007c0c                utee_storage_obj_read
 .text.utee_storage_obj_write
                0x0000000000007c18        0xc /home/lagadanu/Desktop/qemu/optee_os/out/arm/export-ta_arm64/lib/libutee.a(utee_syscalls_a64.o)
                0x0000000000007c18                utee_storage_obj_write
 .text.utee_storage_obj_trunc
                0x0000000000007c24        0xc /home/lagadanu/Desktop/qemu/optee_os/out/arm/export-ta_arm64/lib/libutee.a(utee_syscalls_a64.o)
                0x0000000000007c24                utee_storage_obj_trunc
 .text.utee_storage_obj_seek
                0x0000000000007c30        0xc /home/lagadanu/Desktop/qemu/optee_os/out/arm/export-ta_arm64/lib/libutee.a(utee_syscalls_a64.o)
                0x0000000000007c30                utee_storage_obj_seek
 .text.utee_cryp_obj_generate_key
                0x0000000000007c3c        0xc /home/lagadanu/Desktop/qemu/optee_os/out/arm/export-ta_arm64/lib/libutee.a(utee_syscalls_a64.o)
                0x0000000000007c3c                utee_cryp_obj_generate_key
 .text.utee_se_service_open
                0x0000000000007c48        0xc /home/lagadanu/Desktop/qemu/optee_os/out/arm/export-ta_arm64/lib/libutee.a(utee_syscalls_a64.o)
                0x0000000000007c48                utee_se_service_open
 .text.utee_se_service_close
                0x0000000000007c54        0xc /home/lagadanu/Desktop/qemu/optee_os/out/arm/export-ta_arm64/lib/libutee.a(utee_syscalls_a64.o)
                0x0000000000007c54                utee_se_service_close
 .text.utee_se_service_get_readers
                0x0000000000007c60        0xc /home/lagadanu/Desktop/qemu/optee_os/out/arm/export-ta_arm64/lib/libutee.a(utee_syscalls_a64.o)
                0x0000000000007c60                utee_se_service_get_readers
 .text.utee_se_reader_get_prop
                0x0000000000007c6c        0xc /home/lagadanu/Desktop/qemu/optee_os/out/arm/export-ta_arm64/lib/libutee.a(utee_syscalls_a64.o)
                0x0000000000007c6c                utee_se_reader_get_prop
 .text.utee_se_reader_get_name
                0x0000000000007c78        0xc /home/lagadanu/Desktop/qemu/optee_os/out/arm/export-ta_arm64/lib/libutee.a(utee_syscalls_a64.o)
                0x0000000000007c78                utee_se_reader_get_name
 .text.utee_se_reader_open_session
                0x0000000000007c84        0xc /home/lagadanu/Desktop/qemu/optee_os/out/arm/export-ta_arm64/lib/libutee.a(utee_syscalls_a64.o)
                0x0000000000007c84                utee_se_reader_open_session
 .text.utee_se_reader_close_sessions
                0x0000000000007c90        0xc /home/lagadanu/Desktop/qemu/optee_os/out/arm/export-ta_arm64/lib/libutee.a(utee_syscalls_a64.o)
                0x0000000000007c90                utee_se_reader_close_sessions
 .text.utee_se_session_is_closed
                0x0000000000007c9c        0xc /home/lagadanu/Desktop/qemu/optee_os/out/arm/export-ta_arm64/lib/libutee.a(utee_syscalls_a64.o)
                0x0000000000007c9c                utee_se_session_is_closed
 .text.utee_se_session_get_atr
                0x0000000000007ca8        0xc /home/lagadanu/Desktop/qemu/optee_os/out/arm/export-ta_arm64/lib/libutee.a(utee_syscalls_a64.o)
                0x0000000000007ca8                utee_se_session_get_atr
 .text.utee_se_session_open_channel
                0x0000000000007cb4        0xc /home/lagadanu/Desktop/qemu/optee_os/out/arm/export-ta_arm64/lib/libutee.a(utee_syscalls_a64.o)
                0x0000000000007cb4                utee_se_session_open_channel
 .text.utee_se_session_close
                0x0000000000007cc0        0xc /home/lagadanu/Desktop/qemu/optee_os/out/arm/export-ta_arm64/lib/libutee.a(utee_syscalls_a64.o)
                0x0000000000007cc0                utee_se_session_close
 .text.utee_se_channel_select_next
                0x0000000000007ccc        0xc /home/lagadanu/Desktop/qemu/optee_os/out/arm/export-ta_arm64/lib/libutee.a(utee_syscalls_a64.o)
                0x0000000000007ccc                utee_se_channel_select_next
 .text.utee_se_channel_get_select_resp
                0x0000000000007cd8        0xc /home/lagadanu/Desktop/qemu/optee_os/out/arm/export-ta_arm64/lib/libutee.a(utee_syscalls_a64.o)
                0x0000000000007cd8                utee_se_channel_get_select_resp
 .text.utee_se_channel_transmit
                0x0000000000007ce4        0xc /home/lagadanu/Desktop/qemu/optee_os/out/arm/export-ta_arm64/lib/libutee.a(utee_syscalls_a64.o)
                0x0000000000007ce4                utee_se_channel_transmit
 .text.utee_se_channel_close
                0x0000000000007cf0        0xc /home/lagadanu/Desktop/qemu/optee_os/out/arm/export-ta_arm64/lib/libutee.a(utee_syscalls_a64.o)
                0x0000000000007cf0                utee_se_channel_close
 .text.utee_cache_operation
                0x0000000000007cfc        0xc /home/lagadanu/Desktop/qemu/optee_os/out/arm/export-ta_arm64/lib/libutee.a(utee_syscalls_a64.o)
                0x0000000000007cfc                utee_cache_operation
 .text.__utee_mcount
                0x0000000000007d08        0x4 /home/lagadanu/Desktop/qemu/optee_os/out/arm/export-ta_arm64/lib/libutee.a(gprof_a64.o)
                0x0000000000007d08                __utee_mcount
 .text          0x0000000000007d0c      0x6c4 /home/lagadanu/Desktop/qemu/optee_os/out/arm/export-ta_arm64/lib/libutee.a(tee_api_arith.o)
                0x0000000000007d0c                _TEE_MathAPI_Init
                0x0000000000007d64                TEE_BigIntInit
                0x0000000000007d68                TEE_BigIntInitFMM
                0x0000000000007d7c                TEE_BigIntInitFMMContext
                0x0000000000007db4                TEE_BigIntFMMSizeInU32
                0x0000000000007dc4                TEE_BigIntFMMContextSizeInU32
                0x0000000000007dd8                TEE_BigIntConvertFromOctetString
                0x0000000000007e00                TEE_BigIntConvertToOctetString
                0x0000000000007e40                TEE_BigIntConvertFromS32
                0x0000000000007e44                TEE_BigIntConvertToS32
                0x0000000000007e64                TEE_BigIntCmp
                0x0000000000007e68                TEE_BigIntCmpS32
                0x0000000000007e6c                TEE_BigIntShiftRight
                0x0000000000007e70                TEE_BigIntGetBit
                0x0000000000007e8c                TEE_BigIntGetBitCount
                0x0000000000007ea4                TEE_BigIntAdd
                0x0000000000007eb0                TEE_BigIntSub
                0x0000000000007ebc                TEE_BigIntNeg
                0x0000000000007ec0                TEE_BigIntMul
                0x0000000000007ecc                TEE_BigIntSquare
                0x0000000000007edc                TEE_BigIntDiv
                0x0000000000007f40                TEE_BigIntMod
                0x0000000000007fd4                TEE_BigIntAddMod
                0x000000000000807c                TEE_BigIntSubMod
                0x0000000000008124                TEE_BigIntMulMod
                0x00000000000081f0                TEE_BigIntSquareMod
                0x00000000000081fc                TEE_BigIntInvMod
                0x0000000000008268                TEE_BigIntRelativePrime
                0x00000000000082e0                TEE_BigIntComputeExtendedGcd
                0x00000000000082ec                TEE_BigIntIsProbablePrime
                0x0000000000008310                TEE_BigIntConvertToFMM
                0x000000000000832c                TEE_BigIntConvertFromFMM
                0x00000000000083c0                TEE_BigIntComputeFMM
 .text.unlikely
                0x00000000000083d0       0x28 /home/lagadanu/Desktop/qemu/optee_os/out/arm/export-ta_arm64/lib/libutee.a(tee_api_arith.o)
 .text          0x00000000000083f8      0x194 /home/lagadanu/Desktop/qemu/optee_os/out/arm/export-ta_arm64/lib/libmpa.a(mpa_misc.o)
                0x00000000000083f8                __mpa_set_unused_digits_to_zero
                0x000000000000841c                mpa_wipe
                0x000000000000844c                mpa_copy
                0x00000000000084a0                mpa_abs
                0x00000000000084d0                mpa_highest_bit_index
                0x0000000000008514                mpa_get_bit
                0x0000000000008558                mpa_can_hold
                0x0000000000008574                mpa_parity
                0x0000000000008580                mpa_constant_one
 .text          0x000000000000858c      0x3f0 /home/lagadanu/Desktop/qemu/optee_os/out/arm/export-ta_arm64/lib/libmpa.a(mpa_montgomery.o)
                0x000000000000858c                __mpa_montgomery_mul_add
                0x0000000000008604                __mpa_montgomery_sub_ack
                0x0000000000008694                __mpa_montgomery_mul
                0x00000000000087b8                mpa_compute_fmm_context
                0x00000000000088f4                mpa_montgomery_mul
 .text          0x000000000000897c      0x3ac /home/lagadanu/Desktop/qemu/optee_os/out/arm/export-ta_arm64/lib/libmpa.a(mpa_primetest.o)
                0x000000000000897c                mpa_is_prob_prime
 .text          0x0000000000008d28       0xcc /home/lagadanu/Desktop/qemu/optee_os/out/arm/export-ta_arm64/lib/libmpa.a(mpa_conv.o)
                0x0000000000008d28                mpa_set_S32
                0x0000000000008d54                mpa_get_S32
                0x0000000000008dc8                mpa_set_word
                0x0000000000008ddc                mpa_get_word
 .text          0x0000000000008df4      0x910 /home/lagadanu/Desktop/qemu/optee_os/out/arm/export-ta_arm64/lib/libmpa.a(mpa_div.o)
                0x0000000000008df4                __mpa_div_dword
                0x0000000000008e44                __mpa_div_q_r_internal_word
                0x0000000000008f8c                __mpa_div_q_r
                0x0000000000009614                mpa_div
 .text          0x0000000000009704      0x878 /home/lagadanu/Desktop/qemu/optee_os/out/arm/export-ta_arm64/lib/libmpa.a(mpa_gcd.o)
                0x0000000000009c70                mpa_gcd
                0x0000000000009d90                mpa_extended_gcd
 .text          0x0000000000009f7c       0x78 /home/lagadanu/Desktop/qemu/optee_os/out/arm/export-ta_arm64/lib/libmpa.a(mpa_mem_static.o)
                0x0000000000009f7c                mpa_alloc_static_temp_var_size
                0x0000000000009fc8                mpa_alloc_static_temp_var
                0x0000000000009fd8                mpa_free_static_temp_var
 .text          0x0000000000009ff4      0x36c /home/lagadanu/Desktop/qemu/optee_os/out/arm/export-ta_arm64/lib/libmpa.a(mpa_mul.o)
                0x0000000000009ff4                __mpa_mul_add_word
                0x000000000000a00c                __mpa_mul_add_word_cum
                0x000000000000a02c                __mpa_abs_mul_word
                0x000000000000a0c4                __mpa_abs_mul
                0x000000000000a1b8                mpa_mul
                0x000000000000a29c                mpa_mul_word
 .text          0x000000000000a360      0x170 /home/lagadanu/Desktop/qemu/optee_os/out/arm/export-ta_arm64/lib/libmpa.a(mpa_random.o)
                0x000000000000a360                mpa_get_random
                0x000000000000a46c                mpa_get_random_digits
 .text          0x000000000000a4d0      0x3d0 /home/lagadanu/Desktop/qemu/optee_os/out/arm/export-ta_arm64/lib/libmpa.a(mpa_shift.o)
                0x000000000000a4d0                __mpa_shift_words_left
                0x000000000000a568                __mpa_shift_words_right
                0x000000000000a5cc                mpa_shift_left
                0x000000000000a75c                mpa_shift_right
 .text          0x000000000000a8a0      0x8f4 /home/lagadanu/Desktop/qemu/optee_os/out/arm/export-ta_arm64/lib/libmpa.a(mpa_addsub.o)
                0x000000000000a8a0                __mpa_full_adder
                0x000000000000a8bc                __mpa_full_sub
                0x000000000000a8e0                __mpa_full_adder_ackum
                0x000000000000a900                __mpa_abs_add
                0x000000000000a9f4                __mpa_abs_add_ackum
                0x000000000000aac0                __mpa_abs_sub
                0x000000000000abc4                mpa_add
                0x000000000000ad58                mpa_sub
                0x000000000000aef4                mpa_neg
                0x000000000000af20                mpa_add_word
                0x000000000000b05c                mpa_sub_word
 .text          0x000000000000b194      0x1d0 /home/lagadanu/Desktop/qemu/optee_os/out/arm/export-ta_arm64/lib/libmpa.a(mpa_cmp.o)
                0x000000000000b194                __mpa_abs_cmp
                0x000000000000b244                __mpa_abs_greater_than
                0x000000000000b260                __mpa_abs_less_than
                0x000000000000b278                mpa_cmp
                0x000000000000b2e0                mpa_cmp_short
 .text          0x000000000000b364      0x1bc /home/lagadanu/Desktop/qemu/optee_os/out/arm/export-ta_arm64/lib/libmpa.a(mpa_expmod.o)
                0x000000000000b364                mpa_exp_mod
 .text          0x000000000000b520       0x84 /home/lagadanu/Desktop/qemu/optee_os/out/arm/export-ta_arm64/lib/libmpa.a(mpa_init.o)
                0x000000000000b520                mpa_init_static
                0x000000000000b53c                mpa_init_static_fmm_context
 .text          0x000000000000b5a4      0x73c /home/lagadanu/Desktop/qemu/optee_os/out/arm/export-ta_arm64/lib/libmpa.a(mpa_io.o)
                0x000000000000b738                mpa_get_str_size
                0x000000000000b740                mpa_set_str
                0x000000000000b9d8                mpa_get_str
                0x000000000000ba5c                mpa_set_oct_str
                0x000000000000bb6c                mpa_get_oct_str
 .text          0x000000000000bce0      0x2b8 /home/lagadanu/Desktop/qemu/optee_os/out/arm/export-ta_arm64/lib/libmpa.a(mpa_modulus.o)
                0x000000000000bce0                mpa_mod
                0x000000000000bcf8                mpa_add_mod
                0x000000000000bd7c                mpa_sub_mod
                0x000000000000be00                mpa_mul_mod
                0x000000000000be84                mpa_inv_mod
 .text          0x000000000000bf98     0x15a4 /home/lagadanu/Desktop/qemu/optee_os/out/arm/export-ta_arm64/lib/libmbedtls.a(aes.o)
                0x000000000000c20c                mbedtls_aes_init
                0x000000000000c218                mbedtls_aes_free
                0x000000000000c238                mbedtls_aes_setkey_enc
                0x000000000000c534                mbedtls_aes_setkey_dec
                0x000000000000c68c                mbedtls_internal_aes_encrypt
                0x000000000000cb58                mbedtls_aes_encrypt
                0x000000000000cb5c                mbedtls_internal_aes_decrypt
                0x000000000000d038                mbedtls_aes_decrypt
                0x000000000000d03c                mbedtls_aes_crypt_ecb
                0x000000000000d058                mbedtls_aes_crypt_cbc
                0x000000000000d21c                mbedtls_aes_self_test
 .text          0x000000000000d53c      0x400 /home/lagadanu/Desktop/qemu/optee_os/out/arm/export-ta_arm64/lib/libmbedtls.a(base64.o)
                0x000000000000d674                mbedtls_base64_encode
                0x000000000000d688                mbedtls_base64_decode
                0x000000000000d84c                mbedtls_base64_self_test
 .text          0x000000000000d93c     0x33a8 /home/lagadanu/Desktop/qemu/optee_os/out/arm/export-ta_arm64/lib/libmbedtls.a(bignum.o)
                0x000000000000dedc                mbedtls_mpi_init
                0x000000000000def0                mbedtls_mpi_free
                0x000000000000df4c                mbedtls_mpi_grow
                0x000000000000dff4                mbedtls_mpi_shrink
                0x000000000000e0d4                mbedtls_mpi_copy
                0x000000000000e170                mbedtls_mpi_swap
                0x000000000000e1d0                mbedtls_mpi_safe_cond_assign
                0x000000000000e290                mbedtls_mpi_safe_cond_swap
                0x000000000000e36c                mbedtls_mpi_lset
                0x000000000000e3d4                mbedtls_mpi_get_bit
                0x000000000000e404                mbedtls_mpi_set_bit
                0x000000000000e49c                mbedtls_mpi_lsb
                0x000000000000e4f0                mbedtls_mpi_bitlen
                0x000000000000e55c                mbedtls_mpi_size
                0x000000000000e578                mbedtls_mpi_read_binary
                0x000000000000e624                mbedtls_mpi_write_binary
                0x000000000000e6b0                mbedtls_mpi_shift_l
                0x000000000000e7b0                mbedtls_mpi_shift_r
                0x000000000000e864                mbedtls_mpi_cmp_abs
                0x000000000000ea80                mbedtls_mpi_cmp_mpi
                0x000000000000eb70                mbedtls_mpi_cmp_int
                0x000000000000ebb0                mbedtls_mpi_add_abs
                0x000000000000ecec                mbedtls_mpi_sub_abs
                0x000000000000edd0                mbedtls_mpi_add_mpi
                0x000000000000ee58                mbedtls_mpi_sub_mpi
                0x000000000000eee4                mbedtls_mpi_add_int
                0x000000000000ef24                mbedtls_mpi_sub_int
                0x000000000000ef64                mbedtls_mpi_mul_mpi
                0x000000000000f0c0                mbedtls_mpi_mul_int
                0x000000000000f0f4                mbedtls_mpi_read_string
                0x000000000000f2dc                mbedtls_mpi_div_mpi
                0x000000000000f7e0                mbedtls_mpi_div_int
                0x000000000000f820                mbedtls_mpi_mod_mpi
                0x000000000000f8d4                mbedtls_mpi_mod_int
                0x000000000000fa50                mbedtls_mpi_write_string
                0x000000000000fc30                mbedtls_mpi_exp_mod
                0x00000000000102b8                mbedtls_mpi_gcd
                0x0000000000010468                mbedtls_mpi_fill_random
                0x00000000000104d4                mbedtls_mpi_inv_mod
                0x00000000000108f0                mbedtls_mpi_self_test
 .text          0x0000000000010ce4     0x1594 /home/lagadanu/Desktop/qemu/optee_os/out/arm/export-ta_arm64/lib/libmbedtls.a(des.o)
                0x0000000000010d00                mbedtls_des_init
                0x0000000000010d0c                mbedtls_des_free
                0x0000000000010d1c                mbedtls_des3_init
                0x0000000000010d28                mbedtls_des3_free
                0x0000000000010d38                mbedtls_des_key_set_parity
                0x0000000000010d64                mbedtls_des_key_check_key_parity
                0x0000000000010da0                mbedtls_des_key_check_weak
                0x0000000000010e00                mbedtls_des_setkey
                0x00000000000112e4                mbedtls_des_setkey_enc
                0x00000000000112fc                mbedtls_des_setkey_dec
                0x000000000001135c                mbedtls_des3_set2key_enc
                0x0000000000011394                mbedtls_des3_set2key_dec
                0x00000000000113d0                mbedtls_des3_set3key_enc
                0x0000000000011408                mbedtls_des3_set3key_dec
                0x0000000000011444                mbedtls_des_crypt_ecb
                0x0000000000011688                mbedtls_des_crypt_cbc
                0x00000000000117f8                mbedtls_des3_crypt_ecb
                0x0000000000011c80                mbedtls_des3_crypt_cbc
                0x0000000000011ddc                mbedtls_des_self_test
 .text          0x0000000000012278      0xf60 /home/lagadanu/Desktop/qemu/optee_os/out/arm/export-ta_arm64/lib/libmbedtls.a(md5.o)
                0x0000000000012278                mbedtls_md5_init
                0x0000000000012284                mbedtls_md5_free
                0x00000000000122a4                mbedtls_md5_clone
                0x00000000000122bc                mbedtls_md5_starts
                0x00000000000122f4                mbedtls_md5_process
                0x0000000000012f6c                mbedtls_md5_update
                0x0000000000012f78                mbedtls_md5_finish
                0x00000000000130a4                mbedtls_md5
                0x0000000000013108                mbedtls_md5_self_test
 .text          0x00000000000131d8      0x4c4 /home/lagadanu/Desktop/qemu/optee_os/out/arm/export-ta_arm64/lib/libmbedtls.a(pk.o)
                0x00000000000131d8                mbedtls_pk_init
                0x00000000000131e4                mbedtls_pk_free
                0x0000000000013238                mbedtls_pk_info_from_type
                0x0000000000013288                mbedtls_pk_setup
                0x00000000000132ec                mbedtls_pk_can_do
                0x000000000001330c                mbedtls_pk_verify
                0x00000000000133b4                mbedtls_pk_verify_ext
                0x0000000000013478                mbedtls_pk_sign
                0x000000000001353c                mbedtls_pk_decrypt
                0x0000000000013568                mbedtls_pk_encrypt
                0x0000000000013594                mbedtls_pk_check_pair
                0x00000000000135f4                mbedtls_pk_get_bitlen
                0x0000000000013614                mbedtls_pk_debug
                0x000000000001365c                mbedtls_pk_get_name
                0x000000000001367c                mbedtls_pk_get_type
 .text          0x000000000001369c      0x434 /home/lagadanu/Desktop/qemu/optee_os/out/arm/export-ta_arm64/lib/libmbedtls.a(pk_wrap.o)
 .text          0x0000000000013ad0      0xbb4 /home/lagadanu/Desktop/qemu/optee_os/out/arm/export-ta_arm64/lib/libmbedtls.a(pkparse.o)
                0x0000000000014120                mbedtls_pk_parse_subpubkey
                0x0000000000014334                mbedtls_pk_parse_key
                0x00000000000145cc                mbedtls_pk_parse_public_key
 .text          0x0000000000014684     0x17c8 /home/lagadanu/Desktop/qemu/optee_os/out/arm/export-ta_arm64/lib/libmbedtls.a(rsa.o)
                0x00000000000149dc                mbedtls_rsa_init
                0x0000000000014a1c                mbedtls_rsa_set_padding
                0x0000000000014a28                mbedtls_rsa_check_pubkey
                0x0000000000014ac4                mbedtls_rsa_check_privkey
                0x0000000000014b14                mbedtls_rsa_check_pub_priv
                0x0000000000014b6c                mbedtls_rsa_public
                0x0000000000014c2c                mbedtls_rsa_private
                0x00000000000150dc                mbedtls_rsa_rsaes_pkcs1_v15_encrypt
                0x0000000000015274                mbedtls_rsa_pkcs1_encrypt
                0x0000000000015288                mbedtls_rsa_rsaes_pkcs1_v15_decrypt
                0x0000000000015444                mbedtls_rsa_pkcs1_decrypt
                0x0000000000015458                mbedtls_rsa_rsassa_pkcs1_v15_sign
                0x00000000000156d0                mbedtls_rsa_pkcs1_sign
                0x00000000000156e4                mbedtls_rsa_rsassa_pkcs1_v15_verify
                0x0000000000015990                mbedtls_rsa_pkcs1_verify
                0x00000000000159a4                mbedtls_rsa_free
                0x0000000000015a24                mbedtls_rsa_copy
                0x0000000000015b80                mbedtls_rsa_self_test
 .text          0x0000000000015e4c     0x15f8 /home/lagadanu/Desktop/qemu/optee_os/out/arm/export-ta_arm64/lib/libmbedtls.a(sha1.o)
                0x0000000000015e4c                mbedtls_sha1_init
                0x0000000000015e58                mbedtls_sha1_free
                0x0000000000015e78                mbedtls_sha1_clone
                0x0000000000015e90                mbedtls_sha1_starts
                0x0000000000015ed4                mbedtls_sha1_process
                0x000000000001713c                mbedtls_sha1_update
                0x0000000000017148                mbedtls_sha1_finish
                0x0000000000017298                mbedtls_sha1
                0x00000000000172fc                mbedtls_sha1_self_test
 .text          0x0000000000017444      0xdb4 /home/lagadanu/Desktop/qemu/optee_os/out/arm/export-ta_arm64/lib/libmbedtls.a(sha256.o)
                0x0000000000017444                mbedtls_sha256_init
                0x0000000000017450                mbedtls_sha256_free
                0x0000000000017470                mbedtls_sha256_clone
                0x0000000000017488                mbedtls_sha256_starts
                0x0000000000017558                mbedtls_sha256_process
                0x0000000000017e08                mbedtls_sha256_update
                0x0000000000017e14                mbedtls_sha256_finish
                0x0000000000017fdc                mbedtls_sha256
                0x0000000000018050                mbedtls_sha256_self_test
 .text          0x00000000000181f8      0xb50 /home/lagadanu/Desktop/qemu/optee_os/out/arm/export-ta_arm64/lib/libmbedtls.a(x509.o)
                0x0000000000018258                mbedtls_x509_get_serial
                0x00000000000182f0                mbedtls_x509_get_alg_null
                0x0000000000018314                mbedtls_x509_get_alg
                0x0000000000018338                mbedtls_x509_get_name
                0x00000000000184fc                mbedtls_x509_get_time
                0x000000000001871c                mbedtls_x509_get_sig
                0x0000000000018794                mbedtls_x509_get_sig_alg
                0x0000000000018800                mbedtls_x509_get_ext
                0x00000000000188a0                mbedtls_x509_dn_gets
                0x0000000000018a58                mbedtls_x509_serial_gets
                0x0000000000018b68                mbedtls_x509_sig_alg_gets
                0x0000000000018be4                mbedtls_x509_key_size_helper
                0x0000000000018c28                mbedtls_x509_time_is_past
                0x0000000000018c30                mbedtls_x509_time_is_future
                0x0000000000018c38                mbedtls_x509_self_test
 .text          0x0000000000018d48     0x2244 /home/lagadanu/Desktop/qemu/optee_os/out/arm/export-ta_arm64/lib/libmbedtls.a(x509_crt.o)
                0x0000000000018fe4                mbedtls_x509_crt_info
                0x0000000000019950                mbedtls_x509_crt_verify_info
                0x0000000000019a34                mbedtls_x509_crt_check_key_usage
                0x000000000001a0e0                mbedtls_x509_crt_verify_with_profile
                0x000000000001a3b0                mbedtls_x509_crt_verify
                0x000000000001a3cc                mbedtls_x509_crt_init
                0x000000000001a3d8                mbedtls_x509_crt_free
                0x000000000001a4fc                mbedtls_x509_crt_parse_der
                0x000000000001ae04                mbedtls_x509_crt_parse
 .text.unlikely
                0x000000000001af8c       0x74 /home/lagadanu/Desktop/qemu/optee_os/out/arm/export-ta_arm64/lib/libmbedtls.a(x509_crt.o)
 .text          0x000000000001b000      0x59c /home/lagadanu/Desktop/qemu/optee_os/out/arm/export-ta_arm64/lib/libmbedtls.a(x509_csr.o)
                0x000000000001b000                mbedtls_x509_csr_info
                0x000000000001b18c                mbedtls_x509_csr_init
                0x000000000001b198                mbedtls_x509_csr_free
                0x000000000001b23c                mbedtls_x509_csr_parse_der
                0x000000000001b4c8                mbedtls_x509_csr_parse
 .text          0x000000000001b59c      0xa8c /home/lagadanu/Desktop/qemu/optee_os/out/arm/export-ta_arm64/lib/libmbedtls.a(x509write_crt.o)
                0x000000000001b664                mbedtls_x509write_crt_init
                0x000000000001b69c                mbedtls_x509write_crt_free
                0x000000000001b6f0                mbedtls_x509write_crt_set_version
                0x000000000001b6f8                mbedtls_x509write_crt_set_md_alg
                0x000000000001b700                mbedtls_x509write_crt_set_subject_key
                0x000000000001b708                mbedtls_x509write_crt_set_issuer_key
                0x000000000001b710                mbedtls_x509write_crt_set_subject_name
                0x000000000001b718                mbedtls_x509write_crt_set_issuer_name
                0x000000000001b720                mbedtls_x509write_crt_set_serial
                0x000000000001b728                mbedtls_x509write_crt_set_validity
                0x000000000001b7b0                mbedtls_x509write_crt_set_extension
                0x000000000001b7b8                mbedtls_x509write_crt_set_basic_constraints
                0x000000000001b8b0                mbedtls_x509write_crt_set_subject_key_identifier
                0x000000000001b998                mbedtls_x509write_crt_set_authority_key_identifier
                0x000000000001bab4                mbedtls_x509write_crt_set_key_usage
                0x000000000001bb2c                mbedtls_x509write_crt_set_ns_cert_type
                0x000000000001bb94                mbedtls_x509write_crt_der
                0x000000000001bfac                mbedtls_x509write_crt_pem
 .text          0x000000000001c028      0x684 /home/lagadanu/Desktop/qemu/optee_os/out/arm/export-ta_arm64/lib/libmbedtls.a(asn1parse.o)
                0x000000000001c028                mbedtls_asn1_get_len
                0x000000000001c140                mbedtls_asn1_get_tag
                0x000000000001c178                mbedtls_asn1_get_bool
                0x000000000001c1d4                mbedtls_asn1_get_int
                0x000000000001c258                mbedtls_asn1_get_mpi
                0x000000000001c2a8                mbedtls_asn1_get_bitstring
                0x000000000001c334                mbedtls_asn1_get_bitstring_null
                0x000000000001c38c                mbedtls_asn1_get_sequence_of
                0x000000000001c478                mbedtls_asn1_get_alg
                0x000000000001c57c                mbedtls_asn1_get_alg_null
                0x000000000001c5c4                mbedtls_asn1_free_named_data
                0x000000000001c610                mbedtls_asn1_free_named_data_list
                0x000000000001c650                mbedtls_asn1_find_named_data
 .text          0x000000000001c6ac      0x8f8 /home/lagadanu/Desktop/qemu/optee_os/out/arm/export-ta_arm64/lib/libmbedtls.a(asn1write.o)
                0x000000000001c6ac                mbedtls_asn1_write_len
                0x000000000001c878                mbedtls_asn1_write_tag
                0x000000000001c8a8                mbedtls_asn1_write_raw_buffer
                0x000000000001c908                mbedtls_asn1_write_mpi
                0x000000000001c9e0                mbedtls_asn1_write_null
                0x000000000001ca38                mbedtls_asn1_write_oid
                0x000000000001caa0                mbedtls_asn1_write_algorithm_identifier
                0x000000000001cb40                mbedtls_asn1_write_bool
                0x000000000001cbc4                mbedtls_asn1_write_int
                0x000000000001cc80                mbedtls_asn1_write_printable_string
                0x000000000001cce8                mbedtls_asn1_write_ia5_string
                0x000000000001cd50                mbedtls_asn1_write_bitstring
                0x000000000001ce1c                mbedtls_asn1_write_octet_string
                0x000000000001ce84                mbedtls_asn1_store_named_data
 .text          0x000000000001cfa4      0x844 /home/lagadanu/Desktop/qemu/optee_os/out/arm/export-ta_arm64/lib/libmbedtls.a(ecdsa.o)
                0x000000000001d054                mbedtls_ecdsa_sign
                0x000000000001d2c0                mbedtls_ecdsa_verify
                0x000000000001d4d0                mbedtls_ecdsa_write_signature
                0x000000000001d614                mbedtls_ecdsa_read_signature
                0x000000000001d71c                mbedtls_ecdsa_genkey
                0x000000000001d778                mbedtls_ecdsa_from_keypair
                0x000000000001d7e0                mbedtls_ecdsa_init
                0x000000000001d7e4                mbedtls_ecdsa_free
 .text          0x000000000001d7e8     0x2eb0 /home/lagadanu/Desktop/qemu/optee_os/out/arm/export-ta_arm64/lib/libmbedtls.a(ecp.o)
                0x000000000001e658                mbedtls_ecp_curve_list
                0x000000000001e664                mbedtls_ecp_grp_id_list
                0x000000000001e6bc                mbedtls_ecp_curve_info_from_grp_id
                0x000000000001e6e8                mbedtls_ecp_curve_info_from_tls_id
                0x000000000001e718                mbedtls_ecp_curve_info_from_name
                0x000000000001e764                mbedtls_ecp_point_init
                0x000000000001e798                mbedtls_ecp_group_init
                0x000000000001e7ac                mbedtls_ecp_keypair_init
                0x000000000001e7e0                mbedtls_ecp_point_free
                0x000000000001e814                mbedtls_ecp_group_free
                0x000000000001e8c0                mbedtls_ecp_keypair_free
                0x000000000001e8f4                mbedtls_ecp_copy
                0x000000000001e940                mbedtls_ecp_group_copy
                0x000000000001e948                mbedtls_ecp_set_zero
                0x000000000001f724                mbedtls_ecp_is_zero
                0x000000000001f748                mbedtls_ecp_point_cmp
                0x000000000001f794                mbedtls_ecp_point_read_string
                0x000000000001f7f4                mbedtls_ecp_point_write_binary
                0x000000000001f904                mbedtls_ecp_point_read_binary
                0x000000000001f9cc                mbedtls_ecp_tls_read_point
                0x000000000001fa14                mbedtls_ecp_tls_write_point
                0x000000000001fa64                mbedtls_ecp_tls_read_group
                0x000000000001fae8                mbedtls_ecp_tls_write_group
                0x000000000001fb54                mbedtls_ecp_check_pubkey
                0x000000000001fdc4                mbedtls_ecp_check_privkey
                0x000000000001fe20                mbedtls_ecp_mul
                0x000000000001ffb8                mbedtls_ecp_muladd
                0x000000000002008c                mbedtls_ecp_gen_keypair_base
                0x0000000000020198                mbedtls_ecp_gen_keypair
                0x00000000000201b0                mbedtls_ecp_gen_key
                0x0000000000020210                mbedtls_ecp_check_pub_priv
                0x000000000002032c                mbedtls_ecp_self_test
 .text          0x0000000000020698      0x704 /home/lagadanu/Desktop/qemu/optee_os/out/arm/export-ta_arm64/lib/libmbedtls.a(ecp_curves.o)
                0x0000000000020840                mbedtls_ecp_group_load
 .text          0x0000000000020d9c      0x784 /home/lagadanu/Desktop/qemu/optee_os/out/arm/export-ta_arm64/lib/libmbedtls.a(md.o)
                0x0000000000020d9c                mbedtls_md_list
                0x0000000000020da8                mbedtls_md_info_from_string
                0x0000000000020e64                mbedtls_md_info_from_type
                0x0000000000020eb4                mbedtls_md_init
                0x0000000000020ec0                mbedtls_md_free
                0x0000000000020f48                mbedtls_md_clone
                0x0000000000020fa8                mbedtls_md_setup
                0x0000000000021034                mbedtls_md_init_ctx
                0x000000000002103c                mbedtls_md_starts
                0x000000000002107c                mbedtls_md_update
                0x00000000000210bc                mbedtls_md_finish
                0x00000000000210fc                mbedtls_md
                0x0000000000021134                mbedtls_md_hmac_starts
                0x0000000000021288                mbedtls_md_hmac_update
                0x00000000000212d0                mbedtls_md_hmac_finish
                0x000000000002138c                mbedtls_md_hmac_reset
                0x00000000000213f8                mbedtls_md_hmac
                0x00000000000214a4                mbedtls_md_process
                0x00000000000214e4                mbedtls_md_get_size
                0x00000000000214f8                mbedtls_md_get_type
                0x000000000002150c                mbedtls_md_get_name
 .text          0x0000000000021520      0x160 /home/lagadanu/Desktop/qemu/optee_os/out/arm/export-ta_arm64/lib/libmbedtls.a(md_wrap.o)
 .text          0x0000000000021680      0x644 /home/lagadanu/Desktop/qemu/optee_os/out/arm/export-ta_arm64/lib/libmbedtls.a(oid.o)
                0x00000000000216dc                mbedtls_oid_get_attr_short_name
                0x0000000000021758                mbedtls_oid_get_x509_ext_type
                0x00000000000217d4                mbedtls_oid_get_extended_key_usage
                0x0000000000021850                mbedtls_oid_get_sig_alg_desc
                0x0000000000021888                mbedtls_oid_get_sig_alg
                0x00000000000218c8                mbedtls_oid_get_oid_by_sig_alg
                0x0000000000021914                mbedtls_oid_get_pk_alg
                0x0000000000021990                mbedtls_oid_get_oid_by_pk_alg
                0x00000000000219d4                mbedtls_oid_get_ec_grp
                0x0000000000021a50                mbedtls_oid_get_oid_by_ec_grp
                0x0000000000021a94                mbedtls_oid_get_cipher_alg
                0x0000000000021b10                mbedtls_oid_get_md_alg
                0x0000000000021b8c                mbedtls_oid_get_oid_by_md
                0x0000000000021bd0                mbedtls_oid_get_numeric_string
 .text          0x0000000000021cc4      0xa08 /home/lagadanu/Desktop/qemu/optee_os/out/arm/export-ta_arm64/lib/libmbedtls.a(pem.o)
                0x0000000000022034                mbedtls_pem_init
                0x0000000000022040                mbedtls_pem_read_buffer
                0x00000000000224f8                mbedtls_pem_free
                0x000000000002252c                mbedtls_pem_write_buffer
 .text          0x00000000000226cc      0x7bc /home/lagadanu/Desktop/qemu/optee_os/out/arm/export-ta_arm64/lib/libmbedtls.a(pkwrite.o)
                0x0000000000022794                mbedtls_pk_write_pubkey
                0x0000000000022884                mbedtls_pk_write_pubkey_der
                0x00000000000229c8                mbedtls_pk_write_key_der
                0x0000000000022d40                mbedtls_pk_write_pubkey_pem
                0x0000000000022db4                mbedtls_pk_write_key_pem
 .text          0x0000000000022e88      0x608 /home/lagadanu/Desktop/qemu/optee_os/out/arm/export-ta_arm64/lib/libmbedtls.a(x509_create.o)
                0x0000000000022e88                mbedtls_x509_string_to_names
                0x0000000000023020                mbedtls_x509_set_extension
                0x0000000000023084                mbedtls_x509_write_names
                0x0000000000023218                mbedtls_x509_write_sig
                0x0000000000023310                mbedtls_x509_write_extensions
 .text          0x0000000000023490     0x10b4 /home/lagadanu/Desktop/qemu/optee_os/out/arm/export-ta_arm64/lib/libutils.a(bget_malloc.o)
                0x00000000000235e0                bget
                0x00000000000237fc                bgetz
                0x0000000000023884                brel
                0x0000000000023b20                bgetr
                0x0000000000023be8                bpool
                0x0000000000023cbc                bstats
                0x0000000000023d54                malloc_reset_stats
                0x0000000000023d6c                malloc_get_stats
                0x0000000000023d9c                malloc
                0x0000000000023da0                free
                0x0000000000023db4                calloc
                0x0000000000023e24                realloc
                0x0000000000023e80                memalign
                0x0000000000024228                malloc_add_pool
                0x0000000000024358                malloc_buffer_is_within_alloced
                0x00000000000244d8                malloc_buffer_overlaps_heap
 .text          0x0000000000024544       0x34 /home/lagadanu/Desktop/qemu/optee_os/out/arm/export-ta_arm64/lib/libutils.a(memcmp.o)
                0x0000000000024544                memcmp
 .text          0x0000000000024578       0x4c /home/lagadanu/Desktop/qemu/optee_os/out/arm/export-ta_arm64/lib/libutils.a(memmove.o)
                0x0000000000024578                memmove
 .text          0x00000000000245c4       0x1c /home/lagadanu/Desktop/qemu/optee_os/out/arm/export-ta_arm64/lib/libutils.a(memset.o)
                0x00000000000245c4                memset
 .text          0x00000000000245e0       0x30 /home/lagadanu/Desktop/qemu/optee_os/out/arm/export-ta_arm64/lib/libutils.a(strcmp.o)
                0x00000000000245e0                strcmp
 .text          0x0000000000024610       0x38 /home/lagadanu/Desktop/qemu/optee_os/out/arm/export-ta_arm64/lib/libutils.a(strncmp.o)
                0x0000000000024610                strncmp
 .text          0x0000000000024648       0x4c /home/lagadanu/Desktop/qemu/optee_os/out/arm/export-ta_arm64/lib/libutils.a(strstr.o)
                0x0000000000024648                strstr
 .text          0x0000000000024694       0x38 /home/lagadanu/Desktop/qemu/optee_os/out/arm/export-ta_arm64/lib/libutils.a(strncpy.o)
                0x0000000000024694                strncpy
 .text          0x00000000000246cc       0x40 /home/lagadanu/Desktop/qemu/optee_os/out/arm/export-ta_arm64/lib/libutils.a(buf_compare_ct.o)
                0x00000000000246cc                buf_compare_ct
 .text          0x000000000002470c      0x128 /home/lagadanu/Desktop/qemu/optee_os/out/arm/export-ta_arm64/lib/libutils.a(mempool.o)
                0x000000000002470c                mempool_alloc_pool
                0x0000000000024774                mempool_alloc
                0x00000000000247f4                mempool_free
 .text          0x0000000000024834       0x58 /home/lagadanu/Desktop/qemu/optee_os/out/arm/export-ta_arm64/lib/libutee.a(assert.o)
                0x0000000000024834                _assert_log
                0x0000000000024878                _assert_break
 .text          0x000000000002488c        0x0 out//ca_crt.o
 .text          0x000000000002488c        0x0 out//mid_crt.o
 .text          0x000000000002488c        0x0 out//mid_key.o
 .text          0x000000000002488c        0x0 /home/lagadanu/Desktop/qemu/optee_os/out/arm/export-ta_arm64/lib/libutee.a(utee_syscalls_a64.o)
 .text          0x000000000002488c        0x0 /home/lagadanu/Desktop/qemu/optee_os/out/arm/export-ta_arm64/lib/libutee.a(gprof_a64.o)
 .text          0x000000000002488c        0x0 /home/lagadanu/Desktop/qemu/optee_os/out/arm/export-ta_arm64/lib/libmbedtls.a(certs.o)
 *(SORT(.stub))
 *(SORT(.glue_7))
 *(SORT(.glue_7t))
 *(SORT(.gnu.linkonce.t.*))
 *(SORT(.vfp11_veneer))
                [!provide]                        PROVIDE (_mcount, __utee_mcount)
                0x000000000002488c                __text_end = .

.plt            0x000000000002488c        0x0
 *(SORT(.plt))
 .plt           0x000000000002488c        0x0 out/aes_impl.o

.eh_frame
 *(SORT(.eh_frame))

.rodata         0x0000000000024890     0xfdef
 *(SORT(.gnu.linkonce.r.*))
 *(SORT(.rodata) SORT(.rodata.*))
 .rodata.aes_impl.c
                0x0000000000024890     0x5050 out/aes_impl.o
 .rodata.aes_taf.c
                0x00000000000298e0       0x20 out/aes_taf.o
                0x00000000000298e0                key
 .rodata.seed_rng_taf.c
                0x0000000000029900       0x1e out/seed_rng_taf.o
 *fill*         0x000000000002991e        0x2 
 .rodata.mbedtls_taf.c
                0x0000000000029920       0x9b out/mbedtls_taf.o
 *fill*         0x00000000000299bb        0x5 
 .rodata.user_ta_header.c
                0x00000000000299c0       0x23 out/user_ta_header.o
                0x00000000000299c0                ta_num_props
                0x00000000000299d8                ta_heap_size
                0x00000000000299e0                trace_ext_prefix
 *fill*         0x00000000000299e3        0x5 
 .rodata.out//ca_crt.c
                0x00000000000299e8      0x4d5 out//ca_crt.o
                0x00000000000299e8                ca_crt_size
                0x00000000000299f0                ca_crt
 *fill*         0x0000000000029ebd        0x3 
 .rodata.out//mid_crt.c
                0x0000000000029ec0      0x47f out//mid_crt.o
                0x0000000000029ec0                mid_crt_size
                0x0000000000029ec8                mid_crt
 *fill*         0x000000000002a33f        0x1 
 .rodata.out//mid_key.c
                0x000000000002a340      0x6b0 out//mid_key.o
                0x000000000002a340                mid_key_size
                0x000000000002a348                mid_key
 .rodata.lib/libutils/ext/snprintk.c
                0x000000000002a9f0       0x29 /home/lagadanu/Desktop/qemu/optee_os/out/arm/export-ta_arm64/lib/libutils.a(snprintk.o)
 *fill*         0x000000000002aa19        0x7 
 .rodata.lib/libutils/ext/trace.c
                0x000000000002aa20        0x5 /home/lagadanu/Desktop/qemu/optee_os/out/arm/export-ta_arm64/lib/libutils.a(trace.o)
 *fill*         0x000000000002aa25        0x3 
 .rodata.lib/libutee/tee_api.c
                0x000000000002aa28       0x1b /home/lagadanu/Desktop/qemu/optee_os/out/arm/export-ta_arm64/lib/libutee.a(tee_api.o)
 *fill*         0x000000000002aa43        0x5 
 .rodata.lib/libmpa/mpa_misc.c
                0x000000000002aa48       0x2c /home/lagadanu/Desktop/qemu/optee_os/out/arm/export-ta_arm64/lib/libmpa.a(mpa_misc.o)
                0x000000000002aa48                const_one
                0x000000000002aa58                Const_1_LShift_Base
                0x000000000002aa68                const_largest_deci_base
 *fill*         0x000000000002aa74        0x4 
 .rodata.lib/libmpa/mpa_primetest.c
                0x000000000002aa78      0xd38 /home/lagadanu/Desktop/qemu/optee_os/out/arm/export-ta_arm64/lib/libmpa.a(mpa_primetest.o)
                0x000000000002aa78                PRIME_TABLE
                0x000000000002b7a8                NR_STORED_PRIMES
                0x000000000002b7ac                MAX_TABULATED_PRIME
 .rodata.lib/libmpa/mpa_io.c
                0x000000000002b7b0       0x1c /home/lagadanu/Desktop/qemu/optee_os/out/arm/export-ta_arm64/lib/libmpa.a(mpa_io.o)
 *fill*         0x000000000002b7cc        0x4 
 .rodata.lib/libmbedtls/mbedtls/library/aes.c
                0x000000000002b7d0       0xc0 /home/lagadanu/Desktop/qemu/optee_os/out/arm/export-ta_arm64/lib/libmbedtls.a(aes.o)
 .rodata.lib/libmbedtls/mbedtls/library/base64.c
                0x000000000002b890      0x159 /home/lagadanu/Desktop/qemu/optee_os/out/arm/export-ta_arm64/lib/libmbedtls.a(base64.o)
 *fill*         0x000000000002b9e9        0x7 
 .rodata.lib/libmbedtls/mbedtls/library/bignum.c
                0x000000000002b9f0       0x24 /home/lagadanu/Desktop/qemu/optee_os/out/arm/export-ta_arm64/lib/libmbedtls.a(bignum.o)
 *fill*         0x000000000002ba14        0x4 
 .rodata.lib/libmbedtls/mbedtls/library/des.c
                0x000000000002ba18      0xa18 /home/lagadanu/Desktop/qemu/optee_os/out/arm/export-ta_arm64/lib/libmbedtls.a(des.o)
 .rodata.lib/libmbedtls/mbedtls/library/md5.c
                0x000000000002c430      0x308 /home/lagadanu/Desktop/qemu/optee_os/out/arm/export-ta_arm64/lib/libmbedtls.a(md5.o)
 .rodata.lib/libmbedtls/mbedtls/library/sha1.c
                0x000000000002c738      0x13c /home/lagadanu/Desktop/qemu/optee_os/out/arm/export-ta_arm64/lib/libmbedtls.a(sha1.o)
 *fill*         0x000000000002c874        0x4 
 .rodata.lib/libmbedtls/mbedtls/library/sha256.c
                0x000000000002c878      0x2c0 /home/lagadanu/Desktop/qemu/optee_os/out/arm/export-ta_arm64/lib/libmbedtls.a(sha256.o)
 .rodata.lib/libmbedtls/mbedtls/library/x509_crt.c
                0x000000000002cb38       0x30 /home/lagadanu/Desktop/qemu/optee_os/out/arm/export-ta_arm64/lib/libmbedtls.a(x509_crt.o)
                0x000000000002cb38                mbedtls_x509_crt_profile_default
                0x000000000002cb48                mbedtls_x509_crt_profile_suiteb
                0x000000000002cb58                mbedtls_x509_crt_profile_next
 .rodata.lib/libmbedtls/mbedtls/library/ecp_curves.c
                0x000000000002cb68      0x918 /home/lagadanu/Desktop/qemu/optee_os/out/arm/export-ta_arm64/lib/libmbedtls.a(ecp_curves.o)
 .rodata.lib/libmbedtls/mbedtls/library/md.c
                0x000000000002d480       0x1c /home/lagadanu/Desktop/qemu/optee_os/out/arm/export-ta_arm64/lib/libmbedtls.a(md.o)
 *fill*         0x000000000002d49c        0x4 
 .rodata.lib/libmbedtls/mbedtls/library/certs.c
                0x000000000002d4a0     0x494b /home/lagadanu/Desktop/qemu/optee_os/out/arm/export-ta_arm64/lib/libmbedtls.a(certs.o)
                0x000000000002d4a0                mbedtls_test_cli_key_len
                0x000000000002d4a8                mbedtls_test_cli_crt_len
                0x000000000002d4b0                mbedtls_test_srv_key_len
                0x000000000002d4b8                mbedtls_test_srv_crt_len
                0x000000000002d4c0                mbedtls_test_ca_pwd_len
                0x000000000002d4c8                mbedtls_test_ca_key_len
                0x000000000002d4d0                mbedtls_test_ca_crt_len
                0x000000000002d4d8                mbedtls_test_cas_len
                0x000000000002d4f8                mbedtls_test_cas_pem_len
                0x000000000002d500                mbedtls_test_cas_pem
                0x000000000002e2a8                mbedtls_test_cli_key_rsa_len
                0x000000000002e2b0                mbedtls_test_cli_key_rsa
                0x000000000002e960                mbedtls_test_cli_crt_rsa_len
                0x000000000002e968                mbedtls_test_cli_crt_rsa
                0x000000000002ee80                mbedtls_test_srv_key_rsa_len
                0x000000000002ee88                mbedtls_test_srv_key_rsa
                0x000000000002f538                mbedtls_test_srv_crt_rsa_len
                0x000000000002f540                mbedtls_test_srv_crt_rsa
                0x000000000002f9f0                mbedtls_test_ca_pwd_rsa_len
                0x000000000002f9f8                mbedtls_test_ca_pwd_rsa
                0x000000000002fa08                mbedtls_test_ca_key_rsa_len
                0x000000000002fa10                mbedtls_test_ca_key_rsa
                0x0000000000030b48                mbedtls_test_ca_crt_rsa_len
                0x0000000000030b50                mbedtls_test_ca_crt_rsa
                0x0000000000031070                mbedtls_test_cli_key_ec_len
                0x0000000000031078                mbedtls_test_cli_key_ec
                0x0000000000031168                mbedtls_test_cli_crt_ec_len
                0x0000000000031170                mbedtls_test_cli_crt_ec
                0x00000000000314b0                mbedtls_test_srv_key_ec_len
                0x00000000000314b8                mbedtls_test_srv_key_ec
                0x00000000000315a8                mbedtls_test_srv_crt_ec_len
                0x00000000000315b0                mbedtls_test_srv_crt_ec
                0x00000000000318e0                mbedtls_test_ca_pwd_ec_len
                0x00000000000318e8                mbedtls_test_ca_pwd_ec
                0x00000000000318f8                mbedtls_test_ca_key_ec_len
                0x0000000000031900                mbedtls_test_ca_key_ec
                0x0000000000031a70                mbedtls_test_ca_crt_ec_len
                0x0000000000031a78                mbedtls_test_ca_crt_ec
 *fill*         0x0000000000031deb        0x5 
 .rodata.lib/libutils/isoc/bget_malloc.c
                0x0000000000031df0       0xab /home/lagadanu/Desktop/qemu/optee_os/out/arm/export-ta_arm64/lib/libutils.a(bget_malloc.o)
 *fill*         0x0000000000031e9b        0x5 
 .rodata.lib/libutils/ext/mempool.c
                0x0000000000031ea0       0x13 /home/lagadanu/Desktop/qemu/optee_os/out/arm/export-ta_arm64/lib/libutils.a(mempool.o)
 *fill*         0x0000000000031eb3        0x1 
 .rodata.ta_entry.c
                0x0000000000031eb4       0x2d out/ta_entry.o
 *fill*         0x0000000000031ee1        0x3 
 .rodata.lib/libmbedtls/mbedtls/library/pk.c
                0x0000000000031ee4        0x4 /home/lagadanu/Desktop/qemu/optee_os/out/arm/export-ta_arm64/lib/libmbedtls.a(pk.o)
 .rodata.lib/libmbedtls/mbedtls/library/asn1parse.c
                0x0000000000031ee8        0x4 /home/lagadanu/Desktop/qemu/optee_os/out/arm/export-ta_arm64/lib/libmbedtls.a(asn1parse.o)
 .rodata.str1.1.seed_rng_taf.c
                0x0000000000031eec       0x34 out/seed_rng_taf.o
 .rodata.str1.1.mbedtls_taf.c
                0x0000000000031f20      0x29f out/mbedtls_taf.o
                                        0x2af (size before relaxing)
 .rodata.str1.1.user_ta_header.c
                0x00000000000321bf       0xae out/user_ta_header.o
 .rodata.str1.1.lib/libutils/ext/snprintk.c
                0x000000000003226d       0x38 /home/lagadanu/Desktop/qemu/optee_os/out/arm/export-ta_arm64/lib/libutils.a(snprintk.o)
 .rodata.str1.1.lib/libutils/ext/trace.c
                0x00000000000322a5       0x1a /home/lagadanu/Desktop/qemu/optee_os/out/arm/export-ta_arm64/lib/libutils.a(trace.o)
                                         0x1b (size before relaxing)
 .rodata.str1.1.lib/libutee/trace_ext.c
                0x00000000000322bf       0x1a /home/lagadanu/Desktop/qemu/optee_os/out/arm/export-ta_arm64/lib/libutee.a(trace_ext.o)
                                          0x2 (size before relaxing)
 .rodata.str1.1.lib/libutee/tee_api.c
                0x00000000000322bf       0x11 /home/lagadanu/Desktop/qemu/optee_os/out/arm/export-ta_arm64/lib/libutee.a(tee_api.o)
 .rodata.str1.1.lib/libutee/tee_api_arith.c
                0x00000000000322d0       0x5b /home/lagadanu/Desktop/qemu/optee_os/out/arm/export-ta_arm64/lib/libutee.a(tee_api_arith.o)
 .rodata.str1.1.lib/libmpa/mpa_io.c
                0x000000000003232b       0x5f /home/lagadanu/Desktop/qemu/optee_os/out/arm/export-ta_arm64/lib/libmpa.a(mpa_io.o)
 .rodata.str1.1.lib/libmbedtls/mbedtls/library/aes.c
                0x000000000003238a       0x39 /home/lagadanu/Desktop/qemu/optee_os/out/arm/export-ta_arm64/lib/libmbedtls.a(aes.o)
                                         0x40 (size before relaxing)
 .rodata.str1.1.lib/libmbedtls/mbedtls/library/base64.c
                0x00000000000323c3       0x41 /home/lagadanu/Desktop/qemu/optee_os/out/arm/export-ta_arm64/lib/libmbedtls.a(base64.o)
                                         0x48 (size before relaxing)
 .rodata.str1.1.lib/libmbedtls/mbedtls/library/bignum.c
                0x0000000000032404      0x44f /home/lagadanu/Desktop/qemu/optee_os/out/arm/export-ta_arm64/lib/libmbedtls.a(bignum.o)
                                        0x45d (size before relaxing)
 .rodata.str1.1.lib/libmbedtls/mbedtls/library/des.c
                0x0000000000032853       0x2e /home/lagadanu/Desktop/qemu/optee_os/out/arm/export-ta_arm64/lib/libmbedtls.a(des.o)
                                         0x44 (size before relaxing)
 .rodata.str1.1.lib/libmbedtls/mbedtls/library/md5.c
                0x0000000000032881       0x11 /home/lagadanu/Desktop/qemu/optee_os/out/arm/export-ta_arm64/lib/libmbedtls.a(md5.o)
                                         0x1f (size before relaxing)
 .rodata.str1.1.lib/libmbedtls/mbedtls/library/pk.c
                0x0000000000032892        0xb /home/lagadanu/Desktop/qemu/optee_os/out/arm/export-ta_arm64/lib/libmbedtls.a(pk.o)
 .rodata.str1.1.lib/libmbedtls/mbedtls/library/pk_wrap.c
                0x000000000003289d       0x27 /home/lagadanu/Desktop/qemu/optee_os/out/arm/export-ta_arm64/lib/libmbedtls.a(pk_wrap.o)
 .rodata.str1.1.lib/libmbedtls/mbedtls/library/pkparse.c
                0x00000000000328c4       0xe4 /home/lagadanu/Desktop/qemu/optee_os/out/arm/export-ta_arm64/lib/libmbedtls.a(pkparse.o)
 .rodata.lib/libmbedtls/mbedtls/library/rsa.c
                0x00000000000329a8       0x19 /home/lagadanu/Desktop/qemu/optee_os/out/arm/export-ta_arm64/lib/libmbedtls.a(rsa.o)
 .rodata.str1.1.lib/libmbedtls/mbedtls/library/rsa.c
                0x00000000000329c1      0x515 /home/lagadanu/Desktop/qemu/optee_os/out/arm/export-ta_arm64/lib/libmbedtls.a(rsa.o)
                                        0x523 (size before relaxing)
 .rodata.str1.1.lib/libmbedtls/mbedtls/library/sha1.c
                0x0000000000032ed6       0x13 /home/lagadanu/Desktop/qemu/optee_os/out/arm/export-ta_arm64/lib/libmbedtls.a(sha1.o)
                                         0x21 (size before relaxing)
 .rodata.str1.1.lib/libmbedtls/mbedtls/library/sha256.c
                0x0000000000032ee9       0x2d /home/lagadanu/Desktop/qemu/optee_os/out/arm/export-ta_arm64/lib/libmbedtls.a(sha256.o)
                                         0x3b (size before relaxing)
 .rodata.str1.1.lib/libmbedtls/mbedtls/library/x509.c
                0x0000000000032f16       0x68 /home/lagadanu/Desktop/qemu/optee_os/out/arm/export-ta_arm64/lib/libmbedtls.a(x509.o)
                                         0x7d (size before relaxing)
 .rodata.str1.1.lib/libmbedtls/mbedtls/library/x509_crt.c
                0x0000000000032f7e      0x701 /home/lagadanu/Desktop/qemu/optee_os/out/arm/export-ta_arm64/lib/libmbedtls.a(x509_crt.o)
                                        0x70b (size before relaxing)
 .rodata.str1.1.lib/libmbedtls/mbedtls/library/x509_csr.c
                0x000000000003367f       0x96 /home/lagadanu/Desktop/qemu/optee_os/out/arm/export-ta_arm64/lib/libmbedtls.a(x509_csr.o)
 .rodata.str1.1.lib/libmbedtls/mbedtls/library/x509write_crt.c
                0x0000000000033715       0x52 /home/lagadanu/Desktop/qemu/optee_os/out/arm/export-ta_arm64/lib/libmbedtls.a(x509write_crt.o)
 .rodata.str1.1.lib/libmbedtls/mbedtls/library/ecp.c
                0x0000000000033767      0x216 /home/lagadanu/Desktop/qemu/optee_os/out/arm/export-ta_arm64/lib/libmbedtls.a(ecp.o)
                                        0x243 (size before relaxing)
 .rodata.str1.1.lib/libmbedtls/mbedtls/library/md.c
                0x000000000003397d        0x4 /home/lagadanu/Desktop/qemu/optee_os/out/arm/export-ta_arm64/lib/libmbedtls.a(md.o)
                                         0x1b (size before relaxing)
 .rodata.str1.1.lib/libmbedtls/mbedtls/library/md_wrap.c
                0x0000000000033981       0x17 /home/lagadanu/Desktop/qemu/optee_os/out/arm/export-ta_arm64/lib/libmbedtls.a(md_wrap.o)
 .rodata.lib/libmbedtls/mbedtls/library/oid.c
                0x0000000000033981       0x24 /home/lagadanu/Desktop/qemu/optee_os/out/arm/export-ta_arm64/lib/libmbedtls.a(oid.o)
 .rodata.str1.1.lib/libmbedtls/mbedtls/library/oid.c
                0x00000000000339a5      0x724 /home/lagadanu/Desktop/qemu/optee_os/out/arm/export-ta_arm64/lib/libmbedtls.a(oid.o)
                                        0x857 (size before relaxing)
 .rodata.str1.1.lib/libmbedtls/mbedtls/library/pem.c
                0x00000000000340c9       0x96 /home/lagadanu/Desktop/qemu/optee_os/out/arm/export-ta_arm64/lib/libmbedtls.a(pem.o)
 .rodata.str1.1.lib/libmbedtls/mbedtls/library/pkwrite.c
                0x000000000003415f       0xb4 /home/lagadanu/Desktop/qemu/optee_os/out/arm/export-ta_arm64/lib/libmbedtls.a(pkwrite.o)
 .rodata.str1.1.lib/libmbedtls/mbedtls/library/x509_create.c
                0x0000000000034213       0x16 /home/lagadanu/Desktop/qemu/optee_os/out/arm/export-ta_arm64/lib/libmbedtls.a(x509_create.o)
                                        0x159 (size before relaxing)
 .rodata.str1.1.lib/libutils/isoc/bget_malloc.c
                0x0000000000034229      0x3f0 /home/lagadanu/Desktop/qemu/optee_os/out/arm/export-ta_arm64/lib/libutils.a(bget_malloc.o)
                                        0x3f9 (size before relaxing)
 .rodata.str1.1.lib/libutils/ext/mempool.c
                0x0000000000034619       0x3f /home/lagadanu/Desktop/qemu/optee_os/out/arm/export-ta_arm64/lib/libutils.a(mempool.o)
 .rodata.str1.1.lib/libutee/assert.c
                0x0000000000034658       0x27 /home/lagadanu/Desktop/qemu/optee_os/out/arm/export-ta_arm64/lib/libutee.a(assert.o)

.gnu.version_d  0x0000000000034680        0x0
 .gnu.version_d
                0x0000000000034680        0x0 out/aes_impl.o

.gnu.version    0x0000000000034680        0x0
 .gnu.version   0x0000000000034680        0x0 out/aes_impl.o

.gnu.version_r  0x0000000000034680        0x0
 .gnu.version_r
                0x0000000000034680        0x0 out/aes_impl.o

.rela.dyn       0x0000000000034680     0x2400
 .rela.ifunc    0x0000000000034680        0x0 out/aes_impl.o
 .rela.data.rel.ro.local
                0x0000000000034680     0x20e8 out/aes_impl.o
 .rela.ta_head  0x0000000000036768       0x18 out/aes_impl.o
 .rela.data.rel
                0x0000000000036780       0x18 out/aes_impl.o
 .rela.data.rel.local
                0x0000000000036798      0x138 out/aes_impl.o
 .rela.data.rel.ro
                0x00000000000368d0      0x1b0 out/aes_impl.o

.ARM.exidx
 *(SORT(.ARM.exidx*) SORT(.gnu.linkonce.armexidx.*))

.ctors
 *(SORT(.ctors))

.dtors
 *(SORT(.dtors))

.got            0x0000000000036a80      0x110
 *(SORT(.got.plt))
 .got.plt       0x0000000000036a80       0x18 out/aes_impl.o
 *(SORT(.got))
 .got           0x0000000000036a98       0xf8 out/aes_impl.o
                0x0000000000036a98                _GLOBAL_OFFSET_TABLE_

.rel.text
 *(SORT(.rel.text))
 *(SORT(.rel.gnu.linkonce.t*))

.rela.text
 *(SORT(.rela.text))
 *(SORT(.rela.gnu.linkonce.t*))

.rel.data
 *(SORT(.rel.data))
 *(SORT(.rel.gnu.linkonce.d*))

.rela.data      0x0000000000036b90       0x90
 *(SORT(.rela.data))
 .rela.data     0x0000000000036b90       0x90 out/aes_impl.o
 *(SORT(.rela.gnu.linkonce.d*))

.rel.rodata
 *(SORT(.rel.rodata))
 *(SORT(.rel.gnu.linkonce.r*))

.rela.rodata
 *(SORT(.rela.rodata))
 *(SORT(.rela.gnu.linkonce.r*))

.rel.dyn
 *(SORT(.rel.dyn))

.rel.got
 *(SORT(.rel.got))

.rela.got       0x0000000000036c20      0x2d0
 *(SORT(.rela.got))
 .rela.got      0x0000000000036c20      0x2d0 out/aes_impl.o

.rel.ctors
 *(SORT(.rel.ctors))

.rela.ctors
 *(SORT(.rela.ctors))

.rel.dtors
 *(SORT(.rel.dtors))

.rela.dtors
 *(SORT(.rela.dtors))

.rel.init
 *(SORT(.rel.init))

.rela.init
 *(SORT(.rela.init))

.rel.fini
 *(SORT(.rel.fini))

.rela.fini
 *(SORT(.rela.fini))

.rel.bss
 *(SORT(.rel.bss))

.rela.bss
 *(SORT(.rela.bss))

.rel.plt
 *(SORT(.rel.plt))

.rela.plt       0x0000000000036ef0        0x0
 *(SORT(.rela.plt))
 .rela.plt      0x0000000000036ef0        0x0 out/aes_impl.o

.dynamic        0x0000000000036ef0      0x100
 *(SORT(.dynamic))
 .dynamic       0x0000000000036ef0      0x100 out/aes_impl.o
                0x0000000000036ef0                _DYNAMIC

.dynsym         0x0000000000036ff0      0x318
 *(SORT(.dynsym))
 .dynsym        0x0000000000036ff0      0x318 out/aes_impl.o

.dynstr         0x0000000000037308      0x1cb
 *(SORT(.dynstr))
 .dynstr        0x0000000000037308      0x1cb out/aes_impl.o

.hash           0x00000000000374d8       0xd0
 *(SORT(.hash))
 .hash          0x00000000000374d8       0xd0 out/aes_impl.o
                0x0000000000038000                . = ALIGN (0x1000)

.data           0x0000000000038000     0x14cc
 *(SORT(.data) SORT(.data.*) SORT(.gnu.linkonce.d.*))
 .data          0x0000000000038000      0x140 out/sha2_impl.o
                0x0000000000038000                sha256_k
                0x0000000000038100                sha256_h0
                0x0000000000038120                sha224_h0
 .data.rel.ro.local
                0x0000000000038140       0xa8 out/user_ta_header.o
                0x0000000000038140                ta_props
 .data.rel      0x00000000000381e8        0x8 /home/lagadanu/Desktop/qemu/optee_os/out/arm/export-ta_arm64/lib/libutee.a(user_ta_entry.o)
                0x00000000000381e8                _ref__utee_mcount
 .data.rel.local
                0x00000000000381f0       0x10 /home/lagadanu/Desktop/qemu/optee_os/out/arm/export-ta_arm64/lib/libutee.a(user_ta_entry.o)
 .data.rel.ro.local
                0x0000000000038200      0x180 /home/lagadanu/Desktop/qemu/optee_os/out/arm/export-ta_arm64/lib/libmbedtls.a(pk_wrap.o)
                0x0000000000038200                mbedtls_ecdsa_info
                0x0000000000038260                mbedtls_eckeydh_info
                0x00000000000382c0                mbedtls_eckey_info
                0x0000000000038320                mbedtls_rsa_info
 .data.rel.ro.local
                0x0000000000038380      0x150 /home/lagadanu/Desktop/qemu/optee_os/out/arm/export-ta_arm64/lib/libmbedtls.a(x509_crt.o)
 .data          0x00000000000384d0       0x30 /home/lagadanu/Desktop/qemu/optee_os/out/arm/export-ta_arm64/lib/libmbedtls.a(ecp.o)
 .data.rel.ro.local
                0x0000000000038500       0xc0 /home/lagadanu/Desktop/qemu/optee_os/out/arm/export-ta_arm64/lib/libmbedtls.a(ecp.o)
 .data          0x00000000000385c0       0x1c /home/lagadanu/Desktop/qemu/optee_os/out/arm/export-ta_arm64/lib/libmbedtls.a(ecp_curves.o)
 *fill*         0x00000000000385dc        0x4 
 .data.rel.ro   0x00000000000385e0       0xb0 /home/lagadanu/Desktop/qemu/optee_os/out/arm/export-ta_arm64/lib/libmbedtls.a(md_wrap.o)
                0x00000000000385e0                mbedtls_sha1_info
                0x0000000000038638                mbedtls_md5_info
 .data.rel.ro.local
                0x0000000000038690       0xb0 /home/lagadanu/Desktop/qemu/optee_os/out/arm/export-ta_arm64/lib/libmbedtls.a(md_wrap.o)
                0x0000000000038690                mbedtls_sha256_info
                0x00000000000386e8                mbedtls_sha224_info
 .data.rel.ro.local
                0x0000000000038740      0xa40 /home/lagadanu/Desktop/qemu/optee_os/out/arm/export-ta_arm64/lib/libmbedtls.a(oid.o)
 .data.rel.local
                0x0000000000039180       0x58 /home/lagadanu/Desktop/qemu/optee_os/out/arm/export-ta_arm64/lib/libmbedtls.a(certs.o)
                0x0000000000039180                mbedtls_test_cli_key
                0x0000000000039188                mbedtls_test_cli_crt
                0x0000000000039190                mbedtls_test_srv_key
                0x0000000000039198                mbedtls_test_srv_crt
                0x00000000000391a0                mbedtls_test_ca_pwd
                0x00000000000391a8                mbedtls_test_ca_key
                0x00000000000391b0                mbedtls_test_ca_crt
                0x00000000000391b8                mbedtls_test_cas
 .data.rel.ro.local