Archive member included to satisfy reference by file (symbol)

/home/lagadanu/Desktop/qemu/optee_os/out/arm/export-ta_arm64/lib/libutils.a(memcpy.o)
                              out/ta_sdp_basic.o (memcpy)
/home/lagadanu/Desktop/qemu/optee_os/out/arm/export-ta_arm64/lib/libutils.a(trace.o)
                              out/ta_sdp_basic.o (trace_printf)
/home/lagadanu/Desktop/qemu/optee_os/out/arm/export-ta_arm64/lib/libutils.a(snprintk.o)
                              /home/lagadanu/Desktop/qemu/optee_os/out/arm/export-ta_arm64/lib/libutils.a(trace.o) (snprintk)
/home/lagadanu/Desktop/qemu/optee_os/out/arm/export-ta_arm64/lib/libutils.a(memchr.o)
                              /home/lagadanu/Desktop/qemu/optee_os/out/arm/export-ta_arm64/lib/libutils.a(snprintk.o) (memchr)
/home/lagadanu/Desktop/qemu/optee_os/out/arm/export-ta_arm64/lib/libutils.a(strlen.o)
                              /home/lagadanu/Desktop/qemu/optee_os/out/arm/export-ta_arm64/lib/libutils.a(snprintk.o) (strlen)
/home/lagadanu/Desktop/qemu/optee_os/out/arm/export-ta_arm64/lib/libutee.a(trace_ext.o)
                              /home/lagadanu/Desktop/qemu/optee_os/out/arm/export-ta_arm64/lib/libutils.a(trace.o) (trace_ext_puts)
/home/lagadanu/Desktop/qemu/optee_os/out/arm/export-ta_arm64/lib/libutee.a(tee_api.o)
                              out/ta_sdp_basic.o (TEE_OpenTASession)
/home/lagadanu/Desktop/qemu/optee_os/out/arm/export-ta_arm64/lib/libutee.a(tee_api_panic.o)
                              /home/lagadanu/Desktop/qemu/optee_os/out/arm/export-ta_arm64/lib/libutee.a(tee_api.o) (TEE_Panic)
/home/lagadanu/Desktop/qemu/optee_os/out/arm/export-ta_arm64/lib/libutee.a(user_ta_entry.o)
                              out/user_ta_header.o (__utee_entry)
/home/lagadanu/Desktop/qemu/optee_os/out/arm/export-ta_arm64/lib/libutee.a(utee_syscalls_a64.o)
                              /home/lagadanu/Desktop/qemu/optee_os/out/arm/export-ta_arm64/lib/libutee.a(tee_api_panic.o) (utee_panic)
/home/lagadanu/Desktop/qemu/optee_os/out/arm/export-ta_arm64/lib/libutee.a(gprof_a64.o)
                              /home/lagadanu/Desktop/qemu/optee_os/out/arm/export-ta_arm64/lib/libutee.a(user_ta_entry.o) (__utee_mcount)
/home/lagadanu/Desktop/qemu/optee_os/out/arm/export-ta_arm64/lib/libutee.a(tee_api_arith.o)
                              /home/lagadanu/Desktop/qemu/optee_os/out/arm/export-ta_arm64/lib/libutee.a(user_ta_entry.o) (_TEE_MathAPI_Init)
/home/lagadanu/Desktop/qemu/optee_os/out/arm/export-ta_arm64/lib/libmpa.a(mpa_misc.o)
                              /home/lagadanu/Desktop/qemu/optee_os/out/arm/export-ta_arm64/lib/libutee.a(tee_api_arith.o) (mpa_copy)
/home/lagadanu/Desktop/qemu/optee_os/out/arm/export-ta_arm64/lib/libmpa.a(mpa_montgomery.o)
                              /home/lagadanu/Desktop/qemu/optee_os/out/arm/export-ta_arm64/lib/libutee.a(tee_api_arith.o) (mpa_compute_fmm_context)
/home/lagadanu/Desktop/qemu/optee_os/out/arm/export-ta_arm64/lib/libmpa.a(mpa_primetest.o)
                              /home/lagadanu/Desktop/qemu/optee_os/out/arm/export-ta_arm64/lib/libutee.a(tee_api_arith.o) (mpa_is_prob_prime)
/home/lagadanu/Desktop/qemu/optee_os/out/arm/export-ta_arm64/lib/libmpa.a(mpa_conv.o)
                              /home/lagadanu/Desktop/qemu/optee_os/out/arm/export-ta_arm64/lib/libutee.a(tee_api_arith.o) (mpa_set_S32)
/home/lagadanu/Desktop/qemu/optee_os/out/arm/export-ta_arm64/lib/libmpa.a(mpa_div.o)
                              /home/lagadanu/Desktop/qemu/optee_os/out/arm/export-ta_arm64/lib/libutee.a(tee_api_arith.o) (mpa_div)
/home/lagadanu/Desktop/qemu/optee_os/out/arm/export-ta_arm64/lib/libmpa.a(mpa_gcd.o)
                              /home/lagadanu/Desktop/qemu/optee_os/out/arm/export-ta_arm64/lib/libutee.a(tee_api_arith.o) (mpa_gcd)
/home/lagadanu/Desktop/qemu/optee_os/out/arm/export-ta_arm64/lib/libmpa.a(mpa_mem_static.o)
                              /home/lagadanu/Desktop/qemu/optee_os/out/arm/export-ta_arm64/lib/libutee.a(tee_api_arith.o) (mpa_alloc_static_temp_var)
/home/lagadanu/Desktop/qemu/optee_os/out/arm/export-ta_arm64/lib/libmpa.a(mpa_mul.o)
                              /home/lagadanu/Desktop/qemu/optee_os/out/arm/export-ta_arm64/lib/libmpa.a(mpa_div.o) (__mpa_mul_add_word)
/home/lagadanu/Desktop/qemu/optee_os/out/arm/export-ta_arm64/lib/libmpa.a(mpa_random.o)
                              /home/lagadanu/Desktop/qemu/optee_os/out/arm/export-ta_arm64/lib/libmpa.a(mpa_primetest.o) (mpa_get_random)
/home/lagadanu/Desktop/qemu/optee_os/out/arm/export-ta_arm64/lib/libmpa.a(mpa_shift.o)
                              /home/lagadanu/Desktop/qemu/optee_os/out/arm/export-ta_arm64/lib/libmpa.a(mpa_div.o) (__mpa_shift_words_left)
/home/lagadanu/Desktop/qemu/optee_os/out/arm/export-ta_arm64/lib/libmpa.a(mpa_addsub.o)
                              /home/lagadanu/Desktop/qemu/optee_os/out/arm/export-ta_arm64/lib/libmpa.a(mpa_div.o) (__mpa_full_adder)
[...]
Memory Configuration

Name             Origin             Length             Attributes
*default*        0x0000000000000000 0xffffffffffffffff

Linker script and memory map


.ta_head        0x0000000000000000       0x20
 *(SORT(.ta_head))
 .ta_head       0x0000000000000000       0x20 out/user_ta_header.o
                0x0000000000000000                ta_head

.text           0x0000000000000020     0x76d0
                0x0000000000000020                __text_start = .
 *(SORT(.text) SORT(.text.*))
 .text          0x0000000000000020      0x4c4 out/ta_sdp_basic.o
                0x0000000000000244                TA_CreateEntryPoint
                0x000000000000024c                TA_DestroyEntryPoint
                0x0000000000000250                TA_OpenSessionEntryPoint
                0x0000000000000258                TA_CloseSessionEntryPoint
                0x000000000000025c                TA_InvokeCommandEntryPoint
 .text          0x00000000000004e4        0x8 out/user_ta_header.o
                0x00000000000004e4                tahead_get_trace_level
 .text          0x00000000000004ec       0x20 /home/lagadanu/Desktop/qemu/optee_os/out/arm/export-ta_arm64/lib/libutils.a(memcpy.o)
                0x00000000000004ec                memcpy
 .text          0x000000000000050c      0x278 /home/lagadanu/Desktop/qemu/optee_os/out/arm/export-ta_arm64/lib/libutils.a(trace.o)
                0x000000000000050c                trace_set_level
                0x0000000000000530                trace_get_level
                0x0000000000000540                trace_printf
                0x0000000000000780                dhex_dump
 .text          0x0000000000000784      0xc70 /home/lagadanu/Desktop/qemu/optee_os/out/arm/export-ta_arm64/lib/libutils.a(snprintk.o)
                0x0000000000000784                __vsnprintf
                0x000000000000132c                vsnprintk
                0x0000000000001380                snprintk
 .text          0x00000000000013f4       0x2c /home/lagadanu/Desktop/qemu/optee_os/out/arm/export-ta_arm64/lib/libutils.a(memchr.o)
                0x00000000000013f4                memchr
 .text          0x0000000000001420       0x1c /home/lagadanu/Desktop/qemu/optee_os/out/arm/export-ta_arm64/lib/libutils.a(strlen.o)
                0x0000000000001420                strlen
 .text          0x000000000000143c      0x178 /home/lagadanu/Desktop/qemu/optee_os/out/arm/export-ta_arm64/lib/libutee.a(trace_ext.o)
                0x000000000000143c                trace_ext_puts
                0x0000000000001464                trace_ext_get_thread_id
                0x000000000000146c                printf
                0x0000000000001538                puts
                0x0000000000001578                putchar
 .text          0x00000000000015b4      0x4e4 /home/lagadanu/Desktop/qemu/optee_os/out/arm/export-ta_arm64/lib/libutee.a(tee_api.o)
                0x00000000000015b4                __utee_from_param
                0x000000000000162c                __utee_to_param
                0x0000000000001698                TEE_OpenTASession
                0x0000000000001728                TEE_CloseTASession
                0x0000000000001750                TEE_InvokeTACommand
                0x0000000000001804                TEE_GetCancellationFlag
                0x0000000000001830                TEE_UnmaskCancellation
                0x000000000000185c                TEE_MaskCancellation
                0x0000000000001888                TEE_CheckMemoryAccessRights
                0x000000000000189c                TEE_SetInstanceData
                0x00000000000018a8                TEE_GetInstanceData
                0x00000000000018b4                TEE_MemMove
                0x00000000000018bc                TEE_MemCompare
                0x00000000000018c4                TEE_MemFill
                0x00000000000018cc                TEE_GetSystemTime
                0x00000000000018f4                TEE_Wait
                0x0000000000001930                TEE_GetTAPersistentTime
                0x00000000000019b0                TEE_SetTAPersistentTime
                0x00000000000019f0                TEE_GetREETime
                0x0000000000001a18                TEE_Malloc
                0x0000000000001a74                TEE_Realloc
                0x0000000000001a7c                TEE_Free
                0x0000000000001a80                TEE_CacheClean
                0x0000000000001a88                TEE_CacheFlush
                0x0000000000001a90                TEE_CacheInvalidate
 .text          0x0000000000001a98        0x8 /home/lagadanu/Desktop/qemu/optee_os/out/arm/export-ta_arm64/lib/libutee.a(tee_api_panic.o)
                0x0000000000001a98                TEE_Panic
 .text          0x0000000000001aa0      0x2c4 /home/lagadanu/Desktop/qemu/optee_os/out/arm/export-ta_arm64/lib/libutee.a(user_ta_entry.o)
                0x0000000000001b5c                __utee_entry
 .text.utee_panic
                0x0000000000001d64        0xc /home/lagadanu/Desktop/qemu/optee_os/out/arm/export-ta_arm64/lib/libutee.a(utee_syscalls_a64.o)
                0x0000000000001d64                utee_panic
 .text.utee_return
                0x0000000000001d70        0xc /home/lagadanu/Desktop/qemu/optee_os/out/arm/export-ta_arm64/lib/libutee.a(utee_syscalls_a64.o)
                0x0000000000001d70                utee_return
 .text.utee_log
                0x0000000000001d7c        0xc /home/lagadanu/Desktop/qemu/optee_os/out/arm/export-ta_arm64/lib/libutee.a(utee_syscalls_a64.o)
                0x0000000000001d7c                utee_log
 .text.__utee_panic
                0x0000000000001d88        0xc /home/lagadanu/Desktop/qemu/optee_os/out/arm/export-ta_arm64/lib/libutee.a(utee_syscalls_a64.o)
                0x0000000000001d88                __utee_panic
 .text.utee_get_property
                0x0000000000001d94        0xc /home/lagadanu/Desktop/qemu/optee_os/out/arm/export-ta_arm64/lib/libutee.a(utee_syscalls_a64.o)
                0x0000000000001d94                utee_get_property
 .text.utee_get_property_name_to_index
                0x0000000000001da0        0xc /home/lagadanu/Desktop/qemu/optee_os/out/arm/export-ta_arm64/lib/libutee.a(utee_syscalls_a64.o)
                0x0000000000001da0                utee_get_property_name_to_index
 .text.utee_open_ta_session
                0x0000000000001dac        0xc /home/lagadanu/Desktop/qemu/optee_os/out/arm/export-ta_arm64/lib/libutee.a(utee_syscalls_a64.o)
                0x0000000000001dac                utee_open_ta_session
 .text.utee_close_ta_session
                0x0000000000001db8        0xc /home/lagadanu/Desktop/qemu/optee_os/out/arm/export-ta_arm64/lib/libutee.a(utee_syscalls_a64.o)
                0x0000000000001db8                utee_close_ta_session
 .text.utee_invoke_ta_command
                0x0000000000001dc4        0xc /home/lagadanu/Desktop/qemu/optee_os/out/arm/export-ta_arm64/lib/libutee.a(utee_syscalls_a64.o)
                0x0000000000001dc4                utee_invoke_ta_command
 .text.utee_get_cancellation_flag
                0x0000000000001dd0        0xc /home/lagadanu/Desktop/qemu/optee_os/out/arm/export-ta_arm64/lib/libutee.a(utee_syscalls_a64.o)
                0x0000000000001dd0                utee_get_cancellation_flag
 .text.utee_check_access_rights
                0x0000000000001ddc        0xc /home/lagadanu/Desktop/qemu/optee_os/out/arm/export-ta_arm64/lib/libutee.a(utee_syscalls_a64.o)
                0x0000000000001ddc                utee_check_access_rights
 .text.utee_unmask_cancellation
                0x0000000000001de8        0xc /home/lagadanu/Desktop/qemu/optee_os/out/arm/export-ta_arm64/lib/libutee.a(utee_syscalls_a64.o)
                0x0000000000001de8                utee_unmask_cancellation
 .text.utee_mask_cancellation
                0x0000000000001df4        0xc /home/lagadanu/Desktop/qemu/optee_os/out/arm/export-ta_arm64/lib/libutee.a(utee_syscalls_a64.o)
                0x0000000000001df4                utee_mask_cancellation
 .text.utee_wait
                0x0000000000001e00        0xc /home/lagadanu/Desktop/qemu/optee_os/out/arm/export-ta_arm64/lib/libutee.a(utee_syscalls_a64.o)
                0x0000000000001e00                utee_wait
 .text.utee_get_time
                0x0000000000001e0c        0xc /home/lagadanu/Desktop/qemu/optee_os/out/arm/export-ta_arm64/lib/libutee.a(utee_syscalls_a64.o)
                0x0000000000001e0c                utee_get_time
 .text.utee_set_ta_time
                0x0000000000001e18        0xc /home/lagadanu/Desktop/qemu/optee_os/out/arm/export-ta_arm64/lib/libutee.a(utee_syscalls_a64.o)
                0x0000000000001e18                utee_set_ta_time
 .text.utee_cryp_state_alloc
                0x0000000000001e24        0xc /home/lagadanu/Desktop/qemu/optee_os/out/arm/export-ta_arm64/lib/libutee.a(utee_syscalls_a64.o)
                0x0000000000001e24                utee_cryp_state_alloc
 .text.utee_cryp_state_copy
                0x0000000000001e30        0xc /home/lagadanu/Desktop/qemu/optee_os/out/arm/export-ta_arm64/lib/libutee.a(utee_syscalls_a64.o)
                0x0000000000001e30                utee_cryp_state_copy
 .text.utee_cryp_state_free
                0x0000000000001e3c        0xc /home/lagadanu/Desktop/qemu/optee_os/out/arm/export-ta_arm64/lib/libutee.a(utee_syscalls_a64.o)
                0x0000000000001e3c                utee_cryp_state_free
 .text.utee_hash_init
                0x0000000000001e48        0xc /home/lagadanu/Desktop/qemu/optee_os/out/arm/export-ta_arm64/lib/libutee.a(utee_syscalls_a64.o)
                0x0000000000001e48                utee_hash_init
 .text.utee_hash_update
                0x0000000000001e54        0xc /home/lagadanu/Desktop/qemu/optee_os/out/arm/export-ta_arm64/lib/libutee.a(utee_syscalls_a64.o)
                0x0000000000001e54                utee_hash_update
 .text.utee_hash_final
                0x0000000000001e60        0xc /home/lagadanu/Desktop/qemu/optee_os/out/arm/export-ta_arm64/lib/libutee.a(utee_syscalls_a64.o)
                0x0000000000001e60                utee_hash_final
 .text.utee_cipher_init
                0x0000000000001e6c        0xc /home/lagadanu/Desktop/qemu/optee_os/out/arm/export-ta_arm64/lib/libutee.a(utee_syscalls_a64.o)
                0x0000000000001e6c                utee_cipher_init
 .text.utee_cipher_update
                0x0000000000001e78        0xc /home/lagadanu/Desktop/qemu/optee_os/out/arm/export-ta_arm64/lib/libutee.a(utee_syscalls_a64.o)
                0x0000000000001e78                utee_cipher_update
 .text.utee_cipher_final
                0x0000000000001e84        0xc /home/lagadanu/Desktop/qemu/optee_os/out/arm/export-ta_arm64/lib/libutee.a(utee_syscalls_a64.o)
                0x0000000000001e84                utee_cipher_final
 .text.utee_cryp_obj_get_info
                0x0000000000001e90        0xc /home/lagadanu/Desktop/qemu/optee_os/out/arm/export-ta_arm64/lib/libutee.a(utee_syscalls_a64.o)
                0x0000000000001e90                utee_cryp_obj_get_info
 .text.utee_cryp_obj_restrict_usage
                0x0000000000001e9c        0xc /home/lagadanu/Desktop/qemu/optee_os/out/arm/export-ta_arm64/lib/libutee.a(utee_syscalls_a64.o)
                0x0000000000001e9c                utee_cryp_obj_restrict_usage
 .text.utee_cryp_obj_get_attr
                0x0000000000001ea8        0xc /home/lagadanu/Desktop/qemu/optee_os/out/arm/export-ta_arm64/lib/libutee.a(utee_syscalls_a64.o)
                0x0000000000001ea8                utee_cryp_obj_get_attr
 .text.utee_cryp_obj_alloc
                0x0000000000001eb4        0xc /home/lagadanu/Desktop/qemu/optee_os/out/arm/export-ta_arm64/lib/libutee.a(utee_syscalls_a64.o)
                0x0000000000001eb4                utee_cryp_obj_alloc
 .text.utee_cryp_obj_close
                0x0000000000001ec0        0xc /home/lagadanu/Desktop/qemu/optee_os/out/arm/export-ta_arm64/lib/libutee.a(utee_syscalls_a64.o)
                0x0000000000001ec0                utee_cryp_obj_close
 .text.utee_cryp_obj_reset
                0x0000000000001ecc        0xc /home/lagadanu/Desktop/qemu/optee_os/out/arm/export-ta_arm64/lib/libutee.a(utee_syscalls_a64.o)
                0x0000000000001ecc                utee_cryp_obj_reset
 .text.utee_cryp_obj_populate
                0x0000000000001ed8        0xc /home/lagadanu/Desktop/qemu/optee_os/out/arm/export-ta_arm64/lib/libutee.a(utee_syscalls_a64.o)
                0x0000000000001ed8                utee_cryp_obj_populate
 .text.utee_cryp_obj_copy
                0x0000000000001ee4        0xc /home/lagadanu/Desktop/qemu/optee_os/out/arm/export-ta_arm64/lib/libutee.a(utee_syscalls_a64.o)
                0x0000000000001ee4                utee_cryp_obj_copy
 .text.utee_cryp_derive_key
                0x0000000000001ef0        0xc /home/lagadanu/Desktop/qemu/optee_os/out/arm/export-ta_arm64/lib/libutee.a(utee_syscalls_a64.o)
                0x0000000000001ef0                utee_cryp_derive_key
 .text.utee_cryp_random_number_generate
                0x0000000000001efc        0xc /home/lagadanu/Desktop/qemu/optee_os/out/arm/export-ta_arm64/lib/libutee.a(utee_syscalls_a64.o)
                0x0000000000001efc                utee_cryp_random_number_generate
 .text.utee_authenc_init
                0x0000000000001f08        0xc /home/lagadanu/Desktop/qemu/optee_os/out/arm/export-ta_arm64/lib/libutee.a(utee_syscalls_a64.o)
                0x0000000000001f08                utee_authenc_init
 .text.utee_authenc_update_aad
                0x0000000000001f14        0xc /home/lagadanu/Desktop/qemu/optee_os/out/arm/export-ta_arm64/lib/libutee.a(utee_syscalls_a64.o)
                0x0000000000001f14                utee_authenc_update_aad
 .text.utee_authenc_update_payload
                0x0000000000001f20        0xc /home/lagadanu/Desktop/qemu/optee_os/out/arm/export-ta_arm64/lib/libutee.a(utee_syscalls_a64.o)
                0x0000000000001f20                utee_authenc_update_payload
 .text.utee_authenc_enc_final
                0x0000000000001f2c        0xc /home/lagadanu/Desktop/qemu/optee_os/out/arm/export-ta_arm64/lib/libutee.a(utee_syscalls_a64.o)
                0x0000000000001f2c                utee_authenc_enc_final
 .text.utee_authenc_dec_final
                0x0000000000001f38        0xc /home/lagadanu/Desktop/qemu/optee_os/out/arm/export-ta_arm64/lib/libutee.a(utee_syscalls_a64.o)
                0x0000000000001f38                utee_authenc_dec_final
 .text.utee_asymm_operate
                0x0000000000001f44        0xc /home/lagadanu/Desktop/qemu/optee_os/out/arm/export-ta_arm64/lib/libutee.a(utee_syscalls_a64.o)
                0x0000000000001f44                utee_asymm_operate
 .text.utee_asymm_verify
                0x0000000000001f50        0xc /home/lagadanu/Desktop/qemu/optee_os/out/arm/export-ta_arm64/lib/libutee.a(utee_syscalls_a64.o)
                0x0000000000001f50                utee_asymm_verify
 .text.utee_storage_obj_open
                0x0000000000001f5c        0xc /home/lagadanu/Desktop/qemu/optee_os/out/arm/export-ta_arm64/lib/libutee.a(utee_syscalls_a64.o)
                0x0000000000001f5c                utee_storage_obj_open
 .text.utee_storage_obj_create
                0x0000000000001f68        0xc /home/lagadanu/Desktop/qemu/optee_os/out/arm/export-ta_arm64/lib/libutee.a(utee_syscalls_a64.o)
                0x0000000000001f68                utee_storage_obj_create
 .text.utee_storage_obj_del
                0x0000000000001f74        0xc /home/lagadanu/Desktop/qemu/optee_os/out/arm/export-ta_arm64/lib/libutee.a(utee_syscalls_a64.o)
                0x0000000000001f74                utee_storage_obj_del
 .text.utee_storage_obj_rename
                0x0000000000001f80        0xc /home/lagadanu/Desktop/qemu/optee_os/out/arm/export-ta_arm64/lib/libutee.a(utee_syscalls_a64.o)
                0x0000000000001f80                utee_storage_obj_rename
 .text.utee_storage_alloc_enum
                0x0000000000001f8c        0xc /home/lagadanu/Desktop/qemu/optee_os/out/arm/export-ta_arm64/lib/libutee.a(utee_syscalls_a64.o)
                0x0000000000001f8c                utee_storage_alloc_enum
 .text.utee_storage_free_enum
                0x0000000000001f98        0xc /home/lagadanu/Desktop/qemu/optee_os/out/arm/export-ta_arm64/lib/libutee.a(utee_syscalls_a64.o)
                0x0000000000001f98                utee_storage_free_enum
 .text.utee_storage_reset_enum
                0x0000000000001fa4        0xc /home/lagadanu/Desktop/qemu/optee_os/out/arm/export-ta_arm64/lib/libutee.a(utee_syscalls_a64.o)
                0x0000000000001fa4                utee_storage_reset_enum
 .text.utee_storage_start_enum
                0x0000000000001fb0        0xc /home/lagadanu/Desktop/qemu/optee_os/out/arm/export-ta_arm64/lib/libutee.a(utee_syscalls_a64.o)
                0x0000000000001fb0                utee_storage_start_enum
 .text.utee_storage_next_enum
                0x0000000000001fbc        0xc /home/lagadanu/Desktop/qemu/optee_os/out/arm/export-ta_arm64/lib/libutee.a(utee_syscalls_a64.o)
                0x0000000000001fbc                utee_storage_next_enum
 .text.utee_storage_obj_read
                0x0000000000001fc8        0xc /home/lagadanu/Desktop/qemu/optee_os/out/arm/export-ta_arm64/lib/libutee.a(utee_syscalls_a64.o)
                0x0000000000001fc8                utee_storage_obj_read
 .text.utee_storage_obj_write
                0x0000000000001fd4        0xc /home/lagadanu/Desktop/qemu/optee_os/out/arm/export-ta_arm64/lib/libutee.a(utee_syscalls_a64.o)
                0x0000000000001fd4                utee_storage_obj_write
 .text.utee_storage_obj_trunc
                0x0000000000001fe0        0xc /home/lagadanu/Desktop/qemu/optee_os/out/arm/export-ta_arm64/lib/libutee.a(utee_syscalls_a64.o)
                0x0000000000001fe0                utee_storage_obj_trunc
 .text.utee_storage_obj_seek
                0x0000000000001fec        0xc /home/lagadanu/Desktop/qemu/optee_os/out/arm/export-ta_arm64/lib/libutee.a(utee_syscalls_a64.o)
                0x0000000000001fec                utee_storage_obj_seek
 .text.utee_cryp_obj_generate_key
                0x0000000000001ff8        0xc /home/lagadanu/Desktop/qemu/optee_os/out/arm/export-ta_arm64/lib/libutee.a(utee_syscalls_a64.o)
                0x0000000000001ff8                utee_cryp_obj_generate_key
 .text.utee_se_service_open
                0x0000000000002004        0xc /home/lagadanu/Desktop/qemu/optee_os/out/arm/export-ta_arm64/lib/libutee.a(utee_syscalls_a64.o)
                0x0000000000002004                utee_se_service_open
 .text.utee_se_service_close
                0x0000000000002010        0xc /home/lagadanu/Desktop/qemu/optee_os/out/arm/export-ta_arm64/lib/libutee.a(utee_syscalls_a64.o)
                0x0000000000002010                utee_se_service_close
 .text.utee_se_service_get_readers
                0x000000000000201c        0xc /home/lagadanu/Desktop/qemu/optee_os/out/arm/export-ta_arm64/lib/libutee.a(utee_syscalls_a64.o)
                0x000000000000201c                utee_se_service_get_readers
 .text.utee_se_reader_get_prop
                0x0000000000002028        0xc /home/lagadanu/Desktop/qemu/optee_os/out/arm/export-ta_arm64/lib/libutee.a(utee_syscalls_a64.o)
                0x0000000000002028                utee_se_reader_get_prop
 .text.utee_se_reader_get_name
                0x0000000000002034        0xc /home/lagadanu/Desktop/qemu/optee_os/out/arm/export-ta_arm64/lib/libutee.a(utee_syscalls_a64.o)
                0x0000000000002034                utee_se_reader_get_name
 .text.utee_se_reader_open_session
                0x0000000000002040        0xc /home/lagadanu/Desktop/qemu/optee_os/out/arm/export-ta_arm64/lib/libutee.a(utee_syscalls_a64.o)
                0x0000000000002040                utee_se_reader_open_session
 .text.utee_se_reader_close_sessions
                0x000000000000204c        0xc /home/lagadanu/Desktop/qemu/optee_os/out/arm/export-ta_arm64/lib/libutee.a(utee_syscalls_a64.o)
                0x000000000000204c                utee_se_reader_close_sessions
 .text.utee_se_session_is_closed
                0x0000000000002058        0xc /home/lagadanu/Desktop/qemu/optee_os/out/arm/export-ta_arm64/lib/libutee.a(utee_syscalls_a64.o)
                0x0000000000002058                utee_se_session_is_closed
 .text.utee_se_session_get_atr
                0x0000000000002064        0xc /home/lagadanu/Desktop/qemu/optee_os/out/arm/export-ta_arm64/lib/libutee.a(utee_syscalls_a64.o)
                0x0000000000002064                utee_se_session_get_atr
 .text.utee_se_session_open_channel
                0x0000000000002070        0xc /home/lagadanu/Desktop/qemu/optee_os/out/arm/export-ta_arm64/lib/libutee.a(utee_syscalls_a64.o)
                0x0000000000002070                utee_se_session_open_channel
 .text.utee_se_session_close
                0x000000000000207c        0xc /home/lagadanu/Desktop/qemu/optee_os/out/arm/export-ta_arm64/lib/libutee.a(utee_syscalls_a64.o)
                0x000000000000207c                utee_se_session_close
 .text.utee_se_channel_select_next
                0x0000000000002088        0xc /home/lagadanu/Desktop/qemu/optee_os/out/arm/export-ta_arm64/lib/libutee.a(utee_syscalls_a64.o)
                0x0000000000002088                utee_se_channel_select_next
 .text.utee_se_channel_get_select_resp
                0x0000000000002094        0xc /home/lagadanu/Desktop/qemu/optee_os/out/arm/export-ta_arm64/lib/libutee.a(utee_syscalls_a64.o)
                0x0000000000002094                utee_se_channel_get_select_resp
 .text.utee_se_channel_transmit
                0x00000000000020a0        0xc /home/lagadanu/Desktop/qemu/optee_os/out/arm/export-ta_arm64/lib/libutee.a(utee_syscalls_a64.o)
                0x00000000000020a0                utee_se_channel_transmit
 .text.utee_se_channel_close
                0x00000000000020ac        0xc /home/lagadanu/Desktop/qemu/optee_os/out/arm/export-ta_arm64/lib/libutee.a(utee_syscalls_a64.o)
                0x00000000000020ac                utee_se_channel_close
 .text.utee_cache_operation
                0x00000000000020b8        0xc /home/lagadanu/Desktop/qemu/optee_os/out/arm/export-ta_arm64/lib/libutee.a(utee_syscalls_a64.o)
                0x00000000000020b8                utee_cache_operation
 .text.__utee_mcount
                0x00000000000020c4        0x4 /home/lagadanu/Desktop/qemu/optee_os/out/arm/export-ta_arm64/lib/libutee.a(gprof_a64.o)
                0x00000000000020c4                __utee_mcount
 .text          0x00000000000020c8      0x6c4 /home/lagadanu/Desktop/qemu/optee_os/out/arm/export-ta_arm64/lib/libutee.a(tee_api_arith.o)
                0x00000000000020c8                _TEE_MathAPI_Init
                0x0000000000002120                TEE_BigIntInit
                0x0000000000002124                TEE_BigIntInitFMM
                0x0000000000002138                TEE_BigIntInitFMMContext
                0x0000000000002170                TEE_BigIntFMMSizeInU32
                0x0000000000002180                TEE_BigIntFMMContextSizeInU32
                0x0000000000002194                TEE_BigIntConvertFromOctetString
                0x00000000000021bc                TEE_BigIntConvertToOctetString
                0x00000000000021fc                TEE_BigIntConvertFromS32
                0x0000000000002200                TEE_BigIntConvertToS32
                0x0000000000002220                TEE_BigIntCmp
                0x0000000000002224                TEE_BigIntCmpS32
                0x0000000000002228                TEE_BigIntShiftRight
                0x000000000000222c                TEE_BigIntGetBit
                0x0000000000002248                TEE_BigIntGetBitCount
                0x0000000000002260                TEE_BigIntAdd
                0x000000000000226c                TEE_BigIntSub
                0x0000000000002278                TEE_BigIntNeg
                0x000000000000227c                TEE_BigIntMul
                0x0000000000002288                TEE_BigIntSquare
                0x0000000000002298                TEE_BigIntDiv
                0x00000000000022fc                TEE_BigIntMod
                0x0000000000002390                TEE_BigIntAddMod
                0x0000000000002438                TEE_BigIntSubMod
                0x00000000000024e0                TEE_BigIntMulMod
                0x00000000000025ac                TEE_BigIntSquareMod
                0x00000000000025b8                TEE_BigIntInvMod
                0x0000000000002624                TEE_BigIntRelativePrime
                0x000000000000269c                TEE_BigIntComputeExtendedGcd
                0x00000000000026a8                TEE_BigIntIsProbablePrime
                0x00000000000026cc                TEE_BigIntConvertToFMM
                0x00000000000026e8                TEE_BigIntConvertFromFMM
                0x000000000000277c                TEE_BigIntComputeFMM
 .text.unlikely
                0x000000000000278c       0x28 /home/lagadanu/Desktop/qemu/optee_os/out/arm/export-ta_arm64/lib/libutee.a(tee_api_arith.o)
 .text          0x00000000000027b4      0x194 /home/lagadanu/Desktop/qemu/optee_os/out/arm/export-ta_arm64/lib/libmpa.a(mpa_misc.o)
                0x00000000000027b4                __mpa_set_unused_digits_to_zero
                0x00000000000027d8                mpa_wipe
                0x0000000000002808                mpa_copy
                0x000000000000285c                mpa_abs
                0x000000000000288c                mpa_highest_bit_index
                0x00000000000028d0                mpa_get_bit
                0x0000000000002914                mpa_can_hold
                0x0000000000002930                mpa_parity
                0x000000000000293c                mpa_constant_one
 .text          0x0000000000002948      0x3f0 /home/lagadanu/Desktop/qemu/optee_os/out/arm/export-ta_arm64/lib/libmpa.a(mpa_montgomery.o)
                0x0000000000002948                __mpa_montgomery_mul_add
                0x00000000000029c0                __mpa_montgomery_sub_ack
                0x0000000000002a50                __mpa_montgomery_mul
                0x0000000000002b74                mpa_compute_fmm_context
                0x0000000000002cb0                mpa_montgomery_mul
 .text          0x0000000000002d38      0x3ac /home/lagadanu/Desktop/qemu/optee_os/out/arm/export-ta_arm64/lib/libmpa.a(mpa_primetest.o)
                0x0000000000002d38                mpa_is_prob_prime
 .text          0x00000000000030e4       0xcc /home/lagadanu/Desktop/qemu/optee_os/out/arm/export-ta_arm64/lib/libmpa.a(mpa_conv.o)
                0x00000000000030e4                mpa_set_S32
                0x0000000000003110                mpa_get_S32
                0x0000000000003184                mpa_set_word
                0x0000000000003198                mpa_get_word
 .text          0x00000000000031b0      0x910 /home/lagadanu/Desktop/qemu/optee_os/out/arm/export-ta_arm64/lib/libmpa.a(mpa_div.o)
                0x00000000000031b0                __mpa_div_dword
                0x0000000000003200                __mpa_div_q_r_internal_word
                0x0000000000003348                __mpa_div_q_r
                0x00000000000039d0                mpa_div
 .text          0x0000000000003ac0      0x878 /home/lagadanu/Desktop/qemu/optee_os/out/arm/export-ta_arm64/lib/libmpa.a(mpa_gcd.o)
                0x000000000000402c                mpa_gcd
                0x000000000000414c                mpa_extended_gcd
 .text          0x0000000000004338       0x78 /home/lagadanu/Desktop/qemu/optee_os/out/arm/export-ta_arm64/lib/libmpa.a(mpa_mem_static.o)
                0x0000000000004338                mpa_alloc_static_temp_var_size
                0x0000000000004384                mpa_alloc_static_temp_var
                0x0000000000004394                mpa_free_static_temp_var
 .text          0x00000000000043b0      0x36c /home/lagadanu/Desktop/qemu/optee_os/out/arm/export-ta_arm64/lib/libmpa.a(mpa_mul.o)
                0x00000000000043b0                __mpa_mul_add_word
                0x00000000000043c8                __mpa_mul_add_word_cum
                0x00000000000043e8                __mpa_abs_mul_word
                0x0000000000004480                __mpa_abs_mul
                0x0000000000004574                mpa_mul
                0x0000000000004658                mpa_mul_word
 .text          0x000000000000471c      0x170 /home/lagadanu/Desktop/qemu/optee_os/out/arm/export-ta_arm64/lib/libmpa.a(mpa_random.o)
                0x000000000000471c                mpa_get_random
                0x0000000000004828                mpa_get_random_digits
 .text          0x000000000000488c      0x3d0 /home/lagadanu/Desktop/qemu/optee_os/out/arm/export-ta_arm64/lib/libmpa.a(mpa_shift.o)
                0x000000000000488c                __mpa_shift_words_left
                0x0000000000004924                __mpa_shift_words_right
                0x0000000000004988                mpa_shift_left
                0x0000000000004b18                mpa_shift_right
 .text          0x0000000000004c5c      0x8f4 /home/lagadanu/Desktop/qemu/optee_os/out/arm/export-ta_arm64/lib/libmpa.a(mpa_addsub.o)
                0x0000000000004c5c                __mpa_full_adder
                0x0000000000004c78                __mpa_full_sub
                0x0000000000004c9c                __mpa_full_adder_ackum
                0x0000000000004cbc                __mpa_abs_add
                0x0000000000004db0                __mpa_abs_add_ackum
                0x0000000000004e7c                __mpa_abs_sub
                0x0000000000004f80                mpa_add
                0x0000000000005114                mpa_sub
                0x00000000000052b0                mpa_neg
                0x00000000000052dc                mpa_add_word
                0x0000000000005418                mpa_sub_word
 .text          0x0000000000005550      0x1d0 /home/lagadanu/Desktop/qemu/optee_os/out/arm/export-ta_arm64/lib/libmpa.a(mpa_cmp.o)
                0x0000000000005550                __mpa_abs_cmp
                0x0000000000005600                __mpa_abs_greater_than
                0x000000000000561c                __mpa_abs_less_than
                0x0000000000005634                mpa_cmp
                0x000000000000569c                mpa_cmp_short
 .text          0x0000000000005720      0x1bc /home/lagadanu/Desktop/qemu/optee_os/out/arm/export-ta_arm64/lib/libmpa.a(mpa_expmod.o)
                0x0000000000005720                mpa_exp_mod
 .text          0x00000000000058dc       0x84 /home/lagadanu/Desktop/qemu/optee_os/out/arm/export-ta_arm64/lib/libmpa.a(mpa_init.o)
                0x00000000000058dc                mpa_init_static
                0x00000000000058f8                mpa_init_static_fmm_context
 .text          0x0000000000005960      0x73c /home/lagadanu/Desktop/qemu/optee_os/out/arm/export-ta_arm64/lib/libmpa.a(mpa_io.o)
                0x0000000000005af4                mpa_get_str_size
                0x0000000000005afc                mpa_set_str
                0x0000000000005d94                mpa_get_str
                0x0000000000005e18                mpa_set_oct_str
                0x0000000000005f28                mpa_get_oct_str
 .text          0x000000000000609c      0x2b8 /home/lagadanu/Desktop/qemu/optee_os/out/arm/export-ta_arm64/lib/libmpa.a(mpa_modulus.o)
                0x000000000000609c                mpa_mod
                0x00000000000060b4                mpa_add_mod
                0x0000000000006138                mpa_sub_mod
                0x00000000000061bc                mpa_mul_mod
                0x0000000000006240                mpa_inv_mod
 .text          0x0000000000006354     0x10b4 /home/lagadanu/Desktop/qemu/optee_os/out/arm/export-ta_arm64/lib/libutils.a(bget_malloc.o)
                0x00000000000064a4                bget
                0x00000000000066c0                bgetz
                0x0000000000006748                brel
                0x00000000000069e4                bgetr
                0x0000000000006aac                bpool
                0x0000000000006b80                bstats
                0x0000000000006c18                malloc_reset_stats
                0x0000000000006c30                malloc_get_stats
                0x0000000000006c60                malloc
                0x0000000000006c64                free
                0x0000000000006c78                calloc
                0x0000000000006ce8                realloc
                0x0000000000006d44                memalign
                0x00000000000070ec                malloc_add_pool
                0x000000000000721c                malloc_buffer_is_within_alloced
                0x000000000000739c                malloc_buffer_overlaps_heap
 .text          0x0000000000007408       0xcc /home/lagadanu/Desktop/qemu/optee_os/out/arm/export-ta_arm64/lib/libutils.a(snprintf.o)
                0x0000000000007408                snprintf
                0x0000000000007480                vsnprintf
 .text          0x00000000000074d4       0x34 /home/lagadanu/Desktop/qemu/optee_os/out/arm/export-ta_arm64/lib/libutils.a(memcmp.o)
                0x00000000000074d4                memcmp
 .text          0x0000000000007508       0x4c /home/lagadanu/Desktop/qemu/optee_os/out/arm/export-ta_arm64/lib/libutils.a(memmove.o)
                0x0000000000007508                memmove
 .text          0x0000000000007554       0x1c /home/lagadanu/Desktop/qemu/optee_os/out/arm/export-ta_arm64/lib/libutils.a(memset.o)
                0x0000000000007554                memset
 .text          0x0000000000007570      0x128 /home/lagadanu/Desktop/qemu/optee_os/out/arm/export-ta_arm64/lib/libutils.a(mempool.o)
                0x0000000000007570                mempool_alloc_pool
                0x00000000000075d8                mempool_alloc
                0x0000000000007658                mempool_free
 .text          0x0000000000007698       0x58 /home/lagadanu/Desktop/qemu/optee_os/out/arm/export-ta_arm64/lib/libutee.a(assert.o)
                0x0000000000007698                _assert_log
                0x00000000000076dc                _assert_break
 .text          0x00000000000076f0        0x0 /home/lagadanu/Desktop/qemu/optee_os/out/arm/export-ta_arm64/lib/libutee.a(utee_syscalls_a64.o)
 .text          0x00000000000076f0        0x0 /home/lagadanu/Desktop/qemu/optee_os/out/arm/export-ta_arm64/lib/libutee.a(gprof_a64.o)
 *(SORT(.stub))
 *(SORT(.glue_7))
 *(SORT(.glue_7t))
 *(SORT(.gnu.linkonce.t.*))
 *(SORT(.vfp11_veneer))
                [!provide]                        PROVIDE (_mcount, __utee_mcount)
                0x00000000000076f0                __text_end = .

.plt            0x00000000000076f0        0x0
 *(SORT(.plt))
 .plt           0x00000000000076f0        0x0 out/ta_sdp_basic.o

.eh_frame
 *(SORT(.eh_frame))

.rodata         0x00000000000076f0     0x1645
 *(SORT(.gnu.linkonce.r.*))
 *(SORT(.rodata) SORT(.rodata.*))
 .rodata.ta_sdp_basic.c
                0x00000000000076f0       0x81 out/ta_sdp_basic.o
 *fill*         0x0000000000007771        0x7 
 .rodata.user_ta_header.c
                0x0000000000007778       0x23 out/user_ta_header.o
                0x0000000000007778                ta_num_props
                0x0000000000007790                ta_heap_size
                0x0000000000007798                trace_ext_prefix
 *fill*         0x000000000000779b        0x5 
 .rodata.lib/libutils/ext/trace.c
                0x00000000000077a0        0x5 /home/lagadanu/Desktop/qemu/optee_os/out/arm/export-ta_arm64/lib/libutils.a(trace.o)
 *fill*         0x00000000000077a5        0x3 
 .rodata.lib/libutils/ext/snprintk.c
                0x00000000000077a8       0x29 /home/lagadanu/Desktop/qemu/optee_os/out/arm/export-ta_arm64/lib/libutils.a(snprintk.o)
 *fill*         0x00000000000077d1        0x7 
 .rodata.lib/libutee/tee_api.c
                0x00000000000077d8       0x1b /home/lagadanu/Desktop/qemu/optee_os/out/arm/export-ta_arm64/lib/libutee.a(tee_api.o)
 *fill*         0x00000000000077f3        0x5 
 .rodata.lib/libmpa/mpa_misc.c
                0x00000000000077f8       0x2c /home/lagadanu/Desktop/qemu/optee_os/out/arm/export-ta_arm64/lib/libmpa.a(mpa_misc.o)
                0x00000000000077f8                const_one
                0x0000000000007808                Const_1_LShift_Base
                0x0000000000007818                const_largest_deci_base
 *fill*         0x0000000000007824        0x4 
 .rodata.lib/libmpa/mpa_primetest.c
                0x0000000000007828      0xd38 /home/lagadanu/Desktop/qemu/optee_os/out/arm/export-ta_arm64/lib/libmpa.a(mpa_primetest.o)
                0x0000000000007828                PRIME_TABLE
                0x0000000000008558                NR_STORED_PRIMES
                0x000000000000855c                MAX_TABULATED_PRIME
 .rodata.lib/libmpa/mpa_io.c
                0x0000000000008560       0x1c /home/lagadanu/Desktop/qemu/optee_os/out/arm/export-ta_arm64/lib/libmpa.a(mpa_io.o)
 *fill*         0x000000000000857c        0x4 
 .rodata.lib/libutils/isoc/bget_malloc.c
                0x0000000000008580       0xab /home/lagadanu/Desktop/qemu/optee_os/out/arm/export-ta_arm64/lib/libutils.a(bget_malloc.o)
 *fill*         0x000000000000862b        0x5 
 .rodata.lib/libutils/ext/mempool.c
                0x0000000000008630       0x13 /home/lagadanu/Desktop/qemu/optee_os/out/arm/export-ta_arm64/lib/libutils.a(mempool.o)
 .rodata.str1.1.ta_sdp_basic.c
                0x0000000000008643       0xd1 out/ta_sdp_basic.o
 .rodata.str1.1.user_ta_header.c
                0x0000000000008714       0xae out/user_ta_header.o
 .rodata.str1.1.lib/libutils/ext/trace.c
                0x00000000000087c2       0x1a /home/lagadanu/Desktop/qemu/optee_os/out/arm/export-ta_arm64/lib/libutils.a(trace.o)
                                         0x1b (size before relaxing)
 .rodata.str1.1.lib/libutils/ext/snprintk.c
                0x00000000000087dc       0x38 /home/lagadanu/Desktop/qemu/optee_os/out/arm/export-ta_arm64/lib/libutils.a(snprintk.o)
 .rodata.str1.1.lib/libutee/trace_ext.c
                0x0000000000008814       0x38 /home/lagadanu/Desktop/qemu/optee_os/out/arm/export-ta_arm64/lib/libutee.a(trace_ext.o)
                                          0x2 (size before relaxing)
 .rodata.str1.1.lib/libutee/tee_api.c
                0x0000000000008814       0x11 /home/lagadanu/Desktop/qemu/optee_os/out/arm/export-ta_arm64/lib/libutee.a(tee_api.o)
 .rodata.str1.1.lib/libutee/tee_api_arith.c
                0x0000000000008825       0x5b /home/lagadanu/Desktop/qemu/optee_os/out/arm/export-ta_arm64/lib/libutee.a(tee_api_arith.o)
 .rodata.str1.1.lib/libmpa/mpa_io.c
                0x0000000000008880       0x5f /home/lagadanu/Desktop/qemu/optee_os/out/arm/export-ta_arm64/lib/libmpa.a(mpa_io.o)
 .rodata.str1.1.lib/libutils/isoc/bget_malloc.c
                0x00000000000088df      0x3f0 /home/lagadanu/Desktop/qemu/optee_os/out/arm/export-ta_arm64/lib/libutils.a(bget_malloc.o)
                                        0x3f9 (size before relaxing)
 .rodata.str1.1.lib/libutils/ext/mempool.c
                0x0000000000008ccf       0x3f /home/lagadanu/Desktop/qemu/optee_os/out/arm/export-ta_arm64/lib/libutils.a(mempool.o)
 .rodata.str1.1.lib/libutee/assert.c
                0x0000000000008d0e       0x27 /home/lagadanu/Desktop/qemu/optee_os/out/arm/export-ta_arm64/lib/libutee.a(assert.o)

.gnu.version_d  0x0000000000008d38        0x0
 .gnu.version_d
                0x0000000000008d38        0x0 out/ta_sdp_basic.o

.gnu.version    0x0000000000008d36        0x0
 .gnu.version   0x0000000000008d36        0x0 out/ta_sdp_basic.o

.gnu.version_r  0x0000000000008d38        0x0
 .gnu.version_r
                0x0000000000008d38        0x0 out/ta_sdp_basic.o

.rela.dyn       0x0000000000008d38      0x1c8
 .rela.ifunc    0x0000000000008d38        0x0 out/ta_sdp_basic.o
 .rela.data.rel.ro.local
                0x0000000000008d38      0x150 out/ta_sdp_basic.o
 .rela.ta_head  0x0000000000008e88       0x18 out/ta_sdp_basic.o
 .rela.data.rel
                0x0000000000008ea0       0x18 out/ta_sdp_basic.o
 .rela.data.rel.local
                0x0000000000008eb8       0x48 out/ta_sdp_basic.o

.ARM.exidx
 *(SORT(.ARM.exidx*) SORT(.gnu.linkonce.armexidx.*))

.ctors
 *(SORT(.ctors))

.dtors
 *(SORT(.dtors))

.got            0x0000000000008f00       0x68
 *(SORT(.got.plt))
 .got.plt       0x0000000000008f00       0x18 out/ta_sdp_basic.o
 *(SORT(.got))
 .got           0x0000000000008f18       0x50 out/ta_sdp_basic.o
                0x0000000000008f18                _GLOBAL_OFFSET_TABLE_

.rel.text
 *(SORT(.rel.text))
 *(SORT(.rel.gnu.linkonce.t*))

.rela.text
 *(SORT(.rela.text))
 *(SORT(.rela.gnu.linkonce.t*))

.rel.data
 *(SORT(.rel.data))
 *(SORT(.rel.gnu.linkonce.d*))

.rela.data
 *(SORT(.rela.data))
 *(SORT(.rela.gnu.linkonce.d*))

.rel.rodata
 *(SORT(.rel.rodata))
 *(SORT(.rel.gnu.linkonce.r*))

.rela.rodata
 *(SORT(.rela.rodata))
 *(SORT(.rela.gnu.linkonce.r*))

.rel.dyn
 *(SORT(.rel.dyn))

.rel.got
 *(SORT(.rel.got))

.rela.got       0x0000000000008f68       0xd8
 *(SORT(.rela.got))
 .rela.got      0x0000000000008f68       0xd8 out/ta_sdp_basic.o

.rel.ctors
 *(SORT(.rel.ctors))

.rela.ctors
 *(SORT(.rela.ctors))

.rel.dtors
 *(SORT(.rel.dtors))

.rela.dtors
 *(SORT(.rela.dtors))

.rel.init
 *(SORT(.rel.init))

.rela.init
 *(SORT(.rela.init))

.rel.fini
 *(SORT(.rel.fini))

.rela.fini
 *(SORT(.rela.fini))

.rel.bss
 *(SORT(.rel.bss))

.rela.bss
 *(SORT(.rela.bss))

.rel.plt
 *(SORT(.rel.plt))

.rela.plt       0x0000000000009040        0x0
 *(SORT(.rela.plt))
 .rela.plt      0x0000000000009040        0x0 out/ta_sdp_basic.o

.dynamic        0x0000000000009040      0x100
 *(SORT(.dynamic))
 .dynamic       0x0000000000009040      0x100 out/ta_sdp_basic.o
                0x0000000000009040                _DYNAMIC

.dynsym         0x0000000000009140      0x120
 *(SORT(.dynsym))
 .dynsym        0x0000000000009140      0x120 out/ta_sdp_basic.o

.dynstr         0x0000000000009260       0x72
 *(SORT(.dynstr))
 .dynstr        0x0000000000009260       0x72 out/ta_sdp_basic.o

.hash           0x00000000000092d8       0x44
 *(SORT(.hash))
 .hash          0x00000000000092d8       0x44 out/ta_sdp_basic.o
                0x000000000000a000                . = ALIGN (0x1000)

.data           0x000000000000a000       0xfc
 *(SORT(.data) SORT(.data.*) SORT(.gnu.linkonce.d.*))
 .data.rel.ro.local
                0x000000000000a000       0xa8 out/user_ta_header.o
                0x000000000000a000                ta_props
 .data.rel      0x000000000000a0a8        0x8 /home/lagadanu/Desktop/qemu/optee_os/out/arm/export-ta_arm64/lib/libutee.a(user_ta_entry.o)
                0x000000000000a0a8                _ref__utee_mcount
 .data.rel.local
                0x000000000000a0b0       0x10 /home/lagadanu/Desktop/qemu/optee_os/out/arm/export-ta_arm64/lib/libutee.a(user_ta_entry.o)
 .data.rel.local
                0x000000000000a0c0       0x38 /home/lagadanu/Desktop/qemu/optee_os/out/arm/export-ta_arm64/lib/libutils.a(bget_malloc.o)
 .data          0x000000000000a0f8        0x4 out/user_ta_header.o
                0x000000000000a0f8                trace_level
 .data          0x000000000000a0fc        0x0 out/ta_sdp_basic.o
 .data          0x000000000000a0fc        0x0 /home/lagadanu/Desktop/qemu/optee_os/out/arm/export-ta_arm64/lib/libutils.a(memcpy.o)
 .data          0x000000000000a0fc        0x0 /home/lagadanu/Desktop/qemu/optee_os/out/arm/export-ta_arm64/lib/libutils.a(trace.o)
 .data          0x000000000000a0fc        0x0 /home/lagadanu/Desktop/qemu/optee_os/out/arm/export-ta_arm64/lib/libutils.a(snprintk.o)
 .data          0x000000000000a0fc        0x0 /home/lagadanu/Desktop/qemu/optee_os/out/arm/export-ta_arm64/lib/libutils.a(memchr.o)
 .data          0x000000000000a0fc        0x0 /home/lagadanu/Desktop/qemu/optee_os/out/arm/export-ta_arm64/lib/libutils.a(strlen.o)
 .data          0x000000000000a0fc        0x0 /home/lagadanu/Desktop/qemu/optee_os/out/arm/export-ta_arm64/lib/libutee.a(trace_ext.o)
 .data          0x000000000000a0fc        0x0 /home/lagadanu/Desktop/qemu/optee_os/out/arm/export-ta_arm64/lib/libutee.a(tee_api.o)
 .data          0x000000000000a0fc        0x0 /home/lagadanu/Desktop/qemu/optee_os/out/arm/export-ta_arm64/lib/libutee.a(tee_api_panic.o)
 .data          0x000000000000a0fc        0x0 /home/lagadanu/Desktop/qemu/optee_os/out/arm/export-ta_arm64/lib/libutee.a(user_ta_entry.o)
 .data          0x000000000000a0fc        0x0 /home/lagadanu/Desktop/qemu/optee_os/out/arm/export-ta_arm64/lib/libutee.a(utee_syscalls_a64.o)
 .data          0x000000000000a0fc        0x0 /home/lagadanu/Desktop/qemu/optee_os/out/arm/export-ta_arm64/lib/libutee.a(gprof_a64.o)
 .data          0x000000000000a0fc        0x0 /home/lagadanu/Desktop/qemu/optee_os/out/arm/export-ta_arm64/lib/libutee.a(tee_api_arith.o)
 .data          0x000000000000a0fc        0x0 /home/lagadanu/Desktop/qemu/optee_os/out/arm/export-ta_arm64/lib/libmpa.a(mpa_misc.o)
 .data          0x000000000000a0fc        0x0 /home/lagadanu/Desktop/qemu/optee_os/out/arm/export-ta_arm64/lib/libmpa.a(mpa_montgomery.o)
 .data          0x000000000000a0fc        0x0 /home/lagadanu/Desktop/qemu/optee_os/out/arm/export-ta_arm64/lib/libmpa.a(mpa_primetest.o)
 .data          0x000000000000a0fc        0x0 /home/lagadanu/Desktop/qemu/optee_os/out/arm/export-ta_arm64/lib/libmpa.a(mpa_conv.o)
 .data          0x000000000000a0fc        0x0 /home/lagadanu/Desktop/qemu/optee_os/out/arm/export-ta_arm64/lib/libmpa.a(mpa_div.o)
 .data          0x000000000000a0fc        0x0 /home/lagadanu/Desktop/qemu/optee_os/out/arm/export-ta_arm64/lib/libmpa.a(mpa_gcd.o)
 .data          0x000000000000a0fc        0x0 /home/lagadanu/Desktop/qemu/optee_os/out/arm/export-ta_arm64/lib/libmpa.a(mpa_mem_static.o)
 .data          0x000000000000a0fc        0x0 /home/lagadanu/Desktop/qemu/optee_os/out/arm/export-ta_arm64/lib/libmpa.a(mpa_mul.o)
 .data          0x000000000000a0fc        0x0 /home/lagadanu/Desktop/qemu/optee_os/out/arm/export-ta_arm64/lib/libmpa.a(mpa_random.o)
 .data          0x000000000000a0fc        0x0 /home/lagadanu/Desktop/qemu/optee_os/out/arm/export-ta_arm64/lib/libmpa.a(mpa_shift.o)
 .data          0x000000000000a0fc        0x0 /home/lagadanu/Desktop/qemu/optee_os/out/arm/export-ta_arm64/lib/libmpa.a(mpa_addsub.o)
 .data          0x000000000000a0fc        0x0 /home/lagadanu/Desktop/qemu/optee_os/out/arm/export-ta_arm64/lib/libmpa.a(mpa_cmp.o)
 .data          0x000000000000a0fc        0x0 /home/lagadanu/Desktop/qemu/optee_os/out/arm/export-ta_arm64/lib/libmpa.a(mpa_expmod.o)
 .data          0x000000000000a0fc        0x0 /home/lagadanu/Desktop/qemu/optee_os/out/arm/export-ta_arm64/lib/libmpa.a(mpa_init.o)
 .data          0x000000000000a0fc        0x0 /home/lagadanu/Desktop/qemu/optee_os/out/arm/export-ta_arm64/lib/libmpa.a(mpa_io.o)
 .data          0x000000000000a0fc        0x0 /home/lagadanu/Desktop/qemu/optee_os/out/arm/export-ta_arm64/lib/libmpa.a(mpa_modulus.o)
 .data          0x000000000000a0fc        0x0 /home/lagadanu/Desktop/qemu/optee_os/out/arm/export-ta_arm64/lib/libutils.a(bget_malloc.o)
 .data          0x000000000000a0fc        0x0 /home/lagadanu/Desktop/qemu/optee_os/out/arm/export-ta_arm64/lib/libutils.a(snprintf.o)
 .data          0x000000000000a0fc        0x0 /home/lagadanu/Desktop/qemu/optee_os/out/arm/export-ta_arm64/lib/libutils.a(memcmp.o)
 .data          0x000000000000a0fc        0x0 /home/lagadanu/Desktop/qemu/optee_os/out/arm/export-ta_arm64/lib/libutils.a(memmove.o)
 .data          0x000000000000a0fc        0x0 /home/lagadanu/Desktop/qemu/optee_os/out/arm/export-ta_arm64/lib/libutils.a(memset.o)
 .data          0x000000000000a0fc        0x0 /home/lagadanu/Desktop/qemu/optee_os/out/arm/export-ta_arm64/lib/libutils.a(mempool.o)
 .data          0x000000000000a0fc        0x0 /home/lagadanu/Desktop/qemu/optee_os/out/arm/export-ta_arm64/lib/libutee.a(assert.o)

.bss            0x000000000000a100     0xaa50
 *(SORT(.bss) SORT(.bss.*) SORT(.gnu.linkonce.b.*) SORT(COMMON))
 .bss           0x000000000000a100       0x10 out/ta_sdp_basic.o
 COMMON         0x000000000000a110     0x8000 out/user_ta_header.o
                0x000000000000a110                ta_heap
 .bss           0x0000000000012110        0x8 /home/lagadanu/Desktop/qemu/optee_os/out/arm/export-ta_arm64/lib/libutee.a(tee_api.o)
 COMMON         0x0000000000012118       0x48 /home/lagadanu/Desktop/qemu/optee_os/out/arm/export-ta_arm64/lib/libutee.a(user_ta_entry.o)
                0x0000000000012118                ta_param_types
                0x0000000000012120                ta_params
 .bss           0x0000000000012160     0x1998 /home/lagadanu/Desktop/qemu/optee_os/out/arm/export-ta_arm64/lib/libutee.a(tee_api_arith.o)
 .bss           0x0000000000013af8     0x1002 /home/lagadanu/Desktop/qemu/optee_os/out/arm/export-ta_arm64/lib/libmpa.a(mpa_io.o)
 *fill*         0x0000000000014afa        0x6 
 .bss           0x0000000000014b00       0x48 /home/lagadanu/Desktop/qemu/optee_os/out/arm/export-ta_arm64/lib/libutils.a(bget_malloc.o)
 .bss           0x0000000000014b48        0x0 out/user_ta_header.o
 .bss           0x0000000000014b48        0x0 /home/lagadanu/Desktop/qemu/optee_os/out/arm/export-ta_arm64/lib/libutils.a(memcpy.o)
 .bss           0x0000000000014b48        0x0 /home/lagadanu/Desktop/qemu/optee_os/out/arm/export-ta_arm64/lib/libutils.a(trace.o)
 .bss           0x0000000000014b48        0x0 /home/lagadanu/Desktop/qemu/optee_os/out/arm/export-ta_arm64/lib/libutils.a(snprintk.o)
 .bss           0x0000000000014b48        0x0 /home/lagadanu/Desktop/qemu/optee_os/out/arm/export-ta_arm64/lib/libutils.a(memchr.o)
 .bss           0x0000000000014b48        0x0 /home/lagadanu/Desktop/qemu/optee_os/out/arm/export-ta_arm64/lib/libutils.a(strlen.o)
 .bss           0x0000000000014b48        0x0 /home/lagadanu/Desktop/qemu/optee_os/out/arm/export-ta_arm64/lib/libutee.a(trace_ext.o)
 .bss           0x0000000000014b48        0x0 /home/lagadanu/Desktop/qemu/optee_os/out/arm/export-ta_arm64/lib/libutee.a(tee_api_panic.o)
 .bss           0x0000000000014b48        0x1 /home/lagadanu/Desktop/qemu/optee_os/out/arm/export-ta_arm64/lib/libutee.a(user_ta_entry.o)
 .bss           0x0000000000014b49        0x0 /home/lagadanu/Desktop/qemu/optee_os/out/arm/export-ta_arm64/lib/libutee.a(utee_syscalls_a64.o)
 .bss           0x0000000000014b49        0x0 /home/lagadanu/Desktop/qemu/optee_os/out/arm/export-ta_arm64/lib/libutee.a(gprof_a64.o)
 .bss           0x0000000000014b49        0x0 /home/lagadanu/Desktop/qemu/optee_os/out/arm/export-ta_arm64/lib/libmpa.a(mpa_misc.o)
 .bss           0x0000000000014b49        0x0 /home/lagadanu/Desktop/qemu/optee_os/out/arm/export-ta_arm64/lib/libmpa.a(mpa_montgomery.o)
 .bss           0x0000000000014b49        0x0 /home/lagadanu/Desktop/qemu/optee_os/out/arm/export-ta_arm64/lib/libmpa.a(mpa_primetest.o)
 .bss           0x0000000000014b49        0x0 /home/lagadanu/Desktop/qemu/optee_os/out/arm/export-ta_arm64/lib/libmpa.a(mpa_conv.o)
 .bss           0x0000000000014b49        0x0 /home/lagadanu/Desktop/qemu/optee_os/out/arm/export-ta_arm64/lib/libmpa.a(mpa_div.o)
 .bss           0x0000000000014b49        0x0 /home/lagadanu/Desktop/qemu/optee_os/out/arm/export-ta_arm64/lib/libmpa.a(mpa_gcd.o)
 .bss           0x0000000000014b49        0x0 /home/lagadanu/Desktop/qemu/optee_os/out/arm/export-ta_arm64/lib/libmpa.a(mpa_mem_static.o)
 .bss           0x0000000000014b49        0x0 /home/lagadanu/Desktop/qemu/optee_os/out/arm/export-ta_arm64/lib/libmpa.a(mpa_mul.o)
 .bss           0x0000000000014b49        0x0 /home/lagadanu/Desktop/qemu/optee_os/out/arm/export-ta_arm64/lib/libmpa.a(mpa_random.o)
 .bss           0x0000000000014b49        0x0 /home/lagadanu/Desktop/qemu/optee_os/out/arm/export-ta_arm64/lib/libmpa.a(mpa_shift.o)
 .bss           0x0000000000014b49        0x0 /home/lagadanu/Desktop/qemu/optee_os/out/arm/export-ta_arm64/lib/libmpa.a(mpa_addsub.o)
 .bss           0x0000000000014b49        0x0 /home/lagadanu/Desktop/qemu/optee_os/out/arm/export-ta_arm64/lib/libmpa.a(mpa_cmp.o)
 .bss           0x0000000000014b49        0x0 /home/lagadanu/Desktop/qemu/optee_os/out/arm/export-ta_arm64/lib/libmpa.a(mpa_expmod.o)
 .bss           0x0000000000014b49        0x0 /home/lagadanu/Desktop/qemu/optee_os/out/arm/export-ta_arm64/lib/libmpa.a(mpa_init.o)
 .bss           0x0000000000014b49        0x0 /home/lagadanu/Desktop/qemu/optee_os/out/arm/export-ta_arm64/lib/libmpa.a(mpa_modulus.o)
 .bss           0x0000000000014b49        0x0 /home/lagadanu/Desktop/qemu/optee_os/out/arm/export-ta_arm64/lib/libutils.a(snprintf.o)
 .bss           0x0000000000014b49        0x0 /home/lagadanu/Desktop/qemu/optee_os/out/arm/export-ta_arm64/lib/libutils.a(memcmp.o)
 .bss           0x0000000000014b49        0x0 /home/lagadanu/Desktop/qemu/optee_os/out/arm/export-ta_arm64/lib/libutils.a(memmove.o)
 .bss           0x0000000000014b49        0x0 /home/lagadanu/Desktop/qemu/optee_os/out/arm/export-ta_arm64/lib/libutils.a(memset.o)
 .bss           0x0000000000014b49        0x0 /home/lagadanu/Desktop/qemu/optee_os/out/arm/export-ta_arm64/lib/libutils.a(mempool.o)
 .bss           0x0000000000014b49        0x0 /home/lagadanu/Desktop/qemu/optee_os/out/arm/export-ta_arm64/lib/libutee.a(assert.o)
                0x0000000000014b50                . = ALIGN (0x8)
 *fill*         0x0000000000014b49        0x7 
                0x0000000000014b50                __gprof_buf_start = .
                0x0000000000014b50                . = (. + DEFINED (_mcount)?(((__text_end - __text_start) * 0xb1) / 0x64):0x0)
                0x0000000000014b50                __gprof_buf_end = .

.dynbss         0x0000000000014b50        0x0
 .dynbss        0x0000000000014b50        0x0 out/ta_sdp_basic.o

/DISCARD/
 *(SORT(.interp))
LOAD out/ta_sdp_basic.o
LOAD out/user_ta_header.o
START GROUP
LOAD /home/lagadanu/Desktop/qemu/optee_os/out/arm/export-ta_arm64/lib/libutils.a
LOAD /home/lagadanu/Desktop/qemu/optee_os/out/arm/export-ta_arm64/lib/libutee.a
LOAD /home/lagadanu/Desktop/qemu/optee_os/out/arm/export-ta_arm64/lib/libmpa.a
LOAD /home/lagadanu/Desktop/qemu/optee_os/out/arm/export-ta_arm64/lib/libmbedtls.a
END GROUP
OUTPUT(out/12345678-5b69-11e4-9dbb-101f74f00099.elf elf64-littleaarch64)

.debug_info     0x0000000000000000     0xf0a6
 .debug_info    0x0000000000000000      0x9c7 out/ta_sdp_basic.o
 .debug_info    0x00000000000009c7      0x3a1 out/user_ta_header.o
 .debug_info    0x0000000000000d68       0xde /home/lagadanu/Desktop/qemu/optee_os/out/arm/export-ta_arm64/lib/libutils.a(memcpy.o)
 .debug_info    0x0000000000000e46      0x53e /home/lagadanu/Desktop/qemu/optee_os/out/arm/export-ta_arm64/lib/libutils.a(trace.o)
 .debug_info    0x0000000000001384      0x752 /home/lagadanu/Desktop/qemu/optee_os/out/arm/export-ta_arm64/lib/libutils.a(snprintk.o)
 .debug_info    0x0000000000001ad6       0xdb /home/lagadanu/Desktop/qemu/optee_os/out/arm/export-ta_arm64/lib/libutils.a(memchr.o)
 .debug_info    0x0000000000001bb1       0xa4 /home/lagadanu/Desktop/qemu/optee_os/out/arm/export-ta_arm64/lib/libutils.a(strlen.o)
 .debug_info    0x0000000000001c55      0x341 /home/lagadanu/Desktop/qemu/optee_os/out/arm/export-ta_arm64/lib/libutee.a(trace_ext.o)
 .debug_info    0x0000000000001f96     0x1061 /home/lagadanu/Desktop/qemu/optee_os/out/arm/export-ta_arm64/lib/libutee.a(tee_api.o)
 .debug_info    0x0000000000002ff7      0x113 /home/lagadanu/Desktop/qemu/optee_os/out/arm/export-ta_arm64/lib/libutee.a(tee_api_panic.o)
 .debug_info    0x000000000000310a      0xbb0 /home/lagadanu/Desktop/qemu/optee_os/out/arm/export-ta_arm64/lib/libutee.a(user_ta_entry.o)
 .debug_info    0x0000000000003cba       0x72 /home/lagadanu/Desktop/qemu/optee_os/out/arm/export-ta_arm64/lib/libutee.a(utee_syscalls_a64.o)
 .debug_info    0x0000000000003d2c       0x7c /home/lagadanu/Desktop/qemu/optee_os/out/arm/export-ta_arm64/lib/libutee.a(gprof_a64.o)
 .debug_info    0x0000000000003da8     0x1c8f /home/lagadanu/Desktop/qemu/optee_os/out/arm/export-ta_arm64/lib/libutee.a(tee_api_arith.o)
 .debug_info    0x0000000000005a37      0x3fc /home/lagadanu/Desktop/qemu/optee_os/out/arm/export-ta_arm64/lib/libmpa.a(mpa_misc.o)
 .debug_info    0x0000000000005e33      0x83f /home/lagadanu/Desktop/qemu/optee_os/out/arm/export-ta_arm64/lib/libmpa.a(mpa_montgomery.o)
 .debug_info    0x0000000000006672      0xa21 /home/lagadanu/Desktop/qemu/optee_os/out/arm/export-ta_arm64/lib/libmpa.a(mpa_primetest.o)
 .debug_info    0x0000000000007093      0x228 /home/lagadanu/Desktop/qemu/optee_os/out/arm/export-ta_arm64/lib/libmpa.a(mpa_conv.o)
 .debug_info    0x00000000000072bb      0xb6a /home/lagadanu/Desktop/qemu/optee_os/out/arm/export-ta_arm64/lib/libmpa.a(mpa_div.o)
 .debug_info    0x0000000000007e25      0xf23 /home/lagadanu/Desktop/qemu/optee_os/out/arm/export-ta_arm64/lib/libmpa.a(mpa_gcd.o)
 .debug_info    0x0000000000008d48      0x307 /home/lagadanu/Desktop/qemu/optee_os/out/arm/export-ta_arm64/lib/libmpa.a(mpa_mem_static.o)
 .debug_info    0x000000000000904f      0x6a8 /home/lagadanu/Desktop/qemu/optee_os/out/arm/export-ta_arm64/lib/libmpa.a(mpa_mul.o)
 .debug_info    0x00000000000096f7      0x3fe /home/lagadanu/Desktop/qemu/optee_os/out/arm/export-ta_arm64/lib/libmpa.a(mpa_random.o)
 .debug_info    0x0000000000009af5      0x3f3 /home/lagadanu/Desktop/qemu/optee_os/out/arm/export-ta_arm64/lib/libmpa.a(mpa_shift.o)
 .debug_info    0x0000000000009ee8      0xcb3 /home/lagadanu/Desktop/qemu/optee_os/out/arm/export-ta_arm64/lib/libmpa.a(mpa_addsub.o)
 .debug_info    0x000000000000ab9b      0x32e /home/lagadanu/Desktop/qemu/optee_os/out/arm/export-ta_arm64/lib/libmpa.a(mpa_cmp.o)
 .debug_info    0x000000000000aec9      0x525 /home/lagadanu/Desktop/qemu/optee_os/out/arm/export-ta_arm64/lib/libmpa.a(mpa_expmod.o)
 .debug_info    0x000000000000b3ee      0x243 /home/lagadanu/Desktop/qemu/optee_os/out/arm/export-ta_arm64/lib/libmpa.a(mpa_init.o)
 .debug_info    0x000000000000b631      0xb0f /home/lagadanu/Desktop/qemu/optee_os/out/arm/export-ta_arm64/lib/libmpa.a(mpa_io.o)
 .debug_info    0x000000000000c140      0x75d /home/lagadanu/Desktop/qemu/optee_os/out/arm/export-ta_arm64/lib/libmpa.a(mpa_modulus.o)
 .debug_info    0x000000000000c89d     0x1e4c /home/lagadanu/Desktop/qemu/optee_os/out/arm/export-ta_arm64/lib/libutils.a(bget_malloc.o)
 .debug_info    0x000000000000e6e9      0x213 /home/lagadanu/Desktop/qemu/optee_os/out/arm/export-ta_arm64/lib/libutils.a(snprintf.o)
 .debug_info    0x000000000000e8fc       0xd2 /home/lagadanu/Desktop/qemu/optee_os/out/arm/export-ta_arm64/lib/libutils.a(memcmp.o)
 .debug_info    0x000000000000e9ce       0xdc /home/lagadanu/Desktop/qemu/optee_os/out/arm/export-ta_arm64/lib/libutils.a(memmove.o)
 .debug_info    0x000000000000eaaa       0xba /home/lagadanu/Desktop/qemu/optee_os/out/arm/export-ta_arm64/lib/libutils.a(memset.o)
 .debug_info    0x000000000000eb64      0x39c /home/lagadanu/Desktop/qemu/optee_os/out/arm/export-ta_arm64/lib/libutils.a(mempool.o)
 .debug_info    0x000000000000ef00      0x1a6 /home/lagadanu/Desktop/qemu/optee_os/out/arm/export-ta_arm64/lib/libutee.a(assert.o)

.debug_abbrev   0x0000000000000000     0x3b96
 .debug_abbrev  0x0000000000000000      0x29a out/ta_sdp_basic.o
 .debug_abbrev  0x000000000000029a      0x13c out/user_ta_header.o
 .debug_abbrev  0x00000000000003d6       0x9c /home/lagadanu/Desktop/qemu/optee_os/out/arm/export-ta_arm64/lib/libutils.a(memcpy.o)
 .debug_abbrev  0x0000000000000472      0x21d /home/lagadanu/Desktop/qemu/optee_os/out/arm/export-ta_arm64/lib/libutils.a(trace.o)
 .debug_abbrev  0x000000000000068f      0x276 /home/lagadanu/Desktop/qemu/optee_os/out/arm/export-ta_arm64/lib/libutils.a(snprintk.o)
 .debug_abbrev  0x0000000000000905       0xae /home/lagadanu/Desktop/qemu/optee_os/out/arm/export-ta_arm64/lib/libutils.a(memchr.o)
 .debug_abbrev  0x00000000000009b3       0x79 /home/lagadanu/Desktop/qemu/optee_os/out/arm/export-ta_arm64/lib/libutils.a(strlen.o)
 .debug_abbrev  0x0000000000000a2c      0x174 /home/lagadanu/Desktop/qemu/optee_os/out/arm/export-ta_arm64/lib/libutee.a(trace_ext.o)
 .debug_abbrev  0x0000000000000ba0      0x2ab /home/lagadanu/Desktop/qemu/optee_os/out/arm/export-ta_arm64/lib/libutee.a(tee_api.o)
 .debug_abbrev  0x0000000000000e4b       0xb4 /home/lagadanu/Desktop/qemu/optee_os/out/arm/export-ta_arm64/lib/libutee.a(tee_api_panic.o)
 .debug_abbrev  0x0000000000000eff      0x2da /home/lagadanu/Desktop/qemu/optee_os/out/arm/export-ta_arm64/lib/libutee.a(user_ta_entry.o)
 .debug_abbrev  0x00000000000011d9       0x12 /home/lagadanu/Desktop/qemu/optee_os/out/arm/export-ta_arm64/lib/libutee.a(utee_syscalls_a64.o)
 .debug_abbrev  0x00000000000011eb       0x14 /home/lagadanu/Desktop/qemu/optee_os/out/arm/export-ta_arm64/lib/libutee.a(gprof_a64.o)
 .debug_abbrev  0x00000000000011ff      0x2fe /home/lagadanu/Desktop/qemu/optee_os/out/arm/export-ta_arm64/lib/libutee.a(tee_api_arith.o)
 .debug_abbrev  0x00000000000014fd      0x154 /home/lagadanu/Desktop/qemu/optee_os/out/arm/export-ta_arm64/lib/libmpa.a(mpa_misc.o)
 .debug_abbrev  0x0000000000001651      0x239 /home/lagadanu/Desktop/qemu/optee_os/out/arm/export-ta_arm64/lib/libmpa.a(mpa_montgomery.o)
 .debug_abbrev  0x000000000000188a      0x259 /home/lagadanu/Desktop/qemu/optee_os/out/arm/export-ta_arm64/lib/libmpa.a(mpa_primetest.o)
 .debug_abbrev  0x0000000000001ae3      0x113 /home/lagadanu/Desktop/qemu/optee_os/out/arm/export-ta_arm64/lib/libmpa.a(mpa_conv.o)
 .debug_abbrev  0x0000000000001bf6      0x28d /home/lagadanu/Desktop/qemu/optee_os/out/arm/export-ta_arm64/lib/libmpa.a(mpa_div.o)
 .debug_abbrev  0x0000000000001e83      0x284 /home/lagadanu/Desktop/qemu/optee_os/out/arm/export-ta_arm64/lib/libmpa.a(mpa_gcd.o)
 .debug_abbrev  0x0000000000002107      0x14b /home/lagadanu/Desktop/qemu/optee_os/out/arm/export-ta_arm64/lib/libmpa.a(mpa_mem_static.o)
 .debug_abbrev  0x0000000000002252      0x1ee /home/lagadanu/Desktop/qemu/optee_os/out/arm/export-ta_arm64/lib/libmpa.a(mpa_mul.o)
 .debug_abbrev  0x0000000000002440      0x1d4 /home/lagadanu/Desktop/qemu/optee_os/out/arm/export-ta_arm64/lib/libmpa.a(mpa_random.o)
 .debug_abbrev  0x0000000000002614      0x14f /home/lagadanu/Desktop/qemu/optee_os/out/arm/export-ta_arm64/lib/libmpa.a(mpa_shift.o)
 .debug_abbrev  0x0000000000002763      0x278 /home/lagadanu/Desktop/qemu/optee_os/out/arm/export-ta_arm64/lib/libmpa.a(mpa_addsub.o)
 .debug_abbrev  0x00000000000029db      0x11d /home/lagadanu/Desktop/qemu/optee_os/out/arm/export-ta_arm64/lib/libmpa.a(mpa_cmp.o)
 .debug_abbrev  0x0000000000002af8      0x16f /home/lagadanu/Desktop/qemu/optee_os/out/arm/export-ta_arm64/lib/libmpa.a(mpa_expmod.o)
 .debug_abbrev  0x0000000000002c67      0x112 /home/lagadanu/Desktop/qemu/optee_os/out/arm/export-ta_arm64/lib/libmpa.a(mpa_init.o)
 .debug_abbrev  0x0000000000002d79      0x38b /home/lagadanu/Desktop/qemu/optee_os/out/arm/export-ta_arm64/lib/libmpa.a(mpa_io.o)
 .debug_abbrev  0x0000000000003104      0x185 /home/lagadanu/Desktop/qemu/optee_os/out/arm/export-ta_arm64/lib/libmpa.a(mpa_modulus.o)
 .debug_abbrev  0x0000000000003289      0x3ea /home/lagadanu/Desktop/qemu/optee_os/out/arm/export-ta_arm64/lib/libutils.a(bget_malloc.o)
 .debug_abbrev  0x0000000000003673      0x11b /home/lagadanu/Desktop/qemu/optee_os/out/arm/export-ta_arm64/lib/libutils.a(snprintf.o)
 .debug_abbrev  0x000000000000378e       0x91 /home/lagadanu/Desktop/qemu/optee_os/out/arm/export-ta_arm64/lib/libutils.a(memcmp.o)
 .debug_abbrev  0x000000000000381f       0x94 /home/lagadanu/Desktop/qemu/optee_os/out/arm/export-ta_arm64/lib/libutils.a(memmove.o)
 .debug_abbrev  0x00000000000038b3       0x93 /home/lagadanu/Desktop/qemu/optee_os/out/arm/export-ta_arm64/lib/libutils.a(memset.o)
 .debug_abbrev  0x0000000000003946      0x186 /home/lagadanu/Desktop/qemu/optee_os/out/arm/export-ta_arm64/lib/libutils.a(mempool.o)
 .debug_abbrev  0x0000000000003acc       0xca /home/lagadanu/Desktop/qemu/optee_os/out/arm/export-ta_arm64/lib/libutee.a(assert.o)

.debug_loc      0x0000000000000000    0x15d10
 .debug_loc     0x0000000000000000      0xa63 out/ta_sdp_basic.o
 .debug_loc     0x0000000000000a63      0x12e /home/lagadanu/Desktop/qemu/optee_os/out/arm/export-ta_arm64/lib/libutils.a(memcpy.o)
 .debug_loc     0x0000000000000b91      0x54e /home/lagadanu/Desktop/qemu/optee_os/out/arm/export-ta_arm64/lib/libutils.a(trace.o)
 .debug_loc     0x00000000000010df     0x23e8 /home/lagadanu/Desktop/qemu/optee_os/out/arm/export-ta_arm64/lib/libutils.a(snprintk.o)
 .debug_loc     0x00000000000034c7      0x124 /home/lagadanu/Desktop/qemu/optee_os/out/arm/export-ta_arm64/lib/libutils.a(memchr.o)
 .debug_loc     0x00000000000035eb       0x82 /home/lagadanu/Desktop/qemu/optee_os/out/arm/export-ta_arm64/lib/libutils.a(strlen.o)
 .debug_loc     0x000000000000366d      0x1a2 /home/lagadanu/Desktop/qemu/optee_os/out/arm/export-ta_arm64/lib/libutee.a(trace_ext.o)
 .debug_loc     0x000000000000380f      0xeee /home/lagadanu/Desktop/qemu/optee_os/out/arm/export-ta_arm64/lib/libutee.a(tee_api.o)
 .debug_loc     0x00000000000046fd       0x39 /home/lagadanu/Desktop/qemu/optee_os/out/arm/export-ta_arm64/lib/libutee.a(tee_api_panic.o)
 .debug_loc     0x0000000000004736      0x86a /home/lagadanu/Desktop/qemu/optee_os/out/arm/export-ta_arm64/lib/libutee.a(user_ta_entry.o)
 .debug_loc     0x0000000000004fa0     0x3194 /home/lagadanu/Desktop/qemu/optee_os/out/arm/export-ta_arm64/lib/libutee.a(tee_api_arith.o)
 .debug_loc     0x0000000000008134      0x503 /home/lagadanu/Desktop/qemu/optee_os/out/arm/export-ta_arm64/lib/libmpa.a(mpa_misc.o)
 .debug_loc     0x0000000000008637      0xc00 /home/lagadanu/Desktop/qemu/optee_os/out/arm/export-ta_arm64/lib/libmpa.a(mpa_montgomery.o)
 .debug_loc     0x0000000000009237      0x60d /home/lagadanu/Desktop/qemu/optee_os/out/arm/export-ta_arm64/lib/libmpa.a(mpa_primetest.o)
 .debug_loc     0x0000000000009844      0x1b9 /home/lagadanu/Desktop/qemu/optee_os/out/arm/export-ta_arm64/lib/libmpa.a(mpa_conv.o)
 .debug_loc     0x00000000000099fd     0x100c /home/lagadanu/Desktop/qemu/optee_os/out/arm/export-ta_arm64/lib/libmpa.a(mpa_div.o)
 .debug_loc     0x000000000000aa09      0xefd /home/lagadanu/Desktop/qemu/optee_os/out/arm/export-ta_arm64/lib/libmpa.a(mpa_gcd.o)
 .debug_loc     0x000000000000b906      0x216 /home/lagadanu/Desktop/qemu/optee_os/out/arm/export-ta_arm64/lib/libmpa.a(mpa_mem_static.o)
 .debug_loc     0x000000000000bb1c      0xb56 /home/lagadanu/Desktop/qemu/optee_os/out/arm/export-ta_arm64/lib/libmpa.a(mpa_mul.o)
 .debug_loc     0x000000000000c672      0x38d /home/lagadanu/Desktop/qemu/optee_os/out/arm/export-ta_arm64/lib/libmpa.a(mpa_random.o)
 .debug_loc     0x000000000000c9ff      0x962 /home/lagadanu/Desktop/qemu/optee_os/out/arm/export-ta_arm64/lib/libmpa.a(mpa_shift.o)
 .debug_loc     0x000000000000d361     0x1c34 /home/lagadanu/Desktop/qemu/optee_os/out/arm/export-ta_arm64/lib/libmpa.a(mpa_addsub.o)
 .debug_loc     0x000000000000ef95      0x53d /home/lagadanu/Desktop/qemu/optee_os/out/arm/export-ta_arm64/lib/libmpa.a(mpa_cmp.o)
 .debug_loc     0x000000000000f4d2      0x5e9 /home/lagadanu/Desktop/qemu/optee_os/out/arm/export-ta_arm64/lib/libmpa.a(mpa_expmod.o)
 .debug_loc     0x000000000000fabb      0x11e /home/lagadanu/Desktop/qemu/optee_os/out/arm/export-ta_arm64/lib/libmpa.a(mpa_init.o)
 .debug_loc     0x000000000000fbd9     0x16cd /home/lagadanu/Desktop/qemu/optee_os/out/arm/export-ta_arm64/lib/libmpa.a(mpa_io.o)
 .debug_loc     0x00000000000112a6      0x826 /home/lagadanu/Desktop/qemu/optee_os/out/arm/export-ta_arm64/lib/libmpa.a(mpa_modulus.o)
 .debug_loc     0x0000000000011acc     0x37ff /home/lagadanu/Desktop/qemu/optee_os/out/arm/export-ta_arm64/lib/libutils.a(bget_malloc.o)
 .debug_loc     0x00000000000152cb      0x18f /home/lagadanu/Desktop/qemu/optee_os/out/arm/export-ta_arm64/lib/libutils.a(snprintf.o)
 .debug_loc     0x000000000001545a      0x1ac /home/lagadanu/Desktop/qemu/optee_os/out/arm/export-ta_arm64/lib/libutils.a(memcmp.o)
 .debug_loc     0x0000000000015606      0x173 /home/lagadanu/Desktop/qemu/optee_os/out/arm/export-ta_arm64/lib/libutils.a(memmove.o)
 .debug_loc     0x0000000000015779       0xc1 /home/lagadanu/Desktop/qemu/optee_os/out/arm/export-ta_arm64/lib/libutils.a(memset.o)
 .debug_loc     0x000000000001583a      0x3b9 /home/lagadanu/Desktop/qemu/optee_os/out/arm/export-ta_arm64/lib/libutils.a(mempool.o)
 .debug_loc     0x0000000000015bf3      0x11d /home/lagadanu/Desktop/qemu/optee_os/out/arm/export-ta_arm64/lib/libutee.a(assert.o)

.debug_aranges  0x0000000000000000      0xb70
 .debug_aranges
                0x0000000000000000       0x30 out/ta_sdp_basic.o
 .debug_aranges
                0x0000000000000030       0x30 out/user_ta_header.o
 .debug_aranges
                0x0000000000000060       0x30 /home/lagadanu/Desktop/qemu/optee_os/out/arm/export-ta_arm64/lib/libutils.a(memcpy.o)
 .debug_aranges
                0x0000000000000090       0x30 /home/lagadanu/Desktop/qemu/optee_os/out/arm/export-ta_arm64/lib/libutils.a(trace.o)
 .debug_aranges
                0x00000000000000c0       0x30 /home/lagadanu/Desktop/qemu/optee_os/out/arm/export-ta_arm64/lib/libutils.a(snprintk.o)
 .debug_aranges
                0x00000000000000f0       0x30 /home/lagadanu/Desktop/qemu/optee_os/out/arm/export-ta_arm64/lib/libutils.a(memchr.o)
 .debug_aranges
                0x0000000000000120       0x30 /home/lagadanu/Desktop/qemu/optee_os/out/arm/export-ta_arm64/lib/libutils.a(strlen.o)
 .debug_aranges
                0x0000000000000150       0x30 /home/lagadanu/Desktop/qemu/optee_os/out/arm/export-ta_arm64/lib/libutee.a(trace_ext.o)
 .debug_aranges
                0x0000000000000180       0x30 /home/lagadanu/Desktop/qemu/optee_os/out/arm/export-ta_arm64/lib/libutee.a(tee_api.o)
 .debug_aranges
                0x00000000000001b0       0x30 /home/lagadanu/Desktop/qemu/optee_os/out/arm/export-ta_arm64/lib/libutee.a(tee_api_panic.o)
 .debug_aranges
                0x00000000000001e0       0x30 /home/lagadanu/Desktop/qemu/optee_os/out/arm/export-ta_arm64/lib/libutee.a(user_ta_entry.o)
 .debug_aranges
                0x0000000000000210      0x4a0 /home/lagadanu/Desktop/qemu/optee_os/out/arm/export-ta_arm64/lib/libutee.a(utee_syscalls_a64.o)
 .debug_aranges
                0x00000000000006b0       0x30 /home/lagadanu/Desktop/qemu/optee_os/out/arm/export-ta_arm64/lib/libutee.a(gprof_a64.o)
 .debug_aranges
                0x00000000000006e0       0x40 /home/lagadanu/Desktop/qemu/optee_os/out/arm/export-ta_arm64/lib/libutee.a(tee_api_arith.o)
 .debug_aranges
                0x0000000000000720       0x30 /home/lagadanu/Desktop/qemu/optee_os/out/arm/export-ta_arm64/lib/libmpa.a(mpa_misc.o)
 .debug_aranges
                0x0000000000000750       0x30 /home/lagadanu/Desktop/qemu/optee_os/out/arm/export-ta_arm64/lib/libmpa.a(mpa_montgomery.o)
 .debug_aranges
                0x0000000000000780       0x30 /home/lagadanu/Desktop/qemu/optee_os/out/arm/export-ta_arm64/lib/libmpa.a(mpa_primetest.o)
 .debug_aranges
                0x00000000000007b0       0x30 /home/lagadanu/Desktop/qemu/optee_os/out/arm/export-ta_arm64/lib/libmpa.a(mpa_conv.o)
 .debug_aranges
                0x00000000000007e0       0x30 /home/lagadanu/Desktop/qemu/optee_os/out/arm/export-ta_arm64/lib/libmpa.a(mpa_div.o)
 .debug_aranges
                0x0000000000000810       0x30 /home/lagadanu/Desktop/qemu/optee_os/out/arm/export-ta_arm64/lib/libmpa.a(mpa_gcd.o)
 .debug_aranges
                0x0000000000000840       0x30 /home/lagadanu/Desktop/qemu/optee_os/out/arm/export-ta_arm64/lib/libmpa.a(mpa_mem_static.o)
 .debug_aranges
                0x0000000000000870       0x30 /home/lagadanu/Desktop/qemu/optee_os/out/arm/export-ta_arm64/lib/libmpa.a(mpa_mul.o)
 .debug_aranges
                0x00000000000008a0       0x30 /home/lagadanu/Desktop/qemu/optee_os/out/arm/export-ta_arm64/lib/libmpa.a(mpa_random.o)
 .debug_aranges
                0x00000000000008d0       0x30 /home/lagadanu/Desktop/qemu/optee_os/out/arm/export-ta_arm64/lib/libmpa.a(mpa_shift.o)
 .debug_aranges
                0x0000000000000900       0x30 /home/lagadanu/Desktop/qemu/optee_os/out/arm/export-ta_arm64/lib/libmpa.a(mpa_addsub.o)
 .debug_aranges
                0x0000000000000930       0x30 /home/lagadanu/Desktop/qemu/optee_os/out/arm/export-ta_arm64/lib/libmpa.a(mpa_cmp.o)
 .debug_aranges
                0x0000000000000960       0x30 /home/lagadanu/Desktop/qemu/optee_os/out/arm/export-ta_arm64/lib/libmpa.a(mpa_expmod.o)
 .debug_aranges
                0x0000000000000990       0x30 /home/lagadanu/Desktop/qemu/optee_os/out/arm/export-ta_arm64/lib/libmpa.a(mpa_init.o)
 .debug_aranges
                0x00000000000009c0       0x30 /home/lagadanu/Desktop/qemu/optee_os/out/arm/export-ta_arm64/lib/libmpa.a(mpa_io.o)
 .debug_aranges
                0x00000000000009f0       0x30 /home/lagadanu/Desktop/qemu/optee_os/out/arm/export-ta_arm64/lib/libmpa.a(mpa_modulus.o)
 .debug_aranges
                0x0000000000000a20       0x30 /home/lagadanu/Desktop/qemu/optee_os/out/arm/export-ta_arm64/lib/libutils.a(bget_malloc.o)
 .debug_aranges
                0x0000000000000a50       0x30 /home/lagadanu/Desktop/qemu/optee_os/out/arm/export-ta_arm64/lib/libutils.a(snprintf.o)
 .debug_aranges
                0x0000000000000a80       0x30 /home/lagadanu/Desktop/qemu/optee_os/out/arm/export-ta_arm64/lib/libutils.a(memcmp.o)
 .debug_aranges
                0x0000000000000ab0       0x30 /home/lagadanu/Desktop/qemu/optee_os/out/arm/export-ta_arm64/lib/libutils.a(memmove.o)
 .debug_aranges
                0x0000000000000ae0       0x30 /home/lagadanu/Desktop/qemu/optee_os/out/arm/export-ta_arm64/lib/libutils.a(memset.o)
 .debug_aranges
                0x0000000000000b10       0x30 /home/lagadanu/Desktop/qemu/optee_os/out/arm/export-ta_arm64/lib/libutils.a(mempool.o)
 .debug_aranges
                0x0000000000000b40       0x30 /home/lagadanu/Desktop/qemu/optee_os/out/arm/export-ta_arm64/lib/libutee.a(assert.o)

.debug_ranges   0x0000000000000000      0xf30
 .debug_ranges  0x0000000000000000       0x90 out/ta_sdp_basic.o
 .debug_ranges  0x0000000000000090       0x60 /home/lagadanu/Desktop/qemu/optee_os/out/arm/export-ta_arm64/lib/libutils.a(trace.o)
 .debug_ranges  0x00000000000000f0       0x30 /home/lagadanu/Desktop/qemu/optee_os/out/arm/export-ta_arm64/lib/libutils.a(snprintk.o)
 .debug_ranges  0x0000000000000120       0x70 /home/lagadanu/Desktop/qemu/optee_os/out/arm/export-ta_arm64/lib/libutee.a(tee_api.o)
 .debug_ranges  0x0000000000000190       0xd0 /home/lagadanu/Desktop/qemu/optee_os/out/arm/export-ta_arm64/lib/libutee.a(user_ta_entry.o)
 .debug_ranges  0x0000000000000260      0x4a0 /home/lagadanu/Desktop/qemu/optee_os/out/arm/export-ta_arm64/lib/libutee.a(utee_syscalls_a64.o)
 .debug_ranges  0x0000000000000700       0xc0 /home/lagadanu/Desktop/qemu/optee_os/out/arm/export-ta_arm64/lib/libutee.a(tee_api_arith.o)
 .debug_ranges  0x00000000000007c0       0x40 /home/lagadanu/Desktop/qemu/optee_os/out/arm/export-ta_arm64/lib/libmpa.a(mpa_montgomery.o)
 .debug_ranges  0x0000000000000800       0x90 /home/lagadanu/Desktop/qemu/optee_os/out/arm/export-ta_arm64/lib/libmpa.a(mpa_primetest.o)
 .debug_ranges  0x0000000000000890       0x80 /home/lagadanu/Desktop/qemu/optee_os/out/arm/export-ta_arm64/lib/libmpa.a(mpa_div.o)
 .debug_ranges  0x0000000000000910       0x30 /home/lagadanu/Desktop/qemu/optee_os/out/arm/export-ta_arm64/lib/libmpa.a(mpa_gcd.o)
 .debug_ranges  0x0000000000000940      0x140 /home/lagadanu/Desktop/qemu/optee_os/out/arm/export-ta_arm64/lib/libmpa.a(mpa_random.o)
 .debug_ranges  0x0000000000000a80       0x30 /home/lagadanu/Desktop/qemu/optee_os/out/arm/export-ta_arm64/lib/libmpa.a(mpa_addsub.o)
 .debug_ranges  0x0000000000000ab0      0x160 /home/lagadanu/Desktop/qemu/optee_os/out/arm/export-ta_arm64/lib/libmpa.a(mpa_io.o)
 .debug_ranges  0x0000000000000c10      0x320 /home/lagadanu/Desktop/qemu/optee_os/out/arm/export-ta_arm64/lib/libutils.a(bget_malloc.o)

.debug_macro    0x0000000000000000     0x4f6d
 .debug_macro   0x0000000000000000       0xfb out/ta_sdp_basic.o
 .debug_macro   0x00000000000000fb      0x6b2 out/ta_sdp_basic.o
 .debug_macro   0x00000000000007ad       0x4c out/ta_sdp_basic.o
 .debug_macro   0x00000000000007f9      0x16d out/ta_sdp_basic.o
 .debug_macro   0x0000000000000966       0x16 out/ta_sdp_basic.o
 .debug_macro   0x000000000000097c       0x46 out/ta_sdp_basic.o
 .debug_macro   0x00000000000009c2       0xcd out/ta_sdp_basic.o
 .debug_macro   0x0000000000000a8f      0x8e8 out/ta_sdp_basic.o
 .debug_macro   0x0000000000001377       0x7c out/ta_sdp_basic.o
 .debug_macro   0x00000000000013f3      0x184 out/ta_sdp_basic.o
 .debug_macro   0x0000000000001577       0xc4 out/ta_sdp_basic.o
 .debug_macro   0x000000000000163b       0x22 out/ta_sdp_basic.o
 .debug_macro   0x000000000000165d       0x35 out/ta_sdp_basic.o
 .debug_macro   0x0000000000001692       0x34 out/ta_sdp_basic.o
 .debug_macro   0x00000000000016c6       0x94 out/ta_sdp_basic.o
 .debug_macro   0x000000000000175a       0x58 out/ta_sdp_basic.o
 .debug_macro   0x00000000000017b2       0xc4 out/ta_sdp_basic.o
 .debug_macro   0x0000000000001876       0x10 out/ta_sdp_basic.o
 .debug_macro   0x0000000000001886      0x103 out/user_ta_header.o
 .debug_macro   0x0000000000001989       0xca out/user_ta_header.o
 .debug_macro   0x0000000000001a53       0x7c out/user_ta_header.o
 .debug_macro   0x0000000000001acf       0x1c out/user_ta_header.o
 .debug_macro   0x0000000000001aeb       0x57 /home/lagadanu/Desktop/qemu/optee_os/out/arm/export-ta_arm64/lib/libutils.a(memcpy.o)
 .debug_macro   0x0000000000001b42      0x664 /home/lagadanu/Desktop/qemu/optee_os/out/arm/export-ta_arm64/lib/libutils.a(memcpy.o)
 .debug_macro   0x00000000000021a6      0x2ca /home/lagadanu/Desktop/qemu/optee_os/out/arm/export-ta_arm64/lib/libutils.a(memcpy.o)
 .debug_macro   0x0000000000002470       0x7c /home/lagadanu/Desktop/qemu/optee_os/out/arm/export-ta_arm64/lib/libutils.a(memcpy.o)
 .debug_macro   0x00000000000024ec       0xd6 /home/lagadanu/Desktop/qemu/optee_os/out/arm/export-ta_arm64/lib/libutils.a(trace.o)
 .debug_macro   0x00000000000025c2      0x664 /home/lagadanu/Desktop/qemu/optee_os/out/arm/export-ta_arm64/lib/libutils.a(trace.o)
 .debug_macro   0x0000000000002c26       0x94 /home/lagadanu/Desktop/qemu/optee_os/out/arm/export-ta_arm64/lib/libutils.a(trace.o)
 .debug_macro   0x0000000000002cba       0xc4 /home/lagadanu/Desktop/qemu/optee_os/out/arm/export-ta_arm64/lib/libutils.a(trace.o)
 .debug_macro   0x0000000000002d7e       0x22 /home/lagadanu/Desktop/qemu/optee_os/out/arm/export-ta_arm64/lib/libutils.a(trace.o)
 .debug_macro   0x0000000000002da0      0x134 /home/lagadanu/Desktop/qemu/optee_os/out/arm/export-ta_arm64/lib/libutils.a(snprintk.o)
 .debug_macro   0x0000000000002ed4       0x66 /home/lagadanu/Desktop/qemu/optee_os/out/arm/export-ta_arm64/lib/libutils.a(memchr.o)
 .debug_macro   0x0000000000002f3a       0x5a /home/lagadanu/Desktop/qemu/optee_os/out/arm/export-ta_arm64/lib/libutils.a(strlen.o)
 .debug_macro   0x0000000000002f94       0xf1 /home/lagadanu/Desktop/qemu/optee_os/out/arm/export-ta_arm64/lib/libutee.a(trace_ext.o)
 .debug_macro   0x0000000000003085      0x16f /home/lagadanu/Desktop/qemu/optee_os/out/arm/export-ta_arm64/lib/libutee.a(tee_api.o)
 .debug_macro   0x00000000000031f4       0x10 /home/lagadanu/Desktop/qemu/optee_os/out/arm/export-ta_arm64/lib/libutee.a(tee_api.o)
 .debug_macro   0x0000000000003204       0xb4 /home/lagadanu/Desktop/qemu/optee_os/out/arm/export-ta_arm64/lib/libutee.a(tee_api_panic.o)
 .debug_macro   0x00000000000032b8      0x18e /home/lagadanu/Desktop/qemu/optee_os/out/arm/export-ta_arm64/lib/libutee.a(user_ta_entry.o)
 .debug_macro   0x0000000000003446      0x2cd /home/lagadanu/Desktop/qemu/optee_os/out/arm/export-ta_arm64/lib/libutee.a(user_ta_entry.o)
 .debug_macro   0x0000000000003713       0x34 /home/lagadanu/Desktop/qemu/optee_os/out/arm/export-ta_arm64/lib/libutee.a(user_ta_entry.o)
 .debug_macro   0x0000000000003747      0x165 /home/lagadanu/Desktop/qemu/optee_os/out/arm/export-ta_arm64/lib/libutee.a(tee_api_arith.o)
 .debug_macro   0x00000000000038ac       0x10 /home/lagadanu/Desktop/qemu/optee_os/out/arm/export-ta_arm64/lib/libutee.a(tee_api_arith.o)
 .debug_macro   0x00000000000038bc       0x4c /home/lagadanu/Desktop/qemu/optee_os/out/arm/export-ta_arm64/lib/libutee.a(tee_api_arith.o)
 .debug_macro   0x0000000000003908       0x16 /home/lagadanu/Desktop/qemu/optee_os/out/arm/export-ta_arm64/lib/libutee.a(tee_api_arith.o)
 .debug_macro   0x000000000000391e       0x6b /home/lagadanu/Desktop/qemu/optee_os/out/arm/export-ta_arm64/lib/libutee.a(tee_api_arith.o)
 .debug_macro   0x0000000000003989       0xfa /home/lagadanu/Desktop/qemu/optee_os/out/arm/export-ta_arm64/lib/libmpa.a(mpa_misc.o)
 .debug_macro   0x0000000000003a83       0xa6 /home/lagadanu/Desktop/qemu/optee_os/out/arm/export-ta_arm64/lib/libmpa.a(mpa_misc.o)
 .debug_macro   0x0000000000003b29       0xfa /home/lagadanu/Desktop/qemu/optee_os/out/arm/export-ta_arm64/lib/libmpa.a(mpa_montgomery.o)
 .debug_macro   0x0000000000003c23      0x120 /home/lagadanu/Desktop/qemu/optee_os/out/arm/export-ta_arm64/lib/libmpa.a(mpa_primetest.o)
 .debug_macro   0x0000000000003d43       0xfa /home/lagadanu/Desktop/qemu/optee_os/out/arm/export-ta_arm64/lib/libmpa.a(mpa_conv.o)
 .debug_macro   0x0000000000003e3d       0xfa /home/lagadanu/Desktop/qemu/optee_os/out/arm/export-ta_arm64/lib/libmpa.a(mpa_div.o)
 .debug_macro   0x0000000000003f37       0xfa /home/lagadanu/Desktop/qemu/optee_os/out/arm/export-ta_arm64/lib/libmpa.a(mpa_gcd.o)
 .debug_macro   0x0000000000004031      0x11f /home/lagadanu/Desktop/qemu/optee_os/out/arm/export-ta_arm64/lib/libmpa.a(mpa_mem_static.o)
 .debug_macro   0x0000000000004150       0xfa /home/lagadanu/Desktop/qemu/optee_os/out/arm/export-ta_arm64/lib/libmpa.a(mpa_mul.o)
 .debug_macro   0x000000000000424a      0x14e /home/lagadanu/Desktop/qemu/optee_os/out/arm/export-ta_arm64/lib/libmpa.a(mpa_random.o)
 .debug_macro   0x0000000000004398       0xfa /home/lagadanu/Desktop/qemu/optee_os/out/arm/export-ta_arm64/lib/libmpa.a(mpa_shift.o)
 .debug_macro   0x0000000000004492       0xfa /home/lagadanu/Desktop/qemu/optee_os/out/arm/export-ta_arm64/lib/libmpa.a(mpa_addsub.o)
 .debug_macro   0x000000000000458c       0xfa /home/lagadanu/Desktop/qemu/optee_os/out/arm/export-ta_arm64/lib/libmpa.a(mpa_cmp.o)
 .debug_macro   0x0000000000004686      0x100 /home/lagadanu/Desktop/qemu/optee_os/out/arm/export-ta_arm64/lib/libmpa.a(mpa_expmod.o)
 .debug_macro   0x0000000000004786       0xfa /home/lagadanu/Desktop/qemu/optee_os/out/arm/export-ta_arm64/lib/libmpa.a(mpa_init.o)
 .debug_macro   0x0000000000004880      0x125 /home/lagadanu/Desktop/qemu/optee_os/out/arm/export-ta_arm64/lib/libmpa.a(mpa_io.o)
 .debug_macro   0x00000000000049a5       0x10 /home/lagadanu/Desktop/qemu/optee_os/out/arm/export-ta_arm64/lib/libmpa.a(mpa_io.o)
 .debug_macro   0x00000000000049b5       0xfa /home/lagadanu/Desktop/qemu/optee_os/out/arm/export-ta_arm64/lib/libmpa.a(mpa_modulus.o)
 .debug_macro   0x0000000000004aaf      0x13f /home/lagadanu/Desktop/qemu/optee_os/out/arm/export-ta_arm64/lib/libutils.a(bget_malloc.o)
 .debug_macro   0x0000000000004bee       0x16 /home/lagadanu/Desktop/qemu/optee_os/out/arm/export-ta_arm64/lib/libutils.a(bget_malloc.o)
 .debug_macro   0x0000000000004c04       0x3c /home/lagadanu/Desktop/qemu/optee_os/out/arm/export-ta_arm64/lib/libutils.a(bget_malloc.o)
 .debug_macro   0x0000000000004c40       0x4d /home/lagadanu/Desktop/qemu/optee_os/out/arm/export-ta_arm64/lib/libutils.a(snprintf.o)
 .debug_macro   0x0000000000004c8d       0x51 /home/lagadanu/Desktop/qemu/optee_os/out/arm/export-ta_arm64/lib/libutils.a(memcmp.o)
 .debug_macro   0x0000000000004cde       0x64 /home/lagadanu/Desktop/qemu/optee_os/out/arm/export-ta_arm64/lib/libutils.a(memmove.o)
 .debug_macro   0x0000000000004d42       0x51 /home/lagadanu/Desktop/qemu/optee_os/out/arm/export-ta_arm64/lib/libutils.a(memset.o)
 .debug_macro   0x0000000000004d93       0xd4 /home/lagadanu/Desktop/qemu/optee_os/out/arm/export-ta_arm64/lib/libutils.a(mempool.o)
 .debug_macro   0x0000000000004e67      0x106 /home/lagadanu/Desktop/qemu/optee_os/out/arm/export-ta_arm64/lib/libutee.a(assert.o)

.debug_line     0x0000000000000000     0x5ee7
 .debug_line    0x0000000000000000      0x339 out/ta_sdp_basic.o
 .debug_line    0x0000000000000339      0x273 out/user_ta_header.o
 .debug_line    0x00000000000005ac      0x140 /home/lagadanu/Desktop/qemu/optee_os/out/arm/export-ta_arm64/lib/libutils.a(memcpy.o)
 .debug_line    0x00000000000006ec      0x242 /home/lagadanu/Desktop/qemu/optee_os/out/arm/export-ta_arm64/lib/libutils.a(trace.o)
 .debug_line    0x000000000000092e      0x305 /home/lagadanu/Desktop/qemu/optee_os/out/arm/export-ta_arm64/lib/libutils.a(snprintk.o)
 .debug_line    0x0000000000000c33      0x14f /home/lagadanu/Desktop/qemu/optee_os/out/arm/export-ta_arm64/lib/libutils.a(memchr.o)
 .debug_line    0x0000000000000d82      0x14a /home/lagadanu/Desktop/qemu/optee_os/out/arm/export-ta_arm64/lib/libutils.a(strlen.o)
 .debug_line    0x0000000000000ecc      0x257 /home/lagadanu/Desktop/qemu/optee_os/out/arm/export-ta_arm64/lib/libutee.a(trace_ext.o)
 .debug_line    0x0000000000001123      0x38a /home/lagadanu/Desktop/qemu/optee_os/out/arm/export-ta_arm64/lib/libutee.a(tee_api.o)
 .debug_line    0x00000000000014ad      0x1d6 /home/lagadanu/Desktop/qemu/optee_os/out/arm/export-ta_arm64/lib/libutee.a(tee_api_panic.o)
 .debug_line    0x0000000000001683      0x3fe /home/lagadanu/Desktop/qemu/optee_os/out/arm/export-ta_arm64/lib/libutee.a(user_ta_entry.o)
 .debug_line    0x0000000000001a81      0x672 /home/lagadanu/Desktop/qemu/optee_os/out/arm/export-ta_arm64/lib/libutee.a(utee_syscalls_a64.o)
 .debug_line    0x00000000000020f3       0x5a /home/lagadanu/Desktop/qemu/optee_os/out/arm/export-ta_arm64/lib/libutee.a(gprof_a64.o)
 .debug_line    0x000000000000214d      0x3b7 /home/lagadanu/Desktop/qemu/optee_os/out/arm/export-ta_arm64/lib/libutee.a(tee_api_arith.o)
 .debug_line    0x0000000000002504      0x241 /home/lagadanu/Desktop/qemu/optee_os/out/arm/export-ta_arm64/lib/libmpa.a(mpa_misc.o)
 .debug_line    0x0000000000002745      0x2b8 /home/lagadanu/Desktop/qemu/optee_os/out/arm/export-ta_arm64/lib/libmpa.a(mpa_montgomery.o)
 .debug_line    0x00000000000029fd      0x296 /home/lagadanu/Desktop/qemu/optee_os/out/arm/export-ta_arm64/lib/libmpa.a(mpa_primetest.o)
 .debug_line    0x0000000000002c93      0x246 /home/lagadanu/Desktop/qemu/optee_os/out/arm/export-ta_arm64/lib/libmpa.a(mpa_conv.o)
 .debug_line    0x0000000000002ed9      0x308 /home/lagadanu/Desktop/qemu/optee_os/out/arm/export-ta_arm64/lib/libmpa.a(mpa_div.o)
 .debug_line    0x00000000000031e1      0x361 /home/lagadanu/Desktop/qemu/optee_os/out/arm/export-ta_arm64/lib/libmpa.a(mpa_gcd.o)
 .debug_line    0x0000000000003542      0x238 /home/lagadanu/Desktop/qemu/optee_os/out/arm/export-ta_arm64/lib/libmpa.a(mpa_mem_static.o)
 .debug_line    0x000000000000377a      0x2a3 /home/lagadanu/Desktop/qemu/optee_os/out/arm/export-ta_arm64/lib/libmpa.a(mpa_mul.o)
 .debug_line    0x0000000000003a1d      0x2bc /home/lagadanu/Desktop/qemu/optee_os/out/arm/export-ta_arm64/lib/libmpa.a(mpa_random.o)
 .debug_line    0x0000000000003cd9      0x30f /home/lagadanu/Desktop/qemu/optee_os/out/arm/export-ta_arm64/lib/libmpa.a(mpa_shift.o)
 .debug_line    0x0000000000003fe8      0x392 /home/lagadanu/Desktop/qemu/optee_os/out/arm/export-ta_arm64/lib/libmpa.a(mpa_addsub.o)
 .debug_line    0x000000000000437a      0x25f /home/lagadanu/Desktop/qemu/optee_os/out/arm/export-ta_arm64/lib/libmpa.a(mpa_cmp.o)
 .debug_line    0x00000000000045d9      0x23d /home/lagadanu/Desktop/qemu/optee_os/out/arm/export-ta_arm64/lib/libmpa.a(mpa_expmod.o)
 .debug_line    0x0000000000004816      0x211 /home/lagadanu/Desktop/qemu/optee_os/out/arm/export-ta_arm64/lib/libmpa.a(mpa_init.o)
 .debug_line    0x0000000000004a27      0x3af /home/lagadanu/Desktop/qemu/optee_os/out/arm/export-ta_arm64/lib/libmpa.a(mpa_io.o)
 .debug_line    0x0000000000004dd6      0x23d /home/lagadanu/Desktop/qemu/optee_os/out/arm/export-ta_arm64/lib/libmpa.a(mpa_modulus.o)
 .debug_line    0x0000000000005013      0x54c /home/lagadanu/Desktop/qemu/optee_os/out/arm/export-ta_arm64/lib/libutils.a(bget_malloc.o)
 .debug_line    0x000000000000555f      0x158 /home/lagadanu/Desktop/qemu/optee_os/out/arm/export-ta_arm64/lib/libutils.a(snprintf.o)
 .debug_line    0x00000000000056b7      0x142 /home/lagadanu/Desktop/qemu/optee_os/out/arm/export-ta_arm64/lib/libutils.a(memcmp.o)
 .debug_line    0x00000000000057f9      0x157 /home/lagadanu/Desktop/qemu/optee_os/out/arm/export-ta_arm64/lib/libutils.a(memmove.o)
 .debug_line    0x0000000000005950      0x13e /home/lagadanu/Desktop/qemu/optee_os/out/arm/export-ta_arm64/lib/libutils.a(memset.o)
 .debug_line    0x0000000000005a8e      0x1f7 /home/lagadanu/Desktop/qemu/optee_os/out/arm/export-ta_arm64/lib/libutils.a(mempool.o)
 .debug_line    0x0000000000005c85      0x262 /home/lagadanu/Desktop/qemu/optee_os/out/arm/export-ta_arm64/lib/libutee.a(assert.o)

.debug_str      0x0000000000000000     0xf374
 .debug_str     0x0000000000000000     0x73a4 out/ta_sdp_basic.o
                                       0x7547 (size before relaxing)
 .debug_str     0x00000000000073a4      0xc7a out/user_ta_header.o
                                       0x7daa (size before relaxing)
 .debug_str     0x000000000000801e      0xd72 /home/lagadanu/Desktop/qemu/optee_os/out/arm/export-ta_arm64/lib/libutils.a(memcpy.o)
                                       0x2d75 (size before relaxing)
 .debug_str     0x0000000000008d90      0x23f /home/lagadanu/Desktop/qemu/optee_os/out/arm/export-ta_arm64/lib/libutils.a(trace.o)
                                       0x489c (size before relaxing)
 .debug_str     0x0000000000008fcf      0x587 /home/lagadanu/Desktop/qemu/optee_os/out/arm/export-ta_arm64/lib/libutils.a(snprintk.o)
                                       0x39e6 (size before relaxing)
 .debug_str     0x0000000000009556      0x110 /home/lagadanu/Desktop/qemu/optee_os/out/arm/export-ta_arm64/lib/libutils.a(memchr.o)
                                       0x2f80 (size before relaxing)
 .debug_str     0x0000000000009666       0x4c /home/lagadanu/Desktop/qemu/optee_os/out/arm/export-ta_arm64/lib/libutils.a(strlen.o)
                                       0x2f1d (size before relaxing)
 .debug_str     0x00000000000096b2       0x60 /home/lagadanu/Desktop/qemu/optee_os/out/arm/export-ta_arm64/lib/libutee.a(trace_ext.o)
                                       0x7b46 (size before relaxing)
 .debug_str     0x0000000000009712      0x459 /home/lagadanu/Desktop/qemu/optee_os/out/arm/export-ta_arm64/lib/libutee.a(tee_api.o)
                                       0x89e9 (size before relaxing)
 .debug_str     0x0000000000009b6b       0x31 /home/lagadanu/Desktop/qemu/optee_os/out/arm/export-ta_arm64/lib/libutee.a(tee_api_panic.o)
                                       0x727d (size before relaxing)
 .debug_str     0x0000000000009b9c     0x34f7 /home/lagadanu/Desktop/qemu/optee_os/out/arm/export-ta_arm64/lib/libutee.a(user_ta_entry.o)
                                       0xbbed (size before relaxing)
 .debug_str     0x000000000000d093      0xc21 /home/lagadanu/Desktop/qemu/optee_os/out/arm/export-ta_arm64/lib/libutee.a(tee_api_arith.o)
                                       0x822d (size before relaxing)
 .debug_str     0x000000000000dcb4      0x537 /home/lagadanu/Desktop/qemu/optee_os/out/arm/export-ta_arm64/lib/libmpa.a(mpa_misc.o)
                                       0x4710 (size before relaxing)
 .debug_str     0x000000000000e1eb       0xea /home/lagadanu/Desktop/qemu/optee_os/out/arm/export-ta_arm64/lib/libmpa.a(mpa_montgomery.o)
                                       0x4864 (size before relaxing)
 .debug_str     0x000000000000e2d5      0x1b5 /home/lagadanu/Desktop/qemu/optee_os/out/arm/export-ta_arm64/lib/libmpa.a(mpa_primetest.o)
                                       0x4945 (size before relaxing)
 .debug_str     0x000000000000e48a       0x20 /home/lagadanu/Desktop/qemu/optee_os/out/arm/export-ta_arm64/lib/libmpa.a(mpa_conv.o)
                                       0x46b9 (size before relaxing)
 .debug_str     0x000000000000e4aa      0x14c /home/lagadanu/Desktop/qemu/optee_os/out/arm/export-ta_arm64/lib/libmpa.a(mpa_div.o)
                                       0x48aa (size before relaxing)
 .debug_str     0x000000000000e5f6       0x8b /home/lagadanu/Desktop/qemu/optee_os/out/arm/export-ta_arm64/lib/libmpa.a(mpa_gcd.o)
                                       0x47df (size before relaxing)
 .debug_str     0x000000000000e681       0x60 /home/lagadanu/Desktop/qemu/optee_os/out/arm/export-ta_arm64/lib/libmpa.a(mpa_mem_static.o)
                                       0x5256 (size before relaxing)
 .debug_str     0x000000000000e6e1       0x59 /home/lagadanu/Desktop/qemu/optee_os/out/arm/export-ta_arm64/lib/libmpa.a(mpa_mul.o)
                                       0x47af (size before relaxing)
 .debug_str     0x000000000000e73a       0x6d /home/lagadanu/Desktop/qemu/optee_os/out/arm/export-ta_arm64/lib/libmpa.a(mpa_random.o)
                                       0x7f43 (size before relaxing)
 .debug_str     0x000000000000e7a7       0x33 /home/lagadanu/Desktop/qemu/optee_os/out/arm/export-ta_arm64/lib/libmpa.a(mpa_shift.o)
                                       0x4725 (size before relaxing)
 .debug_str     0x000000000000e7da       0xf8 /home/lagadanu/Desktop/qemu/optee_os/out/arm/export-ta_arm64/lib/libmpa.a(mpa_addsub.o)
                                       0x487f (size before relaxing)
 .debug_str     0x000000000000e8d2       0x3c /home/lagadanu/Desktop/qemu/optee_os/out/arm/export-ta_arm64/lib/libmpa.a(mpa_cmp.o)
                                       0x46ec (size before relaxing)
 .debug_str     0x000000000000e90e       0x81 /home/lagadanu/Desktop/qemu/optee_os/out/arm/export-ta_arm64/lib/libmpa.a(mpa_expmod.o)
                                       0x4805 (size before relaxing)
 .debug_str     0x000000000000e98f       0x1e /home/lagadanu/Desktop/qemu/optee_os/out/arm/export-ta_arm64/lib/libmpa.a(mpa_init.o)
                                       0x46fa (size before relaxing)
 .debug_str     0x000000000000e9ad      0x282 /home/lagadanu/Desktop/qemu/optee_os/out/arm/export-ta_arm64/lib/libmpa.a(mpa_io.o)
                                       0x4df2 (size before relaxing)