Archive member included to satisfy reference by file (symbol)

/home/lagadanu/Desktop/qemu/optee_os/out/arm/export-ta_arm64/lib/libutils.a(trace.o)
                              out/ta_entry.o (trace_printf)
/home/lagadanu/Desktop/qemu/optee_os/out/arm/export-ta_arm64/lib/libutils.a(snprintk.o)
                              /home/lagadanu/Desktop/qemu/optee_os/out/arm/export-ta_arm64/lib/libutils.a(trace.o) (snprintk)
/home/lagadanu/Desktop/qemu/optee_os/out/arm/export-ta_arm64/lib/libutils.a(memchr.o)
                              /home/lagadanu/Desktop/qemu/optee_os/out/arm/export-ta_arm64/lib/libutils.a(snprintk.o) (memchr)
/home/lagadanu/Desktop/qemu/optee_os/out/arm/export-ta_arm64/lib/libutils.a(memcpy.o)
                              /home/lagadanu/Desktop/qemu/optee_os/out/arm/export-ta_arm64/lib/libutils.a(snprintk.o) (memcpy)
/home/lagadanu/Desktop/qemu/optee_os/out/arm/export-ta_arm64/lib/libutils.a(strlen.o)
                              /home/lagadanu/Desktop/qemu/optee_os/out/arm/export-ta_arm64/lib/libutils.a(snprintk.o) (strlen)
/home/lagadanu/Desktop/qemu/optee_os/out/arm/export-ta_arm64/lib/libutee.a(trace_ext.o)
                              /home/lagadanu/Desktop/qemu/optee_os/out/arm/export-ta_arm64/lib/libutils.a(trace.o) (trace_ext_puts)
/home/lagadanu/Desktop/qemu/optee_os/out/arm/export-ta_arm64/lib/libutee.a(tee_api.o)
                              out/ta_aes_perf.o (TEE_CheckMemoryAccessRights)
/home/lagadanu/Desktop/qemu/optee_os/out/arm/export-ta_arm64/lib/libutee.a(tee_api_objects.o)
                              out/ta_aes_perf.o (TEE_AllocateTransientObject)
/home/lagadanu/Desktop/qemu/optee_os/out/arm/export-ta_arm64/lib/libutee.a(tee_api_operations.o)
                              out/ta_aes_perf.o (TEE_FreeOperation)
/home/lagadanu/Desktop/qemu/optee_os/out/arm/export-ta_arm64/lib/libutee.a(tee_api_panic.o)
                              /home/lagadanu/Desktop/qemu/optee_os/out/arm/export-ta_arm64/lib/libutee.a(tee_api.o) (TEE_Panic)
/home/lagadanu/Desktop/qemu/optee_os/out/arm/export-ta_arm64/lib/libutee.a(user_ta_entry.o)
                              out/user_ta_header.o (__utee_entry)
/home/lagadanu/Desktop/qemu/optee_os/out/arm/export-ta_arm64/lib/libutee.a(utee_syscalls_a64.o)
                              /home/lagadanu/Desktop/qemu/optee_os/out/arm/export-ta_arm64/lib/libutee.a(tee_api_panic.o) (utee_panic)
/home/lagadanu/Desktop/qemu/optee_os/out/arm/export-ta_arm64/lib/libutee.a(gprof_a64.o)
                              /home/lagadanu/Desktop/qemu/optee_os/out/arm/export-ta_arm64/lib/libutee.a(user_ta_entry.o) (__utee_mcount)
/home/lagadanu/Desktop/qemu/optee_os/out/arm/export-ta_arm64/lib/libutee.a(tee_api_arith.o)
                              /home/lagadanu/Desktop/qemu/optee_os/out/arm/export-ta_arm64/lib/libutee.a(user_ta_entry.o) (_TEE_MathAPI_Init)
/home/lagadanu/Desktop/qemu/optee_os/out/arm/export-ta_arm64/lib/libmpa.a(mpa_misc.o)
                              /home/lagadanu/Desktop/qemu/optee_os/out/arm/export-ta_arm64/lib/libutee.a(tee_api_arith.o) (mpa_copy)
/home/lagadanu/Desktop/qemu/optee_os/out/arm/export-ta_arm64/lib/libmpa.a(mpa_montgomery.o)
                              /home/lagadanu/Desktop/qemu/optee_os/out/arm/export-ta_arm64/lib/libutee.a(tee_api_arith.o) (mpa_compute_fmm_context)
/home/lagadanu/Desktop/qemu/optee_os/out/arm/export-ta_arm64/lib/libmpa.a(mpa_primetest.o)
                              /home/lagadanu/Desktop/qemu/optee_os/out/arm/export-ta_arm64/lib/libutee.a(tee_api_arith.o) (mpa_is_prob_prime)
/home/lagadanu/Desktop/qemu/optee_os/out/arm/export-ta_arm64/lib/libmpa.a(mpa_conv.o)
                              /home/lagadanu/Desktop/qemu/optee_os/out/arm/export-ta_arm64/lib/libutee.a(tee_api_arith.o) (mpa_set_S32)
/home/lagadanu/Desktop/qemu/optee_os/out/arm/export-ta_arm64/lib/libmpa.a(mpa_div.o)
                              /home/lagadanu/Desktop/qemu/optee_os/out/arm/export-ta_arm64/lib/libutee.a(tee_api_arith.o) (mpa_div)
/home/lagadanu/Desktop/qemu/optee_os/out/arm/export-ta_arm64/lib/libmpa.a(mpa_gcd.o)
                              /home/lagadanu/Desktop/qemu/optee_os/out/arm/export-ta_arm64/lib/libutee.a(tee_api_arith.o) (mpa_gcd)
/home/lagadanu/Desktop/qemu/optee_os/out/arm/export-ta_arm64/lib/libmpa.a(mpa_mem_static.o)
                              /home/lagadanu/Desktop/qemu/optee_os/out/arm/export-ta_arm64/lib/libutee.a(tee_api_arith.o) (mpa_alloc_static_temp_var)
/home/lagadanu/Desktop/qemu/optee_os/out/arm/export-ta_arm64/lib/libmpa.a(mpa_mul.o)
                              /home/lagadanu/Desktop/qemu/optee_os/out/arm/export-ta_arm64/lib/libmpa.a(mpa_div.o) (__mpa_mul_add_word)
/home/lagadanu/Desktop/qemu/optee_os/out/arm/export-ta_arm64/lib/libmpa.a(mpa_random.o)
                              /home/lagadanu/Desktop/qemu/optee_os/out/arm/export-ta_arm64/lib/libmpa.a(mpa_primetest.o) (mpa_get_random)
/home/lagadanu/Desktop/qemu/optee_os/out/arm/export-ta_arm64/lib/libmpa.a(mpa_shift.o)
[...]
Memory Configuration

Name             Origin             Length             Attributes
*default*        0x0000000000000000 0xffffffffffffffff

Linker script and memory map


.ta_head        0x0000000000000000       0x20
 *(SORT(.ta_head))
 .ta_head       0x0000000000000000       0x20 out/user_ta_header.o
                0x0000000000000000                ta_head

.text           0x0000000000000020     0xa720
                0x0000000000000020                __text_start = .
 *(SORT(.text) SORT(.text.*))
 .text          0x0000000000000020       0x80 out/ta_entry.o
                0x0000000000000020                TA_CreateEntryPoint
                0x0000000000000028                TA_DestroyEntryPoint
                0x000000000000002c                TA_OpenSessionEntryPoint
                0x0000000000000034                TA_CloseSessionEntryPoint
                0x0000000000000038                TA_InvokeCommandEntryPoint
 .text          0x00000000000000a0      0x35c out/ta_aes_perf.o
                0x00000000000000a0                cmd_process
                0x00000000000001ac                cmd_clean_res
                0x00000000000001c0                cmd_prepare_key
 .text          0x00000000000003fc        0x8 out/user_ta_header.o
                0x00000000000003fc                tahead_get_trace_level
 .text          0x0000000000000404      0x278 /home/lagadanu/Desktop/qemu/optee_os/out/arm/export-ta_arm64/lib/libutils.a(trace.o)
                0x0000000000000404                trace_set_level
                0x0000000000000428                trace_get_level
                0x0000000000000438                trace_printf
                0x0000000000000678                dhex_dump
 .text          0x000000000000067c      0xc70 /home/lagadanu/Desktop/qemu/optee_os/out/arm/export-ta_arm64/lib/libutils.a(snprintk.o)
                0x000000000000067c                __vsnprintf
                0x0000000000001224                vsnprintk
                0x0000000000001278                snprintk
 .text          0x00000000000012ec       0x2c /home/lagadanu/Desktop/qemu/optee_os/out/arm/export-ta_arm64/lib/libutils.a(memchr.o)
                0x00000000000012ec                memchr
 .text          0x0000000000001318       0x20 /home/lagadanu/Desktop/qemu/optee_os/out/arm/export-ta_arm64/lib/libutils.a(memcpy.o)
                0x0000000000001318                memcpy
 .text          0x0000000000001338       0x1c /home/lagadanu/Desktop/qemu/optee_os/out/arm/export-ta_arm64/lib/libutils.a(strlen.o)
                0x0000000000001338                strlen
 .text          0x0000000000001354      0x178 /home/lagadanu/Desktop/qemu/optee_os/out/arm/export-ta_arm64/lib/libutee.a(trace_ext.o)
                0x0000000000001354                trace_ext_puts
                0x000000000000137c                trace_ext_get_thread_id
                0x0000000000001384                printf
                0x0000000000001450                puts
                0x0000000000001490                putchar
 .text          0x00000000000014cc      0x4e4 /home/lagadanu/Desktop/qemu/optee_os/out/arm/export-ta_arm64/lib/libutee.a(tee_api.o)
                0x00000000000014cc                __utee_from_param
                0x0000000000001544                __utee_to_param
                0x00000000000015b0                TEE_OpenTASession
                0x0000000000001640                TEE_CloseTASession
                0x0000000000001668                TEE_InvokeTACommand
                0x000000000000171c                TEE_GetCancellationFlag
                0x0000000000001748                TEE_UnmaskCancellation
                0x0000000000001774                TEE_MaskCancellation
                0x00000000000017a0                TEE_CheckMemoryAccessRights
                0x00000000000017b4                TEE_SetInstanceData
                0x00000000000017c0                TEE_GetInstanceData
                0x00000000000017cc                TEE_MemMove
                0x00000000000017d4                TEE_MemCompare
                0x00000000000017dc                TEE_MemFill
                0x00000000000017e4                TEE_GetSystemTime
                0x000000000000180c                TEE_Wait
                0x0000000000001848                TEE_GetTAPersistentTime
                0x00000000000018c8                TEE_SetTAPersistentTime
                0x0000000000001908                TEE_GetREETime
                0x0000000000001930                TEE_Malloc
                0x000000000000198c                TEE_Realloc
                0x0000000000001994                TEE_Free
                0x0000000000001998                TEE_CacheClean
                0x00000000000019a0                TEE_CacheFlush
                0x00000000000019a8                TEE_CacheInvalidate
 .text          0x00000000000019b0      0xcb4 /home/lagadanu/Desktop/qemu/optee_os/out/arm/export-ta_arm64/lib/libutee.a(tee_api_objects.o)
                0x00000000000019b0                __utee_from_attr
                0x00000000000019fc                TEE_GetObjectInfo
                0x0000000000001a44                TEE_GetObjectInfo1
                0x0000000000001a84                TEE_RestrictObjectUsage1
                0x0000000000001ac8                TEE_RestrictObjectUsage
                0x0000000000001b18                TEE_GetObjectBufferAttribute
                0x0000000000001bc4                TEE_GetObjectValueAttribute
                0x0000000000001c94                TEE_CloseObject
                0x0000000000001cbc                TEE_AllocateTransientObject
                0x0000000000001d20                TEE_FreeTransientObject
                0x0000000000001d74                TEE_ResetTransientObject
                0x0000000000001dc8                TEE_PopulateTransientObject
                0x0000000000001e88                TEE_InitRefAttribute
                0x0000000000001edc                TEE_InitValueAttribute
                0x0000000000001f2c                TEE_CopyObjectAttributes1
                0x0000000000001fd8                TEE_CopyObjectAttributes
                0x000000000000202c                TEE_GenerateKey
                0x00000000000020b0                TEE_OpenPersistentObject
                0x0000000000002148                TEE_CreatePersistentObject
                0x0000000000002210                TEE_CloseAndDeletePersistentObject1
                0x0000000000002254                TEE_CloseAndDeletePersistentObject
                0x0000000000002280                TEE_RenamePersistentObject
                0x00000000000022ec                TEE_AllocatePersistentObjectEnumerator
                0x0000000000002348                TEE_FreePersistentObjectEnumerator
                0x0000000000002370                TEE_ResetPersistentObjectEnumerator
                0x0000000000002398                TEE_StartPersistentObjectEnumerator
                0x00000000000023e8                TEE_GetNextPersistentObject
                0x000000000000246c                TEE_ReadObjectData
                0x00000000000024d4                TEE_WriteObjectData
                0x0000000000002538                TEE_TruncateObjectData
                0x0000000000002594                TEE_SeekObjectData
 .text          0x0000000000002664     0x2444 /home/lagadanu/Desktop/qemu/optee_os/out/arm/export-ta_arm64/lib/libutee.a(tee_api_operations.o)
                0x0000000000002880                TEE_FreeOperation
                0x00000000000028c4                TEE_AllocateOperation
                0x00000000000030e8                TEE_GetOperationInfo
                0x0000000000003130                TEE_GetOperationInfoMultiple
                0x0000000000003278                TEE_ResetOperation
                0x00000000000032f0                TEE_SetOperationKey
                0x00000000000033e0                TEE_SetOperationKey2
                0x0000000000003570                TEE_CopyOperation
                0x0000000000003690                TEE_DigestUpdate
                0x0000000000003700                TEE_DigestDoFinal
                0x00000000000037c4                TEE_CipherInit
                0x0000000000003868                TEE_CipherUpdate
                0x00000000000039c4                TEE_CipherDoFinal
                0x0000000000003b6c                TEE_MACInit
                0x0000000000003c10                TEE_MACUpdate
                0x0000000000003cb0                TEE_MACComputeFinal
                0x0000000000003d6c                TEE_MACCompareFinal
                0x0000000000003e2c                TEE_AEInit
                0x0000000000003ef0                TEE_AEUpdateAAD
                0x0000000000003f84                TEE_AEUpdate
                0x00000000000040d4                TEE_AEEncryptFinal
                0x0000000000004290                TEE_AEDecryptFinal
                0x0000000000004428                TEE_AsymmetricEncrypt
                0x000000000000456c                TEE_AsymmetricDecrypt
                0x00000000000046b4                TEE_AsymmetricSignDigest
                0x00000000000047f0                TEE_AsymmetricVerifyDigest
                0x000000000000491c                TEE_DeriveKey
                0x0000000000004a60                TEE_GenerateRandom
                0x0000000000004a84                rand
 .text          0x0000000000004aa8        0x8 /home/lagadanu/Desktop/qemu/optee_os/out/arm/export-ta_arm64/lib/libutee.a(tee_api_panic.o)
                0x0000000000004aa8                TEE_Panic
 .text          0x0000000000004ab0      0x2c4 /home/lagadanu/Desktop/qemu/optee_os/out/arm/export-ta_arm64/lib/libutee.a(user_ta_entry.o)
                0x0000000000004b6c                __utee_entry
 .text.utee_panic
                0x0000000000004d74        0xc /home/lagadanu/Desktop/qemu/optee_os/out/arm/export-ta_arm64/lib/libutee.a(utee_syscalls_a64.o)
                0x0000000000004d74                utee_panic
 .text.utee_return
                0x0000000000004d80        0xc /home/lagadanu/Desktop/qemu/optee_os/out/arm/export-ta_arm64/lib/libutee.a(utee_syscalls_a64.o)
                0x0000000000004d80                utee_return
 .text.utee_log
                0x0000000000004d8c        0xc /home/lagadanu/Desktop/qemu/optee_os/out/arm/export-ta_arm64/lib/libutee.a(utee_syscalls_a64.o)
                0x0000000000004d8c                utee_log
 .text.__utee_panic
                0x0000000000004d98        0xc /home/lagadanu/Desktop/qemu/optee_os/out/arm/export-ta_arm64/lib/libutee.a(utee_syscalls_a64.o)
                0x0000000000004d98                __utee_panic
 .text.utee_get_property
                0x0000000000004da4        0xc /home/lagadanu/Desktop/qemu/optee_os/out/arm/export-ta_arm64/lib/libutee.a(utee_syscalls_a64.o)
                0x0000000000004da4                utee_get_property
 .text.utee_get_property_name_to_index
                0x0000000000004db0        0xc /home/lagadanu/Desktop/qemu/optee_os/out/arm/export-ta_arm64/lib/libutee.a(utee_syscalls_a64.o)
                0x0000000000004db0                utee_get_property_name_to_index
 .text.utee_open_ta_session
                0x0000000000004dbc        0xc /home/lagadanu/Desktop/qemu/optee_os/out/arm/export-ta_arm64/lib/libutee.a(utee_syscalls_a64.o)
                0x0000000000004dbc                utee_open_ta_session
 .text.utee_close_ta_session
                0x0000000000004dc8        0xc /home/lagadanu/Desktop/qemu/optee_os/out/arm/export-ta_arm64/lib/libutee.a(utee_syscalls_a64.o)
                0x0000000000004dc8                utee_close_ta_session
 .text.utee_invoke_ta_command
                0x0000000000004dd4        0xc /home/lagadanu/Desktop/qemu/optee_os/out/arm/export-ta_arm64/lib/libutee.a(utee_syscalls_a64.o)
                0x0000000000004dd4                utee_invoke_ta_command
 .text.utee_get_cancellation_flag
                0x0000000000004de0        0xc /home/lagadanu/Desktop/qemu/optee_os/out/arm/export-ta_arm64/lib/libutee.a(utee_syscalls_a64.o)
                0x0000000000004de0                utee_get_cancellation_flag
 .text.utee_check_access_rights
                0x0000000000004dec        0xc /home/lagadanu/Desktop/qemu/optee_os/out/arm/export-ta_arm64/lib/libutee.a(utee_syscalls_a64.o)
                0x0000000000004dec                utee_check_access_rights
 .text.utee_unmask_cancellation
                0x0000000000004df8        0xc /home/lagadanu/Desktop/qemu/optee_os/out/arm/export-ta_arm64/lib/libutee.a(utee_syscalls_a64.o)
                0x0000000000004df8                utee_unmask_cancellation
 .text.utee_mask_cancellation
                0x0000000000004e04        0xc /home/lagadanu/Desktop/qemu/optee_os/out/arm/export-ta_arm64/lib/libutee.a(utee_syscalls_a64.o)
                0x0000000000004e04                utee_mask_cancellation
 .text.utee_wait
                0x0000000000004e10        0xc /home/lagadanu/Desktop/qemu/optee_os/out/arm/export-ta_arm64/lib/libutee.a(utee_syscalls_a64.o)
                0x0000000000004e10                utee_wait
 .text.utee_get_time
                0x0000000000004e1c        0xc /home/lagadanu/Desktop/qemu/optee_os/out/arm/export-ta_arm64/lib/libutee.a(utee_syscalls_a64.o)
                0x0000000000004e1c                utee_get_time
 .text.utee_set_ta_time
                0x0000000000004e28        0xc /home/lagadanu/Desktop/qemu/optee_os/out/arm/export-ta_arm64/lib/libutee.a(utee_syscalls_a64.o)
                0x0000000000004e28                utee_set_ta_time
 .text.utee_cryp_state_alloc
                0x0000000000004e34        0xc /home/lagadanu/Desktop/qemu/optee_os/out/arm/export-ta_arm64/lib/libutee.a(utee_syscalls_a64.o)
                0x0000000000004e34                utee_cryp_state_alloc
 .text.utee_cryp_state_copy
                0x0000000000004e40        0xc /home/lagadanu/Desktop/qemu/optee_os/out/arm/export-ta_arm64/lib/libutee.a(utee_syscalls_a64.o)
                0x0000000000004e40                utee_cryp_state_copy
 .text.utee_cryp_state_free
                0x0000000000004e4c        0xc /home/lagadanu/Desktop/qemu/optee_os/out/arm/export-ta_arm64/lib/libutee.a(utee_syscalls_a64.o)
                0x0000000000004e4c                utee_cryp_state_free
 .text.utee_hash_init
                0x0000000000004e58        0xc /home/lagadanu/Desktop/qemu/optee_os/out/arm/export-ta_arm64/lib/libutee.a(utee_syscalls_a64.o)
                0x0000000000004e58                utee_hash_init
 .text.utee_hash_update
                0x0000000000004e64        0xc /home/lagadanu/Desktop/qemu/optee_os/out/arm/export-ta_arm64/lib/libutee.a(utee_syscalls_a64.o)
                0x0000000000004e64                utee_hash_update
 .text.utee_hash_final
                0x0000000000004e70        0xc /home/lagadanu/Desktop/qemu/optee_os/out/arm/export-ta_arm64/lib/libutee.a(utee_syscalls_a64.o)
                0x0000000000004e70                utee_hash_final
 .text.utee_cipher_init
                0x0000000000004e7c        0xc /home/lagadanu/Desktop/qemu/optee_os/out/arm/export-ta_arm64/lib/libutee.a(utee_syscalls_a64.o)
                0x0000000000004e7c                utee_cipher_init
 .text.utee_cipher_update
                0x0000000000004e88        0xc /home/lagadanu/Desktop/qemu/optee_os/out/arm/export-ta_arm64/lib/libutee.a(utee_syscalls_a64.o)
                0x0000000000004e88                utee_cipher_update
 .text.utee_cipher_final
                0x0000000000004e94        0xc /home/lagadanu/Desktop/qemu/optee_os/out/arm/export-ta_arm64/lib/libutee.a(utee_syscalls_a64.o)
                0x0000000000004e94                utee_cipher_final
 .text.utee_cryp_obj_get_info
                0x0000000000004ea0        0xc /home/lagadanu/Desktop/qemu/optee_os/out/arm/export-ta_arm64/lib/libutee.a(utee_syscalls_a64.o)
                0x0000000000004ea0                utee_cryp_obj_get_info
 .text.utee_cryp_obj_restrict_usage
                0x0000000000004eac        0xc /home/lagadanu/Desktop/qemu/optee_os/out/arm/export-ta_arm64/lib/libutee.a(utee_syscalls_a64.o)
                0x0000000000004eac                utee_cryp_obj_restrict_usage
 .text.utee_cryp_obj_get_attr
                0x0000000000004eb8        0xc /home/lagadanu/Desktop/qemu/optee_os/out/arm/export-ta_arm64/lib/libutee.a(utee_syscalls_a64.o)
                0x0000000000004eb8                utee_cryp_obj_get_attr
 .text.utee_cryp_obj_alloc
                0x0000000000004ec4        0xc /home/lagadanu/Desktop/qemu/optee_os/out/arm/export-ta_arm64/lib/libutee.a(utee_syscalls_a64.o)
                0x0000000000004ec4                utee_cryp_obj_alloc
 .text.utee_cryp_obj_close
                0x0000000000004ed0        0xc /home/lagadanu/Desktop/qemu/optee_os/out/arm/export-ta_arm64/lib/libutee.a(utee_syscalls_a64.o)
                0x0000000000004ed0                utee_cryp_obj_close
 .text.utee_cryp_obj_reset
                0x0000000000004edc        0xc /home/lagadanu/Desktop/qemu/optee_os/out/arm/export-ta_arm64/lib/libutee.a(utee_syscalls_a64.o)
                0x0000000000004edc                utee_cryp_obj_reset
 .text.utee_cryp_obj_populate
                0x0000000000004ee8        0xc /home/lagadanu/Desktop/qemu/optee_os/out/arm/export-ta_arm64/lib/libutee.a(utee_syscalls_a64.o)
                0x0000000000004ee8                utee_cryp_obj_populate
 .text.utee_cryp_obj_copy
                0x0000000000004ef4        0xc /home/lagadanu/Desktop/qemu/optee_os/out/arm/export-ta_arm64/lib/libutee.a(utee_syscalls_a64.o)
                0x0000000000004ef4                utee_cryp_obj_copy
 .text.utee_cryp_derive_key
                0x0000000000004f00        0xc /home/lagadanu/Desktop/qemu/optee_os/out/arm/export-ta_arm64/lib/libutee.a(utee_syscalls_a64.o)
                0x0000000000004f00                utee_cryp_derive_key
 .text.utee_cryp_random_number_generate
                0x0000000000004f0c        0xc /home/lagadanu/Desktop/qemu/optee_os/out/arm/export-ta_arm64/lib/libutee.a(utee_syscalls_a64.o)
                0x0000000000004f0c                utee_cryp_random_number_generate
 .text.utee_authenc_init
                0x0000000000004f18        0xc /home/lagadanu/Desktop/qemu/optee_os/out/arm/export-ta_arm64/lib/libutee.a(utee_syscalls_a64.o)
                0x0000000000004f18                utee_authenc_init
 .text.utee_authenc_update_aad
                0x0000000000004f24        0xc /home/lagadanu/Desktop/qemu/optee_os/out/arm/export-ta_arm64/lib/libutee.a(utee_syscalls_a64.o)
                0x0000000000004f24                utee_authenc_update_aad
 .text.utee_authenc_update_payload
                0x0000000000004f30        0xc /home/lagadanu/Desktop/qemu/optee_os/out/arm/export-ta_arm64/lib/libutee.a(utee_syscalls_a64.o)
                0x0000000000004f30                utee_authenc_update_payload
 .text.utee_authenc_enc_final
                0x0000000000004f3c        0xc /home/lagadanu/Desktop/qemu/optee_os/out/arm/export-ta_arm64/lib/libutee.a(utee_syscalls_a64.o)
                0x0000000000004f3c                utee_authenc_enc_final
 .text.utee_authenc_dec_final
                0x0000000000004f48        0xc /home/lagadanu/Desktop/qemu/optee_os/out/arm/export-ta_arm64/lib/libutee.a(utee_syscalls_a64.o)
                0x0000000000004f48                utee_authenc_dec_final
 .text.utee_asymm_operate
                0x0000000000004f54        0xc /home/lagadanu/Desktop/qemu/optee_os/out/arm/export-ta_arm64/lib/libutee.a(utee_syscalls_a64.o)
                0x0000000000004f54                utee_asymm_operate
 .text.utee_asymm_verify
                0x0000000000004f60        0xc /home/lagadanu/Desktop/qemu/optee_os/out/arm/export-ta_arm64/lib/libutee.a(utee_syscalls_a64.o)
                0x0000000000004f60                utee_asymm_verify
 .text.utee_storage_obj_open
                0x0000000000004f6c        0xc /home/lagadanu/Desktop/qemu/optee_os/out/arm/export-ta_arm64/lib/libutee.a(utee_syscalls_a64.o)
                0x0000000000004f6c                utee_storage_obj_open
 .text.utee_storage_obj_create
                0x0000000000004f78        0xc /home/lagadanu/Desktop/qemu/optee_os/out/arm/export-ta_arm64/lib/libutee.a(utee_syscalls_a64.o)
                0x0000000000004f78                utee_storage_obj_create
 .text.utee_storage_obj_del
                0x0000000000004f84        0xc /home/lagadanu/Desktop/qemu/optee_os/out/arm/export-ta_arm64/lib/libutee.a(utee_syscalls_a64.o)
                0x0000000000004f84                utee_storage_obj_del
 .text.utee_storage_obj_rename
                0x0000000000004f90        0xc /home/lagadanu/Desktop/qemu/optee_os/out/arm/export-ta_arm64/lib/libutee.a(utee_syscalls_a64.o)
                0x0000000000004f90                utee_storage_obj_rename
 .text.utee_storage_alloc_enum
                0x0000000000004f9c        0xc /home/lagadanu/Desktop/qemu/optee_os/out/arm/export-ta_arm64/lib/libutee.a(utee_syscalls_a64.o)
                0x0000000000004f9c                utee_storage_alloc_enum
 .text.utee_storage_free_enum
                0x0000000000004fa8        0xc /home/lagadanu/Desktop/qemu/optee_os/out/arm/export-ta_arm64/lib/libutee.a(utee_syscalls_a64.o)
                0x0000000000004fa8                utee_storage_free_enum
 .text.utee_storage_reset_enum
                0x0000000000004fb4        0xc /home/lagadanu/Desktop/qemu/optee_os/out/arm/export-ta_arm64/lib/libutee.a(utee_syscalls_a64.o)
                0x0000000000004fb4                utee_storage_reset_enum
 .text.utee_storage_start_enum
                0x0000000000004fc0        0xc /home/lagadanu/Desktop/qemu/optee_os/out/arm/export-ta_arm64/lib/libutee.a(utee_syscalls_a64.o)
                0x0000000000004fc0                utee_storage_start_enum
 .text.utee_storage_next_enum
                0x0000000000004fcc        0xc /home/lagadanu/Desktop/qemu/optee_os/out/arm/export-ta_arm64/lib/libutee.a(utee_syscalls_a64.o)
                0x0000000000004fcc                utee_storage_next_enum
 .text.utee_storage_obj_read
                0x0000000000004fd8        0xc /home/lagadanu/Desktop/qemu/optee_os/out/arm/export-ta_arm64/lib/libutee.a(utee_syscalls_a64.o)
                0x0000000000004fd8                utee_storage_obj_read
 .text.utee_storage_obj_write
                0x0000000000004fe4        0xc /home/lagadanu/Desktop/qemu/optee_os/out/arm/export-ta_arm64/lib/libutee.a(utee_syscalls_a64.o)
                0x0000000000004fe4                utee_storage_obj_write
 .text.utee_storage_obj_trunc
                0x0000000000004ff0        0xc /home/lagadanu/Desktop/qemu/optee_os/out/arm/export-ta_arm64/lib/libutee.a(utee_syscalls_a64.o)
                0x0000000000004ff0                utee_storage_obj_trunc
 .text.utee_storage_obj_seek
                0x0000000000004ffc        0xc /home/lagadanu/Desktop/qemu/optee_os/out/arm/export-ta_arm64/lib/libutee.a(utee_syscalls_a64.o)
                0x0000000000004ffc                utee_storage_obj_seek
 .text.utee_cryp_obj_generate_key
                0x0000000000005008        0xc /home/lagadanu/Desktop/qemu/optee_os/out/arm/export-ta_arm64/lib/libutee.a(utee_syscalls_a64.o)
                0x0000000000005008                utee_cryp_obj_generate_key
 .text.utee_se_service_open
                0x0000000000005014        0xc /home/lagadanu/Desktop/qemu/optee_os/out/arm/export-ta_arm64/lib/libutee.a(utee_syscalls_a64.o)
                0x0000000000005014                utee_se_service_open
 .text.utee_se_service_close
                0x0000000000005020        0xc /home/lagadanu/Desktop/qemu/optee_os/out/arm/export-ta_arm64/lib/libutee.a(utee_syscalls_a64.o)
                0x0000000000005020                utee_se_service_close
 .text.utee_se_service_get_readers
                0x000000000000502c        0xc /home/lagadanu/Desktop/qemu/optee_os/out/arm/export-ta_arm64/lib/libutee.a(utee_syscalls_a64.o)
                0x000000000000502c                utee_se_service_get_readers
 .text.utee_se_reader_get_prop
                0x0000000000005038        0xc /home/lagadanu/Desktop/qemu/optee_os/out/arm/export-ta_arm64/lib/libutee.a(utee_syscalls_a64.o)
                0x0000000000005038                utee_se_reader_get_prop
 .text.utee_se_reader_get_name
                0x0000000000005044        0xc /home/lagadanu/Desktop/qemu/optee_os/out/arm/export-ta_arm64/lib/libutee.a(utee_syscalls_a64.o)
                0x0000000000005044                utee_se_reader_get_name
 .text.utee_se_reader_open_session
                0x0000000000005050        0xc /home/lagadanu/Desktop/qemu/optee_os/out/arm/export-ta_arm64/lib/libutee.a(utee_syscalls_a64.o)
                0x0000000000005050                utee_se_reader_open_session
 .text.utee_se_reader_close_sessions
                0x000000000000505c        0xc /home/lagadanu/Desktop/qemu/optee_os/out/arm/export-ta_arm64/lib/libutee.a(utee_syscalls_a64.o)
                0x000000000000505c                utee_se_reader_close_sessions
 .text.utee_se_session_is_closed
                0x0000000000005068        0xc /home/lagadanu/Desktop/qemu/optee_os/out/arm/export-ta_arm64/lib/libutee.a(utee_syscalls_a64.o)
                0x0000000000005068                utee_se_session_is_closed
 .text.utee_se_session_get_atr
                0x0000000000005074        0xc /home/lagadanu/Desktop/qemu/optee_os/out/arm/export-ta_arm64/lib/libutee.a(utee_syscalls_a64.o)
                0x0000000000005074                utee_se_session_get_atr
 .text.utee_se_session_open_channel
                0x0000000000005080        0xc /home/lagadanu/Desktop/qemu/optee_os/out/arm/export-ta_arm64/lib/libutee.a(utee_syscalls_a64.o)
                0x0000000000005080                utee_se_session_open_channel
 .text.utee_se_session_close
                0x000000000000508c        0xc /home/lagadanu/Desktop/qemu/optee_os/out/arm/export-ta_arm64/lib/libutee.a(utee_syscalls_a64.o)
                0x000000000000508c                utee_se_session_close
 .text.utee_se_channel_select_next
                0x0000000000005098        0xc /home/lagadanu/Desktop/qemu/optee_os/out/arm/export-ta_arm64/lib/libutee.a(utee_syscalls_a64.o)
                0x0000000000005098                utee_se_channel_select_next
 .text.utee_se_channel_get_select_resp
                0x00000000000050a4        0xc /home/lagadanu/Desktop/qemu/optee_os/out/arm/export-ta_arm64/lib/libutee.a(utee_syscalls_a64.o)
                0x00000000000050a4                utee_se_channel_get_select_resp
 .text.utee_se_channel_transmit
                0x00000000000050b0        0xc /home/lagadanu/Desktop/qemu/optee_os/out/arm/export-ta_arm64/lib/libutee.a(utee_syscalls_a64.o)
                0x00000000000050b0                utee_se_channel_transmit
 .text.utee_se_channel_close
                0x00000000000050bc        0xc /home/lagadanu/Desktop/qemu/optee_os/out/arm/export-ta_arm64/lib/libutee.a(utee_syscalls_a64.o)
                0x00000000000050bc                utee_se_channel_close
 .text.utee_cache_operation
                0x00000000000050c8        0xc /home/lagadanu/Desktop/qemu/optee_os/out/arm/export-ta_arm64/lib/libutee.a(utee_syscalls_a64.o)
                0x00000000000050c8                utee_cache_operation
 .text.__utee_mcount
                0x00000000000050d4        0x4 /home/lagadanu/Desktop/qemu/optee_os/out/arm/export-ta_arm64/lib/libutee.a(gprof_a64.o)
                0x00000000000050d4                __utee_mcount
 .text          0x00000000000050d8      0x6c4 /home/lagadanu/Desktop/qemu/optee_os/out/arm/export-ta_arm64/lib/libutee.a(tee_api_arith.o)
                0x00000000000050d8                _TEE_MathAPI_Init
                0x0000000000005130                TEE_BigIntInit
                0x0000000000005134                TEE_BigIntInitFMM
                0x0000000000005148                TEE_BigIntInitFMMContext
                0x0000000000005180                TEE_BigIntFMMSizeInU32
                0x0000000000005190                TEE_BigIntFMMContextSizeInU32
                0x00000000000051a4                TEE_BigIntConvertFromOctetString
                0x00000000000051cc                TEE_BigIntConvertToOctetString
                0x000000000000520c                TEE_BigIntConvertFromS32
                0x0000000000005210                TEE_BigIntConvertToS32
                0x0000000000005230                TEE_BigIntCmp
                0x0000000000005234                TEE_BigIntCmpS32
                0x0000000000005238                TEE_BigIntShiftRight
                0x000000000000523c                TEE_BigIntGetBit
                0x0000000000005258                TEE_BigIntGetBitCount
                0x0000000000005270                TEE_BigIntAdd
                0x000000000000527c                TEE_BigIntSub
                0x0000000000005288                TEE_BigIntNeg
                0x000000000000528c                TEE_BigIntMul
                0x0000000000005298                TEE_BigIntSquare
                0x00000000000052a8                TEE_BigIntDiv
                0x000000000000530c                TEE_BigIntMod
                0x00000000000053a0                TEE_BigIntAddMod
                0x0000000000005448                TEE_BigIntSubMod
                0x00000000000054f0                TEE_BigIntMulMod
                0x00000000000055bc                TEE_BigIntSquareMod
                0x00000000000055c8                TEE_BigIntInvMod
                0x0000000000005634                TEE_BigIntRelativePrime
                0x00000000000056ac                TEE_BigIntComputeExtendedGcd
                0x00000000000056b8                TEE_BigIntIsProbablePrime
                0x00000000000056dc                TEE_BigIntConvertToFMM
                0x00000000000056f8                TEE_BigIntConvertFromFMM
                0x000000000000578c                TEE_BigIntComputeFMM
 .text.unlikely
                0x000000000000579c       0x28 /home/lagadanu/Desktop/qemu/optee_os/out/arm/export-ta_arm64/lib/libutee.a(tee_api_arith.o)
 .text          0x00000000000057c4      0x194 /home/lagadanu/Desktop/qemu/optee_os/out/arm/export-ta_arm64/lib/libmpa.a(mpa_misc.o)
                0x00000000000057c4                __mpa_set_unused_digits_to_zero
                0x00000000000057e8                mpa_wipe
                0x0000000000005818                mpa_copy
                0x000000000000586c                mpa_abs
                0x000000000000589c                mpa_highest_bit_index
                0x00000000000058e0                mpa_get_bit
                0x0000000000005924                mpa_can_hold
                0x0000000000005940                mpa_parity
                0x000000000000594c                mpa_constant_one
 .text          0x0000000000005958      0x3f0 /home/lagadanu/Desktop/qemu/optee_os/out/arm/export-ta_arm64/lib/libmpa.a(mpa_montgomery.o)
                0x0000000000005958                __mpa_montgomery_mul_add
                0x00000000000059d0                __mpa_montgomery_sub_ack
                0x0000000000005a60                __mpa_montgomery_mul
                0x0000000000005b84                mpa_compute_fmm_context
                0x0000000000005cc0                mpa_montgomery_mul
 .text          0x0000000000005d48      0x3ac /home/lagadanu/Desktop/qemu/optee_os/out/arm/export-ta_arm64/lib/libmpa.a(mpa_primetest.o)
                0x0000000000005d48                mpa_is_prob_prime
 .text          0x00000000000060f4       0xcc /home/lagadanu/Desktop/qemu/optee_os/out/arm/export-ta_arm64/lib/libmpa.a(mpa_conv.o)
                0x00000000000060f4                mpa_set_S32
                0x0000000000006120                mpa_get_S32
                0x0000000000006194                mpa_set_word
                0x00000000000061a8                mpa_get_word
 .text          0x00000000000061c0      0x910 /home/lagadanu/Desktop/qemu/optee_os/out/arm/export-ta_arm64/lib/libmpa.a(mpa_div.o)
                0x00000000000061c0                __mpa_div_dword
                0x0000000000006210                __mpa_div_q_r_internal_word
                0x0000000000006358                __mpa_div_q_r
                0x00000000000069e0                mpa_div
 .text          0x0000000000006ad0      0x878 /home/lagadanu/Desktop/qemu/optee_os/out/arm/export-ta_arm64/lib/libmpa.a(mpa_gcd.o)
                0x000000000000703c                mpa_gcd
                0x000000000000715c                mpa_extended_gcd
 .text          0x0000000000007348       0x78 /home/lagadanu/Desktop/qemu/optee_os/out/arm/export-ta_arm64/lib/libmpa.a(mpa_mem_static.o)
                0x0000000000007348                mpa_alloc_static_temp_var_size
                0x0000000000007394                mpa_alloc_static_temp_var
                0x00000000000073a4                mpa_free_static_temp_var
 .text          0x00000000000073c0      0x36c /home/lagadanu/Desktop/qemu/optee_os/out/arm/export-ta_arm64/lib/libmpa.a(mpa_mul.o)
                0x00000000000073c0                __mpa_mul_add_word
                0x00000000000073d8                __mpa_mul_add_word_cum
                0x00000000000073f8                __mpa_abs_mul_word
                0x0000000000007490                __mpa_abs_mul
                0x0000000000007584                mpa_mul
                0x0000000000007668                mpa_mul_word
 .text          0x000000000000772c      0x170 /home/lagadanu/Desktop/qemu/optee_os/out/arm/export-ta_arm64/lib/libmpa.a(mpa_random.o)
                0x000000000000772c                mpa_get_random
                0x0000000000007838                mpa_get_random_digits
 .text          0x000000000000789c      0x3d0 /home/lagadanu/Desktop/qemu/optee_os/out/arm/export-ta_arm64/lib/libmpa.a(mpa_shift.o)
                0x000000000000789c                __mpa_shift_words_left
                0x0000000000007934                __mpa_shift_words_right
                0x0000000000007998                mpa_shift_left
                0x0000000000007b28                mpa_shift_right
 .text          0x0000000000007c6c      0x8f4 /home/lagadanu/Desktop/qemu/optee_os/out/arm/export-ta_arm64/lib/libmpa.a(mpa_addsub.o)
                0x0000000000007c6c                __mpa_full_adder
                0x0000000000007c88                __mpa_full_sub
                0x0000000000007cac                __mpa_full_adder_ackum
                0x0000000000007ccc                __mpa_abs_add
                0x0000000000007dc0                __mpa_abs_add_ackum
                0x0000000000007e8c                __mpa_abs_sub
                0x0000000000007f90                mpa_add
                0x0000000000008124                mpa_sub
                0x00000000000082c0                mpa_neg
                0x00000000000082ec                mpa_add_word
                0x0000000000008428                mpa_sub_word
 .text          0x0000000000008560      0x1d0 /home/lagadanu/Desktop/qemu/optee_os/out/arm/export-ta_arm64/lib/libmpa.a(mpa_cmp.o)
                0x0000000000008560                __mpa_abs_cmp
                0x0000000000008610                __mpa_abs_greater_than
                0x000000000000862c                __mpa_abs_less_than
                0x0000000000008644                mpa_cmp
                0x00000000000086ac                mpa_cmp_short
 .text          0x0000000000008730      0x1bc /home/lagadanu/Desktop/qemu/optee_os/out/arm/export-ta_arm64/lib/libmpa.a(mpa_expmod.o)
                0x0000000000008730                mpa_exp_mod
 .text          0x00000000000088ec       0x84 /home/lagadanu/Desktop/qemu/optee_os/out/arm/export-ta_arm64/lib/libmpa.a(mpa_init.o)
                0x00000000000088ec                mpa_init_static
                0x0000000000008908                mpa_init_static_fmm_context
 .text          0x0000000000008970      0x73c /home/lagadanu/Desktop/qemu/optee_os/out/arm/export-ta_arm64/lib/libmpa.a(mpa_io.o)
                0x0000000000008b04                mpa_get_str_size
                0x0000000000008b0c                mpa_set_str
                0x0000000000008da4                mpa_get_str
                0x0000000000008e28                mpa_set_oct_str
                0x0000000000008f38                mpa_get_oct_str
 .text          0x00000000000090ac      0x2b8 /home/lagadanu/Desktop/qemu/optee_os/out/arm/export-ta_arm64/lib/libmpa.a(mpa_modulus.o)
                0x00000000000090ac                mpa_mod
                0x00000000000090c4                mpa_add_mod
                0x0000000000009148                mpa_sub_mod
                0x00000000000091cc                mpa_mul_mod
                0x0000000000009250                mpa_inv_mod
 .text          0x0000000000009364     0x10b4 /home/lagadanu/Desktop/qemu/optee_os/out/arm/export-ta_arm64/lib/libutils.a(bget_malloc.o)
                0x00000000000094b4                bget
                0x00000000000096d0                bgetz
                0x0000000000009758                brel
                0x00000000000099f4                bgetr
                0x0000000000009abc                bpool
                0x0000000000009b90                bstats
                0x0000000000009c28                malloc_reset_stats
                0x0000000000009c40                malloc_get_stats
                0x0000000000009c70                malloc
                0x0000000000009c74                free
                0x0000000000009c88                calloc
                0x0000000000009cf8                realloc
                0x0000000000009d54                memalign
                0x000000000000a0fc                malloc_add_pool
                0x000000000000a22c                malloc_buffer_is_within_alloced
                0x000000000000a3ac                malloc_buffer_overlaps_heap
 .text          0x000000000000a418       0xcc /home/lagadanu/Desktop/qemu/optee_os/out/arm/export-ta_arm64/lib/libutils.a(snprintf.o)
                0x000000000000a418                snprintf
                0x000000000000a490                vsnprintf
 .text          0x000000000000a4e4       0x34 /home/lagadanu/Desktop/qemu/optee_os/out/arm/export-ta_arm64/lib/libutils.a(memcmp.o)
                0x000000000000a4e4                memcmp
 .text          0x000000000000a518       0x4c /home/lagadanu/Desktop/qemu/optee_os/out/arm/export-ta_arm64/lib/libutils.a(memmove.o)
                0x000000000000a518                memmove
 .text          0x000000000000a564       0x1c /home/lagadanu/Desktop/qemu/optee_os/out/arm/export-ta_arm64/lib/libutils.a(memset.o)
                0x000000000000a564                memset
 .text          0x000000000000a580       0x40 /home/lagadanu/Desktop/qemu/optee_os/out/arm/export-ta_arm64/lib/libutils.a(buf_compare_ct.o)
                0x000000000000a580                buf_compare_ct
 .text          0x000000000000a5c0      0x128 /home/lagadanu/Desktop/qemu/optee_os/out/arm/export-ta_arm64/lib/libutils.a(mempool.o)
                0x000000000000a5c0                mempool_alloc_pool
                0x000000000000a628                mempool_alloc
                0x000000000000a6a8                mempool_free
 .text          0x000000000000a6e8       0x58 /home/lagadanu/Desktop/qemu/optee_os/out/arm/export-ta_arm64/lib/libutee.a(assert.o)
                0x000000000000a6e8                _assert_log
                0x000000000000a72c                _assert_break
 .text          0x000000000000a740        0x0 /home/lagadanu/Desktop/qemu/optee_os/out/arm/export-ta_arm64/lib/libutee.a(utee_syscalls_a64.o)
 .text          0x000000000000a740        0x0 /home/lagadanu/Desktop/qemu/optee_os/out/arm/export-ta_arm64/lib/libutee.a(gprof_a64.o)
 *(SORT(.stub))
 *(SORT(.glue_7))
 *(SORT(.glue_7t))
 *(SORT(.gnu.linkonce.t.*))
 *(SORT(.vfp11_veneer))
                [!provide]                        PROVIDE (_mcount, __utee_mcount)
                0x000000000000a740                __text_end = .

.plt            0x000000000000a740        0x0
 *(SORT(.plt))
 .plt           0x000000000000a740        0x0 out/ta_entry.o

.eh_frame
 *(SORT(.eh_frame))

.rodata         0x000000000000a740     0x1549
 *(SORT(.gnu.linkonce.r.*))
 *(SORT(.rodata) SORT(.rodata.*))
 .rodata.ta_entry.c
                0x000000000000a740       0x1b out/ta_entry.o
 *fill*         0x000000000000a75b        0x5 
 .rodata.user_ta_header.c
                0x000000000000a760       0x23 out/user_ta_header.o
                0x000000000000a760                ta_num_props
                0x000000000000a778                ta_heap_size
                0x000000000000a780                trace_ext_prefix
 *fill*         0x000000000000a783        0x5 
 .rodata.lib/libutils/ext/trace.c
                0x000000000000a788        0x5 /home/lagadanu/Desktop/qemu/optee_os/out/arm/export-ta_arm64/lib/libutils.a(trace.o)
 *fill*         0x000000000000a78d        0x3 
 .rodata.lib/libutils/ext/snprintk.c
                0x000000000000a790       0x29 /home/lagadanu/Desktop/qemu/optee_os/out/arm/export-ta_arm64/lib/libutils.a(snprintk.o)
 *fill*         0x000000000000a7b9        0x7 
 .rodata.lib/libutee/tee_api.c
                0x000000000000a7c0       0x1b /home/lagadanu/Desktop/qemu/optee_os/out/arm/export-ta_arm64/lib/libutee.a(tee_api.o)
 *fill*         0x000000000000a7db        0x5 
 .rodata.lib/libmpa/mpa_misc.c
                0x000000000000a7e0       0x2c /home/lagadanu/Desktop/qemu/optee_os/out/arm/export-ta_arm64/lib/libmpa.a(mpa_misc.o)
                0x000000000000a7e0                const_one
                0x000000000000a7f0                Const_1_LShift_Base
                0x000000000000a800                const_largest_deci_base
 *fill*         0x000000000000a80c        0x4 
 .rodata.lib/libmpa/mpa_primetest.c
                0x000000000000a810      0xd38 /home/lagadanu/Desktop/qemu/optee_os/out/arm/export-ta_arm64/lib/libmpa.a(mpa_primetest.o)
                0x000000000000a810                PRIME_TABLE
                0x000000000000b540                NR_STORED_PRIMES
                0x000000000000b544                MAX_TABULATED_PRIME
 .rodata.lib/libmpa/mpa_io.c
                0x000000000000b548       0x1c /home/lagadanu/Desktop/qemu/optee_os/out/arm/export-ta_arm64/lib/libmpa.a(mpa_io.o)
 *fill*         0x000000000000b564        0x4 
 .rodata.lib/libutils/isoc/bget_malloc.c
                0x000000000000b568       0xab /home/lagadanu/Desktop/qemu/optee_os/out/arm/export-ta_arm64/lib/libutils.a(bget_malloc.o)
 *fill*         0x000000000000b613        0x5 
 .rodata.lib/libutils/ext/mempool.c
                0x000000000000b618       0x13 /home/lagadanu/Desktop/qemu/optee_os/out/arm/export-ta_arm64/lib/libutils.a(mempool.o)
 *fill*         0x000000000000b62b        0x1 
 .rodata.ta_aes_perf.c
                0x000000000000b62c        0x5 out/ta_aes_perf.o
 .rodata.str1.1.ta_entry.c
                0x000000000000b631       0x37 out/ta_entry.o
 .rodata.str1.1.user_ta_header.c
                0x000000000000b668       0xae out/user_ta_header.o
 .rodata.str1.1.lib/libutils/ext/trace.c
                0x000000000000b716       0x1a /home/lagadanu/Desktop/qemu/optee_os/out/arm/export-ta_arm64/lib/libutils.a(trace.o)
                                         0x1b (size before relaxing)
 .rodata.str1.1.lib/libutils/ext/snprintk.c
                0x000000000000b730       0x38 /home/lagadanu/Desktop/qemu/optee_os/out/arm/export-ta_arm64/lib/libutils.a(snprintk.o)
 .rodata.str1.1.lib/libutee/trace_ext.c
                0x000000000000b768       0x38 /home/lagadanu/Desktop/qemu/optee_os/out/arm/export-ta_arm64/lib/libutee.a(trace_ext.o)
                                          0x2 (size before relaxing)
 .rodata.str1.1.lib/libutee/tee_api.c
                0x000000000000b768       0x11 /home/lagadanu/Desktop/qemu/optee_os/out/arm/export-ta_arm64/lib/libutee.a(tee_api.o)
 .rodata.str1.1.lib/libutee/tee_api_arith.c
                0x000000000000b779       0x5b /home/lagadanu/Desktop/qemu/optee_os/out/arm/export-ta_arm64/lib/libutee.a(tee_api_arith.o)
 .rodata.str1.1.lib/libmpa/mpa_io.c
                0x000000000000b7d4       0x5f /home/lagadanu/Desktop/qemu/optee_os/out/arm/export-ta_arm64/lib/libmpa.a(mpa_io.o)
 .rodata.str1.1.lib/libutils/isoc/bget_malloc.c
                0x000000000000b833      0x3f0 /home/lagadanu/Desktop/qemu/optee_os/out/arm/export-ta_arm64/lib/libutils.a(bget_malloc.o)
                                        0x3f9 (size before relaxing)
 .rodata.str1.1.lib/libutils/ext/mempool.c
                0x000000000000bc23       0x3f /home/lagadanu/Desktop/qemu/optee_os/out/arm/export-ta_arm64/lib/libutils.a(mempool.o)
 .rodata.str1.1.lib/libutee/assert.c
                0x000000000000bc62       0x27 /home/lagadanu/Desktop/qemu/optee_os/out/arm/export-ta_arm64/lib/libutee.a(assert.o)

.gnu.version_d  0x000000000000bc90        0x0
 .gnu.version_d
                0x000000000000bc90        0x0 out/ta_entry.o

.gnu.version    0x000000000000bc8a        0x0
 .gnu.version   0x000000000000bc8a        0x0 out/ta_entry.o

.gnu.version_r  0x000000000000bc90        0x0
 .gnu.version_r
                0x000000000000bc90        0x0 out/ta_entry.o

.rela.dyn       0x000000000000bc90      0x1c8
 .rela.ifunc    0x000000000000bc90        0x0 out/ta_entry.o
 .rela.data.rel.ro.local
                0x000000000000bc90      0x150 out/ta_entry.o
 .rela.ta_head  0x000000000000bde0       0x18 out/ta_entry.o
 .rela.data.rel
                0x000000000000bdf8       0x18 out/ta_entry.o
 .rela.data.rel.local
                0x000000000000be10       0x48 out/ta_entry.o

.ARM.exidx
 *(SORT(.ARM.exidx*) SORT(.gnu.linkonce.armexidx.*))

.ctors
 *(SORT(.ctors))

.dtors
 *(SORT(.dtors))

.got            0x000000000000be58       0x78
 *(SORT(.got.plt))
 .got.plt       0x000000000000be58       0x18 out/ta_entry.o
 *(SORT(.got))
 .got           0x000000000000be70       0x60 out/ta_entry.o
                0x000000000000be70                _GLOBAL_OFFSET_TABLE_

.rel.text
 *(SORT(.rel.text))
 *(SORT(.rel.gnu.linkonce.t*))

.rela.text
 *(SORT(.rela.text))
 *(SORT(.rela.gnu.linkonce.t*))

.rel.data
 *(SORT(.rel.data))
 *(SORT(.rel.gnu.linkonce.d*))

.rela.data
 *(SORT(.rela.data))
 *(SORT(.rela.gnu.linkonce.d*))

.rel.rodata
 *(SORT(.rel.rodata))
 *(SORT(.rel.gnu.linkonce.r*))

.rela.rodata
 *(SORT(.rela.rodata))
 *(SORT(.rela.gnu.linkonce.r*))

.rel.dyn
 *(SORT(.rel.dyn))

.rel.got
 *(SORT(.rel.got))

.rela.got       0x000000000000bed0      0x108
 *(SORT(.rela.got))
 .rela.got      0x000000000000bed0      0x108 out/ta_entry.o

.rel.ctors
 *(SORT(.rel.ctors))

.rela.ctors
 *(SORT(.rela.ctors))

.rel.dtors
 *(SORT(.rel.dtors))

.rela.dtors
 *(SORT(.rela.dtors))

.rel.init
 *(SORT(.rel.init))

.rela.init
 *(SORT(.rela.init))

.rel.fini
 *(SORT(.rel.fini))

.rela.fini
 *(SORT(.rela.fini))

.rel.bss
 *(SORT(.rel.bss))

.rela.bss
 *(SORT(.rela.bss))

.rel.plt
 *(SORT(.rel.plt))

.rela.plt       0x000000000000bfd8        0x0
 *(SORT(.rela.plt))
 .rela.plt      0x000000000000bfd8        0x0 out/ta_entry.o

.dynamic        0x000000000000bfd8      0x100
 *(SORT(.dynamic))
 .dynamic       0x000000000000bfd8      0x100 out/ta_entry.o
                0x000000000000bfd8                _DYNAMIC

.dynsym         0x000000000000c0d8      0x150
 *(SORT(.dynsym))
 .dynsym        0x000000000000c0d8      0x150 out/ta_entry.o

.dynstr         0x000000000000c228       0xa1
 *(SORT(.dynstr))
 .dynstr        0x000000000000c228       0xa1 out/ta_entry.o

.hash           0x000000000000c2d0       0x4c
 *(SORT(.hash))
 .hash          0x000000000000c2d0       0x4c out/ta_entry.o
                0x000000000000d000                . = ALIGN (0x1000)

.data           0x000000000000d000      0x14c
 *(SORT(.data) SORT(.data.*) SORT(.gnu.linkonce.d.*))
 .data          0x000000000000d000       0x50 out/ta_aes_perf.o
 .data.rel.ro.local
                0x000000000000d050       0xa8 out/user_ta_header.o
                0x000000000000d050                ta_props
 .data.rel      0x000000000000d0f8        0x8 /home/lagadanu/Desktop/qemu/optee_os/out/arm/export-ta_arm64/lib/libutee.a(user_ta_entry.o)
                0x000000000000d0f8                _ref__utee_mcount
 .data.rel.local
                0x000000000000d100       0x10 /home/lagadanu/Desktop/qemu/optee_os/out/arm/export-ta_arm64/lib/libutee.a(user_ta_entry.o)
 .data.rel.local
                0x000000000000d110       0x38 /home/lagadanu/Desktop/qemu/optee_os/out/arm/export-ta_arm64/lib/libutils.a(bget_malloc.o)
 .data          0x000000000000d148        0x4 out/user_ta_header.o
                0x000000000000d148                trace_level
 .data          0x000000000000d14c        0x0 out/ta_entry.o
 .data          0x000000000000d14c        0x0 /home/lagadanu/Desktop/qemu/optee_os/out/arm/export-ta_arm64/lib/libutils.a(trace.o)
 .data          0x000000000000d14c        0x0 /home/lagadanu/Desktop/qemu/optee_os/out/arm/export-ta_arm64/lib/libutils.a(snprintk.o)
 .data          0x000000000000d14c        0x0 /home/lagadanu/Desktop/qemu/optee_os/out/arm/export-ta_arm64/lib/libutils.a(memchr.o)
 .data          0x000000000000d14c        0x0 /home/lagadanu/Desktop/qemu/optee_os/out/arm/export-ta_arm64/lib/libutils.a(memcpy.o)
 .data          0x000000000000d14c        0x0 /home/lagadanu/Desktop/qemu/optee_os/out/arm/export-ta_arm64/lib/libutils.a(strlen.o)
 .data          0x000000000000d14c        0x0 /home/lagadanu/Desktop/qemu/optee_os/out/arm/export-ta_arm64/lib/libutee.a(trace_ext.o)
 .data          0x000000000000d14c        0x0 /home/lagadanu/Desktop/qemu/optee_os/out/arm/export-ta_arm64/lib/libutee.a(tee_api.o)
 .data          0x000000000000d14c        0x0 /home/lagadanu/Desktop/qemu/optee_os/out/arm/export-ta_arm64/lib/libutee.a(tee_api_objects.o)
 .data          0x000000000000d14c        0x0 /home/lagadanu/Desktop/qemu/optee_os/out/arm/export-ta_arm64/lib/libutee.a(tee_api_operations.o)
 .data          0x000000000000d14c        0x0 /home/lagadanu/Desktop/qemu/optee_os/out/arm/export-ta_arm64/lib/libutee.a(tee_api_panic.o)
 .data          0x000000000000d14c        0x0 /home/lagadanu/Desktop/qemu/optee_os/out/arm/export-ta_arm64/lib/libutee.a(user_ta_entry.o)
 .data          0x000000000000d14c        0x0 /home/lagadanu/Desktop/qemu/optee_os/out/arm/export-ta_arm64/lib/libutee.a(utee_syscalls_a64.o)
 .data          0x000000000000d14c        0x0 /home/lagadanu/Desktop/qemu/optee_os/out/arm/export-ta_arm64/lib/libutee.a(gprof_a64.o)
 .data          0x000000000000d14c        0x0 /home/lagadanu/Desktop/qemu/optee_os/out/arm/export-ta_arm64/lib/libutee.a(tee_api_arith.o)
 .data          0x000000000000d14c        0x0 /home/lagadanu/Desktop/qemu/optee_os/out/arm/export-ta_arm64/lib/libmpa.a(mpa_misc.o)
 .data          0x000000000000d14c        0x0 /home/lagadanu/Desktop/qemu/optee_os/out/arm/export-ta_arm64/lib/libmpa.a(mpa_montgomery.o)
 .data          0x000000000000d14c        0x0 /home/lagadanu/Desktop/qemu/optee_os/out/arm/export-ta_arm64/lib/libmpa.a(mpa_primetest.o)
 .data          0x000000000000d14c        0x0 /home/lagadanu/Desktop/qemu/optee_os/out/arm/export-ta_arm64/lib/libmpa.a(mpa_conv.o)
 .data          0x000000000000d14c        0x0 /home/lagadanu/Desktop/qemu/optee_os/out/arm/export-ta_arm64/lib/libmpa.a(mpa_div.o)
 .data          0x000000000000d14c        0x0 /home/lagadanu/Desktop/qemu/optee_os/out/arm/export-ta_arm64/lib/libmpa.a(mpa_gcd.o)
 .data          0x000000000000d14c        0x0 /home/lagadanu/Desktop/qemu/optee_os/out/arm/export-ta_arm64/lib/libmpa.a(mpa_mem_static.o)
 .data          0x000000000000d14c        0x0 /home/lagadanu/Desktop/qemu/optee_os/out/arm/export-ta_arm64/lib/libmpa.a(mpa_mul.o)
 .data          0x000000000000d14c        0x0 /home/lagadanu/Desktop/qemu/optee_os/out/arm/export-ta_arm64/lib/libmpa.a(mpa_random.o)
 .data          0x000000000000d14c        0x0 /home/lagadanu/Desktop/qemu/optee_os/out/arm/export-ta_arm64/lib/libmpa.a(mpa_shift.o)
 .data          0x000000000000d14c        0x0 /home/lagadanu/Desktop/qemu/optee_os/out/arm/export-ta_arm64/lib/libmpa.a(mpa_addsub.o)
 .data          0x000000000000d14c        0x0 /home/lagadanu/Desktop/qemu/optee_os/out/arm/export-ta_arm64/lib/libmpa.a(mpa_cmp.o)
 .data          0x000000000000d14c        0x0 /home/lagadanu/Desktop/qemu/optee_os/out/arm/export-ta_arm64/lib/libmpa.a(mpa_expmod.o)
 .data          0x000000000000d14c        0x0 /home/lagadanu/Desktop/qemu/optee_os/out/arm/export-ta_arm64/lib/libmpa.a(mpa_init.o)
 .data          0x000000000000d14c        0x0 /home/lagadanu/Desktop/qemu/optee_os/out/arm/export-ta_arm64/lib/libmpa.a(mpa_io.o)
 .data          0x000000000000d14c        0x0 /home/lagadanu/Desktop/qemu/optee_os/out/arm/export-ta_arm64/lib/libmpa.a(mpa_modulus.o)
 .data          0x000000000000d14c        0x0 /home/lagadanu/Desktop/qemu/optee_os/out/arm/export-ta_arm64/lib/libutils.a(bget_malloc.o)
 .data          0x000000000000d14c        0x0 /home/lagadanu/Desktop/qemu/optee_os/out/arm/export-ta_arm64/lib/libutils.a(snprintf.o)
 .data          0x000000000000d14c        0x0 /home/lagadanu/Desktop/qemu/optee_os/out/arm/export-ta_arm64/lib/libutils.a(memcmp.o)
 .data          0x000000000000d14c        0x0 /home/lagadanu/Desktop/qemu/optee_os/out/arm/export-ta_arm64/lib/libutils.a(memmove.o)
 .data          0x000000000000d14c        0x0 /home/lagadanu/Desktop/qemu/optee_os/out/arm/export-ta_arm64/lib/libutils.a(memset.o)
 .data          0x000000000000d14c        0x0 /home/lagadanu/Desktop/qemu/optee_os/out/arm/export-ta_arm64/lib/libutils.a(buf_compare_ct.o)
 .data          0x000000000000d14c        0x0 /home/lagadanu/Desktop/qemu/optee_os/out/arm/export-ta_arm64/lib/libutils.a(mempool.o)
 .data          0x000000000000d14c        0x0 /home/lagadanu/Desktop/qemu/optee_os/out/arm/export-ta_arm64/lib/libutee.a(assert.o)

.bss            0x000000000000d150     0xaa58
 *(SORT(.bss) SORT(.bss.*) SORT(.gnu.linkonce.b.*) SORT(COMMON))
 .bss           0x000000000000d150       0x14 out/ta_aes_perf.o
 *fill*         0x000000000000d164        0x4 
 COMMON         0x000000000000d168     0x8000 out/user_ta_header.o
                0x000000000000d168                ta_heap
 .bss           0x0000000000015168        0x8 /home/lagadanu/Desktop/qemu/optee_os/out/arm/export-ta_arm64/lib/libutee.a(tee_api.o)
 COMMON         0x0000000000015170       0x48 /home/lagadanu/Desktop/qemu/optee_os/out/arm/export-ta_arm64/lib/libutee.a(user_ta_entry.o)
                0x0000000000015170                ta_param_types
                0x0000000000015178                ta_params
 .bss           0x00000000000151b8     0x1998 /home/lagadanu/Desktop/qemu/optee_os/out/arm/export-ta_arm64/lib/libutee.a(tee_api_arith.o)
 .bss           0x0000000000016b50     0x1002 /home/lagadanu/Desktop/qemu/optee_os/out/arm/export-ta_arm64/lib/libmpa.a(mpa_io.o)
 *fill*         0x0000000000017b52        0x6 
 .bss           0x0000000000017b58       0x48 /home/lagadanu/Desktop/qemu/optee_os/out/arm/export-ta_arm64/lib/libutils.a(bget_malloc.o)
 .bss           0x0000000000017ba0        0x0 out/ta_entry.o
 .bss           0x0000000000017ba0        0x0 out/user_ta_header.o
 .bss           0x0000000000017ba0        0x0 /home/lagadanu/Desktop/qemu/optee_os/out/arm/export-ta_arm64/lib/libutils.a(trace.o)
 .bss           0x0000000000017ba0        0x0 /home/lagadanu/Desktop/qemu/optee_os/out/arm/export-ta_arm64/lib/libutils.a(snprintk.o)
 .bss           0x0000000000017ba0        0x0 /home/lagadanu/Desktop/qemu/optee_os/out/arm/export-ta_arm64/lib/libutils.a(memchr.o)
 .bss           0x0000000000017ba0        0x0 /home/lagadanu/Desktop/qemu/optee_os/out/arm/export-ta_arm64/lib/libutils.a(memcpy.o)
 .bss           0x0000000000017ba0        0x0 /home/lagadanu/Desktop/qemu/optee_os/out/arm/export-ta_arm64/lib/libutils.a(strlen.o)
 .bss           0x0000000000017ba0        0x0 /home/lagadanu/Desktop/qemu/optee_os/out/arm/export-ta_arm64/lib/libutee.a(trace_ext.o)
 .bss           0x0000000000017ba0        0x0 /home/lagadanu/Desktop/qemu/optee_os/out/arm/export-ta_arm64/lib/libutee.a(tee_api_objects.o)
 .bss           0x0000000000017ba0        0x0 /home/lagadanu/Desktop/qemu/optee_os/out/arm/export-ta_arm64/lib/libutee.a(tee_api_operations.o)
 .bss           0x0000000000017ba0        0x0 /home/lagadanu/Desktop/qemu/optee_os/out/arm/export-ta_arm64/lib/libutee.a(tee_api_panic.o)
 .bss           0x0000000000017ba0        0x1 /home/lagadanu/Desktop/qemu/optee_os/out/arm/export-ta_arm64/lib/libutee.a(user_ta_entry.o)
 .bss           0x0000000000017ba1        0x0 /home/lagadanu/Desktop/qemu/optee_os/out/arm/export-ta_arm64/lib/libutee.a(utee_syscalls_a64.o)
 .bss           0x0000000000017ba1        0x0 /home/lagadanu/Desktop/qemu/optee_os/out/arm/export-ta_arm64/lib/libutee.a(gprof_a64.o)
 .bss           0x0000000000017ba1        0x0 /home/lagadanu/Desktop/qemu/optee_os/out/arm/export-ta_arm64/lib/libmpa.a(mpa_misc.o)
 .bss           0x0000000000017ba1        0x0 /home/lagadanu/Desktop/qemu/optee_os/out/arm/export-ta_arm64/lib/libmpa.a(mpa_montgomery.o)
 .bss           0x0000000000017ba1        0x0 /home/lagadanu/Desktop/qemu/optee_os/out/arm/export-ta_arm64/lib/libmpa.a(mpa_primetest.o)
 .bss           0x0000000000017ba1        0x0 /home/lagadanu/Desktop/qemu/optee_os/out/arm/export-ta_arm64/lib/libmpa.a(mpa_conv.o)
 .bss           0x0000000000017ba1        0x0 /home/lagadanu/Desktop/qemu/optee_os/out/arm/export-ta_arm64/lib/libmpa.a(mpa_div.o)
 .bss           0x0000000000017ba1        0x0 /home/lagadanu/Desktop/qemu/optee_os/out/arm/export-ta_arm64/lib/libmpa.a(mpa_gcd.o)
 .bss           0x0000000000017ba1        0x0 /home/lagadanu/Desktop/qemu/optee_os/out/arm/export-ta_arm64/lib/libmpa.a(mpa_mem_static.o)
 .bss           0x0000000000017ba1        0x0 /home/lagadanu/Desktop/qemu/optee_os/out/arm/export-ta_arm64/lib/libmpa.a(mpa_mul.o)
 .bss           0x0000000000017ba1        0x0 /home/lagadanu/Desktop/qemu/optee_os/out/arm/export-ta_arm64/lib/libmpa.a(mpa_random.o)
 .bss           0x0000000000017ba1        0x0 /home/lagadanu/Desktop/qemu/optee_os/out/arm/export-ta_arm64/lib/libmpa.a(mpa_shift.o)
 .bss           0x0000000000017ba1        0x0 /home/lagadanu/Desktop/qemu/optee_os/out/arm/export-ta_arm64/lib/libmpa.a(mpa_addsub.o)
 .bss           0x0000000000017ba1        0x0 /home/lagadanu/Desktop/qemu/optee_os/out/arm/export-ta_arm64/lib/libmpa.a(mpa_cmp.o)
 .bss           0x0000000000017ba1        0x0 /home/lagadanu/Desktop/qemu/optee_os/out/arm/export-ta_arm64/lib/libmpa.a(mpa_expmod.o)
 .bss           0x0000000000017ba1        0x0 /home/lagadanu/Desktop/qemu/optee_os/out/arm/export-ta_arm64/lib/libmpa.a(mpa_init.o)
 .bss           0x0000000000017ba1        0x0 /home/lagadanu/Desktop/qemu/optee_os/out/arm/export-ta_arm64/lib/libmpa.a(mpa_modulus.o)
 .bss           0x0000000000017ba1        0x0 /home/lagadanu/Desktop/qemu/optee_os/out/arm/export-ta_arm64/lib/libutils.a(snprintf.o)
 .bss           0x0000000000017ba1        0x0 /home/lagadanu/Desktop/qemu/optee_os/out/arm/export-ta_arm64/lib/libutils.a(memcmp.o)
 .bss           0x0000000000017ba1        0x0 /home/lagadanu/Desktop/qemu/optee_os/out/arm/export-ta_arm64/lib/libutils.a(memmove.o)
 .bss           0x0000000000017ba1        0x0 /home/lagadanu/Desktop/qemu/optee_os/out/arm/export-ta_arm64/lib/libutils.a(memset.o)
 .bss           0x0000000000017ba1        0x0 /home/lagadanu/Desktop/qemu/optee_os/out/arm/export-ta_arm64/lib/libutils.a(buf_compare_ct.o)
 .bss           0x0000000000017ba1        0x0 /home/lagadanu/Desktop/qemu/optee_os/out/arm/export-ta_arm64/lib/libutils.a(mempool.o)
 .bss           0x0000000000017ba1        0x0 /home/lagadanu/Desktop/qemu/optee_os/out/arm/export-ta_arm64/lib/libutee.a(assert.o)
                0x0000000000017ba8                . = ALIGN (0x8)
 *fill*         0x0000000000017ba1        0x7 
                0x0000000000017ba8                __gprof_buf_start = .
                0x0000000000017ba8                . = (. + DEFINED (_mcount)?(((__text_end - __text_start) * 0xb1) / 0x64):0x0)
                0x0000000000017ba8                __gprof_buf_end = .

.dynbss         0x0000000000017ba8        0x0
 .dynbss        0x0000000000017ba8        0x0 out/ta_entry.o

/DISCARD/
 *(SORT(.interp))
LOAD out/ta_entry.o
LOAD out/ta_aes_perf.o
LOAD out/user_ta_header.o
START GROUP
LOAD /home/lagadanu/Desktop/qemu/optee_os/out/arm/export-ta_arm64/lib/libutils.a
LOAD /home/lagadanu/Desktop/qemu/optee_os/out/arm/export-ta_arm64/lib/libutee.a
LOAD /home/lagadanu/Desktop/qemu/optee_os/out/arm/export-ta_arm64/lib/libmpa.a
LOAD /home/lagadanu/Desktop/qemu/optee_os/out/arm/export-ta_arm64/lib/libmbedtls.a
END GROUP
OUTPUT(out/e626662e-c0e2-485c-b8c8-09fbce6edf3d.elf elf64-littleaarch64)

.debug_info     0x0000000000000000    0x137ad
 .debug_info    0x0000000000000000      0x2ff out/ta_entry.o
 .debug_info    0x00000000000002ff      0x78c out/ta_aes_perf.o
 .debug_info    0x0000000000000a8b      0x3a1 out/user_ta_header.o
 .debug_info    0x0000000000000e2c      0x53e /home/lagadanu/Desktop/qemu/optee_os/out/arm/export-ta_arm64/lib/libutils.a(trace.o)
 .debug_info    0x000000000000136a      0x752 /home/lagadanu/Desktop/qemu/optee_os/out/arm/export-ta_arm64/lib/libutils.a(snprintk.o)
 .debug_info    0x0000000000001abc       0xdb /home/lagadanu/Desktop/qemu/optee_os/out/arm/export-ta_arm64/lib/libutils.a(memchr.o)
 .debug_info    0x0000000000001b97       0xde /home/lagadanu/Desktop/qemu/optee_os/out/arm/export-ta_arm64/lib/libutils.a(memcpy.o)
 .debug_info    0x0000000000001c75       0xa4 /home/lagadanu/Desktop/qemu/optee_os/out/arm/export-ta_arm64/lib/libutils.a(strlen.o)
 .debug_info    0x0000000000001d19      0x341 /home/lagadanu/Desktop/qemu/optee_os/out/arm/export-ta_arm64/lib/libutee.a(trace_ext.o)
 .debug_info    0x000000000000205a     0x1061 /home/lagadanu/Desktop/qemu/optee_os/out/arm/export-ta_arm64/lib/libutee.a(tee_api.o)
 .debug_info    0x00000000000030bb     0x1a48 /home/lagadanu/Desktop/qemu/optee_os/out/arm/export-ta_arm64/lib/libutee.a(tee_api_objects.o)
 .debug_info    0x0000000000004b03     0x2b1a /home/lagadanu/Desktop/qemu/optee_os/out/arm/export-ta_arm64/lib/libutee.a(tee_api_operations.o)
 .debug_info    0x000000000000761d      0x113 /home/lagadanu/Desktop/qemu/optee_os/out/arm/export-ta_arm64/lib/libutee.a(tee_api_panic.o)
 .debug_info    0x0000000000007730      0xbb0 /home/lagadanu/Desktop/qemu/optee_os/out/arm/export-ta_arm64/lib/libutee.a(user_ta_entry.o)
 .debug_info    0x00000000000082e0       0x72 /home/lagadanu/Desktop/qemu/optee_os/out/arm/export-ta_arm64/lib/libutee.a(utee_syscalls_a64.o)
 .debug_info    0x0000000000008352       0x7c /home/lagadanu/Desktop/qemu/optee_os/out/arm/export-ta_arm64/lib/libutee.a(gprof_a64.o)
 .debug_info    0x00000000000083ce     0x1c8f /home/lagadanu/Desktop/qemu/optee_os/out/arm/export-ta_arm64/lib/libutee.a(tee_api_arith.o)
 .debug_info    0x000000000000a05d      0x3fc /home/lagadanu/Desktop/qemu/optee_os/out/arm/export-ta_arm64/lib/libmpa.a(mpa_misc.o)
 .debug_info    0x000000000000a459      0x83f /home/lagadanu/Desktop/qemu/optee_os/out/arm/export-ta_arm64/lib/libmpa.a(mpa_montgomery.o)
 .debug_info    0x000000000000ac98      0xa21 /home/lagadanu/Desktop/qemu/optee_os/out/arm/export-ta_arm64/lib/libmpa.a(mpa_primetest.o)
 .debug_info    0x000000000000b6b9      0x228 /home/lagadanu/Desktop/qemu/optee_os/out/arm/export-ta_arm64/lib/libmpa.a(mpa_conv.o)
 .debug_info    0x000000000000b8e1      0xb6a /home/lagadanu/Desktop/qemu/optee_os/out/arm/export-ta_arm64/lib/libmpa.a(mpa_div.o)
 .debug_info    0x000000000000c44b      0xf23 /home/lagadanu/Desktop/qemu/optee_os/out/arm/export-ta_arm64/lib/libmpa.a(mpa_gcd.o)
 .debug_info    0x000000000000d36e      0x307 /home/lagadanu/Desktop/qemu/optee_os/out/arm/export-ta_arm64/lib/libmpa.a(mpa_mem_static.o)
 .debug_info    0x000000000000d675      0x6a8 /home/lagadanu/Desktop/qemu/optee_os/out/arm/export-ta_arm64/lib/libmpa.a(mpa_mul.o)
 .debug_info    0x000000000000dd1d      0x3fe /home/lagadanu/Desktop/qemu/optee_os/out/arm/export-ta_arm64/lib/libmpa.a(mpa_random.o)
 .debug_info    0x000000000000e11b      0x3f3 /home/lagadanu/Desktop/qemu/optee_os/out/arm/export-ta_arm64/lib/libmpa.a(mpa_shift.o)
 .debug_info    0x000000000000e50e      0xcb3 /home/lagadanu/Desktop/qemu/optee_os/out/arm/export-ta_arm64/lib/libmpa.a(mpa_addsub.o)
 .debug_info    0x000000000000f1c1      0x32e /home/lagadanu/Desktop/qemu/optee_os/out/arm/export-ta_arm64/lib/libmpa.a(mpa_cmp.o)
 .debug_info    0x000000000000f4ef      0x525 /home/lagadanu/Desktop/qemu/optee_os/out/arm/export-ta_arm64/lib/libmpa.a(mpa_expmod.o)
 .debug_info    0x000000000000fa14      0x243 /home/lagadanu/Desktop/qemu/optee_os/out/arm/export-ta_arm64/lib/libmpa.a(mpa_init.o)
 .debug_info    0x000000000000fc57      0xb0f /home/lagadanu/Desktop/qemu/optee_os/out/arm/export-ta_arm64/lib/libmpa.a(mpa_io.o)
 .debug_info    0x0000000000010766      0x75d /home/lagadanu/Desktop/qemu/optee_os/out/arm/export-ta_arm64/lib/libmpa.a(mpa_modulus.o)
 .debug_info    0x0000000000010ec3     0x1e4c /home/lagadanu/Desktop/qemu/optee_os/out/arm/export-ta_arm64/lib/libutils.a(bget_malloc.o)
 .debug_info    0x0000000000012d0f      0x213 /home/lagadanu/Desktop/qemu/optee_os/out/arm/export-ta_arm64/lib/libutils.a(snprintf.o)
 .debug_info    0x0000000000012f22       0xd2 /home/lagadanu/Desktop/qemu/optee_os/out/arm/export-ta_arm64/lib/libutils.a(memcmp.o)
 .debug_info    0x0000000000012ff4       0xdc /home/lagadanu/Desktop/qemu/optee_os/out/arm/export-ta_arm64/lib/libutils.a(memmove.o)
 .debug_info    0x00000000000130d0       0xba /home/lagadanu/Desktop/qemu/optee_os/out/arm/export-ta_arm64/lib/libutils.a(memset.o)
 .debug_info    0x000000000001318a       0xe1 /home/lagadanu/Desktop/qemu/optee_os/out/arm/export-ta_arm64/lib/libutils.a(buf_compare_ct.o)
 .debug_info    0x000000000001326b      0x39c /home/lagadanu/Desktop/qemu/optee_os/out/arm/export-ta_arm64/lib/libutils.a(mempool.o)
 .debug_info    0x0000000000013607      0x1a6 /home/lagadanu/Desktop/qemu/optee_os/out/arm/export-ta_arm64/lib/libutee.a(assert.o)

.debug_abbrev   0x0000000000000000     0x440c
 .debug_abbrev  0x0000000000000000      0x197 out/ta_entry.o
 .debug_abbrev  0x0000000000000197      0x24e out/ta_aes_perf.o
 .debug_abbrev  0x00000000000003e5      0x13c out/user_ta_header.o
 .debug_abbrev  0x0000000000000521      0x21d /home/lagadanu/Desktop/qemu/optee_os/out/arm/export-ta_arm64/lib/libutils.a(trace.o)
 .debug_abbrev  0x000000000000073e      0x276 /home/lagadanu/Desktop/qemu/optee_os/out/arm/export-ta_arm64/lib/libutils.a(snprintk.o)
 .debug_abbrev  0x00000000000009b4       0xae /home/lagadanu/Desktop/qemu/optee_os/out/arm/export-ta_arm64/lib/libutils.a(memchr.o)
 .debug_abbrev  0x0000000000000a62       0x9c /home/lagadanu/Desktop/qemu/optee_os/out/arm/export-ta_arm64/lib/libutils.a(memcpy.o)
 .debug_abbrev  0x0000000000000afe       0x79 /home/lagadanu/Desktop/qemu/optee_os/out/arm/export-ta_arm64/lib/libutils.a(strlen.o)
 .debug_abbrev  0x0000000000000b77      0x174 /home/lagadanu/Desktop/qemu/optee_os/out/arm/export-ta_arm64/lib/libutee.a(trace_ext.o)
 .debug_abbrev  0x0000000000000ceb      0x2ab /home/lagadanu/Desktop/qemu/optee_os/out/arm/export-ta_arm64/lib/libutee.a(tee_api.o)
 .debug_abbrev  0x0000000000000f96      0x326 /home/lagadanu/Desktop/qemu/optee_os/out/arm/export-ta_arm64/lib/libutee.a(tee_api_objects.o)
 .debug_abbrev  0x00000000000012bc      0x374 /home/lagadanu/Desktop/qemu/optee_os/out/arm/export-ta_arm64/lib/libutee.a(tee_api_operations.o)
 .debug_abbrev  0x0000000000001630       0xb4 /home/lagadanu/Desktop/qemu/optee_os/out/arm/export-ta_arm64/lib/libutee.a(tee_api_panic.o)
 .debug_abbrev  0x00000000000016e4      0x2da /home/lagadanu/Desktop/qemu/optee_os/out/arm/export-ta_arm64/lib/libutee.a(user_ta_entry.o)
 .debug_abbrev  0x00000000000019be       0x12 /home/lagadanu/Desktop/qemu/optee_os/out/arm/export-ta_arm64/lib/libutee.a(utee_syscalls_a64.o)
 .debug_abbrev  0x00000000000019d0       0x14 /home/lagadanu/Desktop/qemu/optee_os/out/arm/export-ta_arm64/lib/libutee.a(gprof_a64.o)
 .debug_abbrev  0x00000000000019e4      0x2fe /home/lagadanu/Desktop/qemu/optee_os/out/arm/export-ta_arm64/lib/libutee.a(tee_api_arith.o)
 .debug_abbrev  0x0000000000001ce2      0x154 /home/lagadanu/Desktop/qemu/optee_os/out/arm/export-ta_arm64/lib/libmpa.a(mpa_misc.o)
 .debug_abbrev  0x0000000000001e36      0x239 /home/lagadanu/Desktop/qemu/optee_os/out/arm/export-ta_arm64/lib/libmpa.a(mpa_montgomery.o)
 .debug_abbrev  0x000000000000206f      0x259 /home/lagadanu/Desktop/qemu/optee_os/out/arm/export-ta_arm64/lib/libmpa.a(mpa_primetest.o)
 .debug_abbrev  0x00000000000022c8      0x113 /home/lagadanu/Desktop/qemu/optee_os/out/arm/export-ta_arm64/lib/libmpa.a(mpa_conv.o)
 .debug_abbrev  0x00000000000023db      0x28d /home/lagadanu/Desktop/qemu/optee_os/out/arm/export-ta_arm64/lib/libmpa.a(mpa_div.o)
 .debug_abbrev  0x0000000000002668      0x284 /home/lagadanu/Desktop/qemu/optee_os/out/arm/export-ta_arm64/lib/libmpa.a(mpa_gcd.o)
 .debug_abbrev  0x00000000000028ec      0x14b /home/lagadanu/Desktop/qemu/optee_os/out/arm/export-ta_arm64/lib/libmpa.a(mpa_mem_static.o)
 .debug_abbrev  0x0000000000002a37      0x1ee /home/lagadanu/Desktop/qemu/optee_os/out/arm/export-ta_arm64/lib/libmpa.a(mpa_mul.o)
 .debug_abbrev  0x0000000000002c25      0x1d4 /home/lagadanu/Desktop/qemu/optee_os/out/arm/export-ta_arm64/lib/libmpa.a(mpa_random.o)
 .debug_abbrev  0x0000000000002df9      0x14f /home/lagadanu/Desktop/qemu/optee_os/out/arm/export-ta_arm64/lib/libmpa.a(mpa_shift.o)
 .debug_abbrev  0x0000000000002f48      0x278 /home/lagadanu/Desktop/qemu/optee_os/out/arm/export-ta_arm64/lib/libmpa.a(mpa_addsub.o)
 .debug_abbrev  0x00000000000031c0      0x11d /home/lagadanu/Desktop/qemu/optee_os/out/arm/export-ta_arm64/lib/libmpa.a(mpa_cmp.o)
 .debug_abbrev  0x00000000000032dd      0x16f /home/lagadanu/Desktop/qemu/optee_os/out/arm/export-ta_arm64/lib/libmpa.a(mpa_expmod.o)
 .debug_abbrev  0x000000000000344c      0x112 /home/lagadanu/Desktop/qemu/optee_os/out/arm/export-ta_arm64/lib/libmpa.a(mpa_init.o)
 .debug_abbrev  0x000000000000355e      0x38b /home/lagadanu/Desktop/qemu/optee_os/out/arm/export-ta_arm64/lib/libmpa.a(mpa_io.o)
 .debug_abbrev  0x00000000000038e9      0x185 /home/lagadanu/Desktop/qemu/optee_os/out/arm/export-ta_arm64/lib/libmpa.a(mpa_modulus.o)
 .debug_abbrev  0x0000000000003a6e      0x3ea /home/lagadanu/Desktop/qemu/optee_os/out/arm/export-ta_arm64/lib/libutils.a(bget_malloc.o)
 .debug_abbrev  0x0000000000003e58      0x11b /home/lagadanu/Desktop/qemu/optee_os/out/arm/export-ta_arm64/lib/libutils.a(snprintf.o)
 .debug_abbrev  0x0000000000003f73       0x91 /home/lagadanu/Desktop/qemu/optee_os/out/arm/export-ta_arm64/lib/libutils.a(memcmp.o)
 .debug_abbrev  0x0000000000004004       0x94 /home/lagadanu/Desktop/qemu/optee_os/out/arm/export-ta_arm64/lib/libutils.a(memmove.o)
 .debug_abbrev  0x0000000000004098       0x93 /home/lagadanu/Desktop/qemu/optee_os/out/arm/export-ta_arm64/lib/libutils.a(memset.o)
 .debug_abbrev  0x000000000000412b       0x91 /home/lagadanu/Desktop/qemu/optee_os/out/arm/export-ta_arm64/lib/libutils.a(buf_compare_ct.o)
 .debug_abbrev  0x00000000000041bc      0x186 /home/lagadanu/Desktop/qemu/optee_os/out/arm/export-ta_arm64/lib/libutils.a(mempool.o)
 .debug_abbrev  0x0000000000004342       0xca /home/lagadanu/Desktop/qemu/optee_os/out/arm/export-ta_arm64/lib/libutee.a(assert.o)

.debug_loc      0x0000000000000000    0x1cad6
 .debug_loc     0x0000000000000000      0x272 out/ta_entry.o
 .debug_loc     0x0000000000000272      0x577 out/ta_aes_perf.o
 .debug_loc     0x00000000000007e9      0x54e /home/lagadanu/Desktop/qemu/optee_os/out/arm/export-ta_arm64/lib/libutils.a(trace.o)
 .debug_loc     0x0000000000000d37     0x23e8 /home/lagadanu/Desktop/qemu/optee_os/out/arm/export-ta_arm64/lib/libutils.a(snprintk.o)
 .debug_loc     0x000000000000311f      0x124 /home/lagadanu/Desktop/qemu/optee_os/out/arm/export-ta_arm64/lib/libutils.a(memchr.o)
 .debug_loc     0x0000000000003243      0x12e /home/lagadanu/Desktop/qemu/optee_os/out/arm/export-ta_arm64/lib/libutils.a(memcpy.o)
 .debug_loc     0x0000000000003371       0x82 /home/lagadanu/Desktop/qemu/optee_os/out/arm/export-ta_arm64/lib/libutils.a(strlen.o)
 .debug_loc     0x00000000000033f3      0x1a2 /home/lagadanu/Desktop/qemu/optee_os/out/arm/export-ta_arm64/lib/libutee.a(trace_ext.o)
 .debug_loc     0x0000000000003595      0xeee /home/lagadanu/Desktop/qemu/optee_os/out/arm/export-ta_arm64/lib/libutee.a(tee_api.o)
 .debug_loc     0x0000000000004483     0x20a9 /home/lagadanu/Desktop/qemu/optee_os/out/arm/export-ta_arm64/lib/libutee.a(tee_api_objects.o)
 .debug_loc     0x000000000000652c     0x4da8 /home/lagadanu/Desktop/qemu/optee_os/out/arm/export-ta_arm64/lib/libutee.a(tee_api_operations.o)
 .debug_loc     0x000000000000b2d4       0x39 /home/lagadanu/Desktop/qemu/optee_os/out/arm/export-ta_arm64/lib/libutee.a(tee_api_panic.o)
 .debug_loc     0x000000000000b30d      0x86a /home/lagadanu/Desktop/qemu/optee_os/out/arm/export-ta_arm64/lib/libutee.a(user_ta_entry.o)
 .debug_loc     0x000000000000bb77     0x3194 /home/lagadanu/Desktop/qemu/optee_os/out/arm/export-ta_arm64/lib/libutee.a(tee_api_arith.o)
 .debug_loc     0x000000000000ed0b      0x503 /home/lagadanu/Desktop/qemu/optee_os/out/arm/export-ta_arm64/lib/libmpa.a(mpa_misc.o)
 .debug_loc     0x000000000000f20e      0xc00 /home/lagadanu/Desktop/qemu/optee_os/out/arm/export-ta_arm64/lib/libmpa.a(mpa_montgomery.o)
 .debug_loc     0x000000000000fe0e      0x60d /home/lagadanu/Desktop/qemu/optee_os/out/arm/export-ta_arm64/lib/libmpa.a(mpa_primetest.o)
 .debug_loc     0x000000000001041b      0x1b9 /home/lagadanu/Desktop/qemu/optee_os/out/arm/export-ta_arm64/lib/libmpa.a(mpa_conv.o)
 .debug_loc     0x00000000000105d4     0x100c /home/lagadanu/Desktop/qemu/optee_os/out/arm/export-ta_arm64/lib/libmpa.a(mpa_div.o)
 .debug_loc     0x00000000000115e0      0xefd /home/lagadanu/Desktop/qemu/optee_os/out/arm/export-ta_arm64/lib/libmpa.a(mpa_gcd.o)
 .debug_loc     0x00000000000124dd      0x216 /home/lagadanu/Desktop/qemu/optee_os/out/arm/export-ta_arm64/lib/libmpa.a(mpa_mem_static.o)
 .debug_loc     0x00000000000126f3      0xb56 /home/lagadanu/Desktop/qemu/optee_os/out/arm/export-ta_arm64/lib/libmpa.a(mpa_mul.o)
 .debug_loc     0x0000000000013249      0x38d /home/lagadanu/Desktop/qemu/optee_os/out/arm/export-ta_arm64/lib/libmpa.a(mpa_random.o)
 .debug_loc     0x00000000000135d6      0x962 /home/lagadanu/Desktop/qemu/optee_os/out/arm/export-ta_arm64/lib/libmpa.a(mpa_shift.o)
 .debug_loc     0x0000000000013f38     0x1c34 /home/lagadanu/Desktop/qemu/optee_os/out/arm/export-ta_arm64/lib/libmpa.a(mpa_addsub.o)
 .debug_loc     0x0000000000015b6c      0x53d /home/lagadanu/Desktop/qemu/optee_os/out/arm/export-ta_arm64/lib/libmpa.a(mpa_cmp.o)
 .debug_loc     0x00000000000160a9      0x5e9 /home/lagadanu/Desktop/qemu/optee_os/out/arm/export-ta_arm64/lib/libmpa.a(mpa_expmod.o)
 .debug_loc     0x0000000000016692      0x11e /home/lagadanu/Desktop/qemu/optee_os/out/arm/export-ta_arm64/lib/libmpa.a(mpa_init.o)
 .debug_loc     0x00000000000167b0     0x16cd /home/lagadanu/Desktop/qemu/optee_os/out/arm/export-ta_arm64/lib/libmpa.a(mpa_io.o)
 .debug_loc     0x0000000000017e7d      0x826 /home/lagadanu/Desktop/qemu/optee_os/out/arm/export-ta_arm64/lib/libmpa.a(mpa_modulus.o)
 .debug_loc     0x00000000000186a3     0x37ff /home/lagadanu/Desktop/qemu/optee_os/out/arm/export-ta_arm64/lib/libutils.a(bget_malloc.o)
 .debug_loc     0x000000000001bea2      0x18f /home/lagadanu/Desktop/qemu/optee_os/out/arm/export-ta_arm64/lib/libutils.a(snprintf.o)
 .debug_loc     0x000000000001c031      0x1ac /home/lagadanu/Desktop/qemu/optee_os/out/arm/export-ta_arm64/lib/libutils.a(memcmp.o)
 .debug_loc     0x000000000001c1dd      0x173 /home/lagadanu/Desktop/qemu/optee_os/out/arm/export-ta_arm64/lib/libutils.a(memmove.o)
 .debug_loc     0x000000000001c350       0xc1 /home/lagadanu/Desktop/qemu/optee_os/out/arm/export-ta_arm64/lib/libutils.a(memset.o)
 .debug_loc     0x000000000001c411      0x1ef /home/lagadanu/Desktop/qemu/optee_os/out/arm/export-ta_arm64/lib/libutils.a(buf_compare_ct.o)
 .debug_loc     0x000000000001c600      0x3b9 /home/lagadanu/Desktop/qemu/optee_os/out/arm/export-ta_arm64/lib/libutils.a(mempool.o)
 .debug_loc     0x000000000001c9b9      0x11d /home/lagadanu/Desktop/qemu/optee_os/out/arm/export-ta_arm64/lib/libutee.a(assert.o)

.debug_aranges  0x0000000000000000      0xc30
 .debug_aranges
                0x0000000000000000       0x30 out/ta_entry.o
 .debug_aranges
                0x0000000000000030       0x30 out/ta_aes_perf.o
 .debug_aranges
                0x0000000000000060       0x30 out/user_ta_header.o
 .debug_aranges
                0x0000000000000090       0x30 /home/lagadanu/Desktop/qemu/optee_os/out/arm/export-ta_arm64/lib/libutils.a(trace.o)
 .debug_aranges
                0x00000000000000c0       0x30 /home/lagadanu/Desktop/qemu/optee_os/out/arm/export-ta_arm64/lib/libutils.a(snprintk.o)
 .debug_aranges
                0x00000000000000f0       0x30 /home/lagadanu/Desktop/qemu/optee_os/out/arm/export-ta_arm64/lib/libutils.a(memchr.o)
 .debug_aranges
                0x0000000000000120       0x30 /home/lagadanu/Desktop/qemu/optee_os/out/arm/export-ta_arm64/lib/libutils.a(memcpy.o)
 .debug_aranges
                0x0000000000000150       0x30 /home/lagadanu/Desktop/qemu/optee_os/out/arm/export-ta_arm64/lib/libutils.a(strlen.o)
 .debug_aranges
                0x0000000000000180       0x30 /home/lagadanu/Desktop/qemu/optee_os/out/arm/export-ta_arm64/lib/libutee.a(trace_ext.o)
 .debug_aranges
                0x00000000000001b0       0x30 /home/lagadanu/Desktop/qemu/optee_os/out/arm/export-ta_arm64/lib/libutee.a(tee_api.o)
 .debug_aranges
                0x00000000000001e0       0x30 /home/lagadanu/Desktop/qemu/optee_os/out/arm/export-ta_arm64/lib/libutee.a(tee_api_objects.o)
 .debug_aranges
                0x0000000000000210       0x30 /home/lagadanu/Desktop/qemu/optee_os/out/arm/export-ta_arm64/lib/libutee.a(tee_api_operations.o)
 .debug_aranges
                0x0000000000000240       0x30 /home/lagadanu/Desktop/qemu/optee_os/out/arm/export-ta_arm64/lib/libutee.a(tee_api_panic.o)
 .debug_aranges
                0x0000000000000270       0x30 /home/lagadanu/Desktop/qemu/optee_os/out/arm/export-ta_arm64/lib/libutee.a(user_ta_entry.o)
 .debug_aranges
                0x00000000000002a0      0x4a0 /home/lagadanu/Desktop/qemu/optee_os/out/arm/export-ta_arm64/lib/libutee.a(utee_syscalls_a64.o)
 .debug_aranges
                0x0000000000000740       0x30 /home/lagadanu/Desktop/qemu/optee_os/out/arm/export-ta_arm64/lib/libutee.a(gprof_a64.o)
 .debug_aranges
                0x0000000000000770       0x40 /home/lagadanu/Desktop/qemu/optee_os/out/arm/export-ta_arm64/lib/libutee.a(tee_api_arith.o)
 .debug_aranges
                0x00000000000007b0       0x30 /home/lagadanu/Desktop/qemu/optee_os/out/arm/export-ta_arm64/lib/libmpa.a(mpa_misc.o)
 .debug_aranges
                0x00000000000007e0       0x30 /home/lagadanu/Desktop/qemu/optee_os/out/arm/export-ta_arm64/lib/libmpa.a(mpa_montgomery.o)
 .debug_aranges
                0x0000000000000810       0x30 /home/lagadanu/Desktop/qemu/optee_os/out/arm/export-ta_arm64/lib/libmpa.a(mpa_primetest.o)
 .debug_aranges
                0x0000000000000840       0x30 /home/lagadanu/Desktop/qemu/optee_os/out/arm/export-ta_arm64/lib/libmpa.a(mpa_conv.o)
 .debug_aranges
                0x0000000000000870       0x30 /home/lagadanu/Desktop/qemu/optee_os/out/arm/export-ta_arm64/lib/libmpa.a(mpa_div.o)
 .debug_aranges
                0x00000000000008a0       0x30 /home/lagadanu/Desktop/qemu/optee_os/out/arm/export-ta_arm64/lib/libmpa.a(mpa_gcd.o)
 .debug_aranges
                0x00000000000008d0       0x30 /home/lagadanu/Desktop/qemu/optee_os/out/arm/export-ta_arm64/lib/libmpa.a(mpa_mem_static.o)
 .debug_aranges
                0x0000000000000900       0x30 /home/lagadanu/Desktop/qemu/optee_os/out/arm/export-ta_arm64/lib/libmpa.a(mpa_mul.o)
 .debug_aranges
                0x0000000000000930       0x30 /home/lagadanu/Desktop/qemu/optee_os/out/arm/export-ta_arm64/lib/libmpa.a(mpa_random.o)
 .debug_aranges
                0x0000000000000960       0x30 /home/lagadanu/Desktop/qemu/optee_os/out/arm/export-ta_arm64/lib/libmpa.a(mpa_shift.o)
 .debug_aranges
                0x0000000000000990       0x30 /home/lagadanu/Desktop/qemu/optee_os/out/arm/export-ta_arm64/lib/libmpa.a(mpa_addsub.o)
 .debug_aranges
                0x00000000000009c0       0x30 /home/lagadanu/Desktop/qemu/optee_os/out/arm/export-ta_arm64/lib/libmpa.a(mpa_cmp.o)
 .debug_aranges
                0x00000000000009f0       0x30 /home/lagadanu/Desktop/qemu/optee_os/out/arm/export-ta_arm64/lib/libmpa.a(mpa_expmod.o)
 .debug_aranges
                0x0000000000000a20       0x30 /home/lagadanu/Desktop/qemu/optee_os/out/arm/export-ta_arm64/lib/libmpa.a(mpa_init.o)
 .debug_aranges
                0x0000000000000a50       0x30 /home/lagadanu/Desktop/qemu/optee_os/out/arm/export-ta_arm64/lib/libmpa.a(mpa_io.o)
 .debug_aranges
                0x0000000000000a80       0x30 /home/lagadanu/Desktop/qemu/optee_os/out/arm/export-ta_arm64/lib/libmpa.a(mpa_modulus.o)
 .debug_aranges
                0x0000000000000ab0       0x30 /home/lagadanu/Desktop/qemu/optee_os/out/arm/export-ta_arm64/lib/libutils.a(bget_malloc.o)
 .debug_aranges
                0x0000000000000ae0       0x30 /home/lagadanu/Desktop/qemu/optee_os/out/arm/export-ta_arm64/lib/libutils.a(snprintf.o)
 .debug_aranges
                0x0000000000000b10       0x30 /home/lagadanu/Desktop/qemu/optee_os/out/arm/export-ta_arm64/lib/libutils.a(memcmp.o)
 .debug_aranges
                0x0000000000000b40       0x30 /home/lagadanu/Desktop/qemu/optee_os/out/arm/export-ta_arm64/lib/libutils.a(memmove.o)
 .debug_aranges
                0x0000000000000b70       0x30 /home/lagadanu/Desktop/qemu/optee_os/out/arm/export-ta_arm64/lib/libutils.a(memset.o)
 .debug_aranges
                0x0000000000000ba0       0x30 /home/lagadanu/Desktop/qemu/optee_os/out/arm/export-ta_arm64/lib/libutils.a(buf_compare_ct.o)
 .debug_aranges
                0x0000000000000bd0       0x30 /home/lagadanu/Desktop/qemu/optee_os/out/arm/export-ta_arm64/lib/libutils.a(mempool.o)
 .debug_aranges
                0x0000000000000c00       0x30 /home/lagadanu/Desktop/qemu/optee_os/out/arm/export-ta_arm64/lib/libutee.a(assert.o)

.debug_macro    0x0000000000000000     0x5482
 .debug_macro   0x0000000000000000       0xb2 out/ta_entry.o
 .debug_macro   0x00000000000000b2      0x6b2 out/ta_entry.o
 .debug_macro   0x0000000000000764      0x8e8 out/ta_entry.o
 .debug_macro   0x000000000000104c       0xcd out/ta_entry.o
 .debug_macro   0x0000000000001119       0x7c out/ta_entry.o
 .debug_macro   0x0000000000001195      0x184 out/ta_entry.o
 .debug_macro   0x0000000000001319       0xc4 out/ta_entry.o
 .debug_macro   0x00000000000013dd       0x22 out/ta_entry.o
 .debug_macro   0x00000000000013ff      0x16d out/ta_entry.o
 .debug_macro   0x000000000000156c       0x35 out/ta_entry.o
 .debug_macro   0x00000000000015a1       0x34 out/ta_entry.o
 .debug_macro   0x00000000000015d5       0x94 out/ta_entry.o
 .debug_macro   0x0000000000001669       0x52 out/ta_entry.o
 .debug_macro   0x00000000000016bb      0x108 out/ta_aes_perf.o
 .debug_macro   0x00000000000017c3       0x58 out/ta_aes_perf.o
 .debug_macro   0x000000000000181b       0xc4 out/ta_aes_perf.o
 .debug_macro   0x00000000000018df       0x10 out/ta_aes_perf.o
 .debug_macro   0x00000000000018ef       0x16 out/ta_aes_perf.o
 .debug_macro   0x0000000000001905      0x103 out/user_ta_header.o
 .debug_macro   0x0000000000001a08       0xca out/user_ta_header.o
 .debug_macro   0x0000000000001ad2       0x7c out/user_ta_header.o
 .debug_macro   0x0000000000001b4e       0x1c out/user_ta_header.o
 .debug_macro   0x0000000000001b6a       0xd6 /home/lagadanu/Desktop/qemu/optee_os/out/arm/export-ta_arm64/lib/libutils.a(trace.o)
 .debug_macro   0x0000000000001c40      0x664 /home/lagadanu/Desktop/qemu/optee_os/out/arm/export-ta_arm64/lib/libutils.a(trace.o)
 .debug_macro   0x00000000000022a4      0x2ca /home/lagadanu/Desktop/qemu/optee_os/out/arm/export-ta_arm64/lib/libutils.a(trace.o)
 .debug_macro   0x000000000000256e       0x94 /home/lagadanu/Desktop/qemu/optee_os/out/arm/export-ta_arm64/lib/libutils.a(trace.o)
 .debug_macro   0x0000000000002602       0xc4 /home/lagadanu/Desktop/qemu/optee_os/out/arm/export-ta_arm64/lib/libutils.a(trace.o)
 .debug_macro   0x00000000000026c6       0x22 /home/lagadanu/Desktop/qemu/optee_os/out/arm/export-ta_arm64/lib/libutils.a(trace.o)
 .debug_macro   0x00000000000026e8      0x134 /home/lagadanu/Desktop/qemu/optee_os/out/arm/export-ta_arm64/lib/libutils.a(snprintk.o)
 .debug_macro   0x000000000000281c       0x66 /home/lagadanu/Desktop/qemu/optee_os/out/arm/export-ta_arm64/lib/libutils.a(memchr.o)
 .debug_macro   0x0000000000002882      0x664 /home/lagadanu/Desktop/qemu/optee_os/out/arm/export-ta_arm64/lib/libutils.a(memchr.o)
 .debug_macro   0x0000000000002ee6       0x7c /home/lagadanu/Desktop/qemu/optee_os/out/arm/export-ta_arm64/lib/libutils.a(memchr.o)
 .debug_macro   0x0000000000002f62       0x57 /home/lagadanu/Desktop/qemu/optee_os/out/arm/export-ta_arm64/lib/libutils.a(memcpy.o)
 .debug_macro   0x0000000000002fb9       0x5a /home/lagadanu/Desktop/qemu/optee_os/out/arm/export-ta_arm64/lib/libutils.a(strlen.o)
 .debug_macro   0x0000000000003013       0xf1 /home/lagadanu/Desktop/qemu/optee_os/out/arm/export-ta_arm64/lib/libutee.a(trace_ext.o)
 .debug_macro   0x0000000000003104      0x16f /home/lagadanu/Desktop/qemu/optee_os/out/arm/export-ta_arm64/lib/libutee.a(tee_api.o)
 .debug_macro   0x0000000000003273       0x10 /home/lagadanu/Desktop/qemu/optee_os/out/arm/export-ta_arm64/lib/libutee.a(tee_api.o)
 .debug_macro   0x0000000000003283      0x139 /home/lagadanu/Desktop/qemu/optee_os/out/arm/export-ta_arm64/lib/libutee.a(tee_api_objects.o)
 .debug_macro   0x00000000000033bc      0x177 /home/lagadanu/Desktop/qemu/optee_os/out/arm/export-ta_arm64/lib/libutee.a(tee_api_operations.o)
 .debug_macro   0x0000000000003533      0x1b0 /home/lagadanu/Desktop/qemu/optee_os/out/arm/export-ta_arm64/lib/libutee.a(tee_api_operations.o)
 .debug_macro   0x00000000000036e3       0xb4 /home/lagadanu/Desktop/qemu/optee_os/out/arm/export-ta_arm64/lib/libutee.a(tee_api_panic.o)
 .debug_macro   0x0000000000003797      0x18e /home/lagadanu/Desktop/qemu/optee_os/out/arm/export-ta_arm64/lib/libutee.a(user_ta_entry.o)
 .debug_macro   0x0000000000003925      0x2cd /home/lagadanu/Desktop/qemu/optee_os/out/arm/export-ta_arm64/lib/libutee.a(user_ta_entry.o)
 .debug_macro   0x0000000000003bf2       0x34 /home/lagadanu/Desktop/qemu/optee_os/out/arm/export-ta_arm64/lib/libutee.a(user_ta_entry.o)
 .debug_macro   0x0000000000003c26      0x165 /home/lagadanu/Desktop/qemu/optee_os/out/arm/export-ta_arm64/lib/libutee.a(tee_api_arith.o)
 .debug_macro   0x0000000000003d8b       0x10 /home/lagadanu/Desktop/qemu/optee_os/out/arm/export-ta_arm64/lib/libutee.a(tee_api_arith.o)
 .debug_macro   0x0000000000003d9b       0x4c /home/lagadanu/Desktop/qemu/optee_os/out/arm/export-ta_arm64/lib/libutee.a(tee_api_arith.o)
 .debug_macro   0x0000000000003de7       0x16 /home/lagadanu/Desktop/qemu/optee_os/out/arm/export-ta_arm64/lib/libutee.a(tee_api_arith.o)
 .debug_macro   0x0000000000003dfd       0x6b /home/lagadanu/Desktop/qemu/optee_os/out/arm/export-ta_arm64/lib/libutee.a(tee_api_arith.o)
 .debug_macro   0x0000000000003e68       0xfa /home/lagadanu/Desktop/qemu/optee_os/out/arm/export-ta_arm64/lib/libmpa.a(mpa_misc.o)
 .debug_macro   0x0000000000003f62       0xa6 /home/lagadanu/Desktop/qemu/optee_os/out/arm/export-ta_arm64/lib/libmpa.a(mpa_misc.o)
 .debug_macro   0x0000000000004008       0xfa /home/lagadanu/Desktop/qemu/optee_os/out/arm/export-ta_arm64/lib/libmpa.a(mpa_montgomery.o)
 .debug_macro   0x0000000000004102      0x120 /home/lagadanu/Desktop/qemu/optee_os/out/arm/export-ta_arm64/lib/libmpa.a(mpa_primetest.o)
 .debug_macro   0x0000000000004222       0xfa /home/lagadanu/Desktop/qemu/optee_os/out/arm/export-ta_arm64/lib/libmpa.a(mpa_conv.o)
 .debug_macro   0x000000000000431c       0xfa /home/lagadanu/Desktop/qemu/optee_os/out/arm/export-ta_arm64/lib/libmpa.a(mpa_div.o)
 .debug_macro   0x0000000000004416       0xfa /home/lagadanu/Desktop/qemu/optee_os/out/arm/export-ta_arm64/lib/libmpa.a(mpa_gcd.o)
 .debug_macro   0x0000000000004510      0x11f /home/lagadanu/Desktop/qemu/optee_os/out/arm/export-ta_arm64/lib/libmpa.a(mpa_mem_static.o)
 .debug_macro   0x000000000000462f       0xfa /home/lagadanu/Desktop/qemu/optee_os/out/arm/export-ta_arm64/lib/libmpa.a(mpa_mul.o)
 .debug_macro   0x0000000000004729      0x14e /home/lagadanu/Desktop/qemu/optee_os/out/arm/export-ta_arm64/lib/libmpa.a(mpa_random.o)
 .debug_macro   0x0000000000004877       0xfa /home/lagadanu/Desktop/qemu/optee_os/out/arm/export-ta_arm64/lib/libmpa.a(mpa_shift.o)
 .debug_macro   0x0000000000004971       0xfa /home/lagadanu/Desktop/qemu/optee_os/out/arm/export-ta_arm64/lib/libmpa.a(mpa_addsub.o)
 .debug_macro   0x0000000000004a6b       0xfa /home/lagadanu/Desktop/qemu/optee_os/out/arm/export-ta_arm64/lib/libmpa.a(mpa_cmp.o)
 .debug_macro   0x0000000000004b65      0x100 /home/lagadanu/Desktop/qemu/optee_os/out/arm/export-ta_arm64/lib/libmpa.a(mpa_expmod.o)
 .debug_macro   0x0000000000004c65       0xfa /home/lagadanu/Desktop/qemu/optee_os/out/arm/export-ta_arm64/lib/libmpa.a(mpa_init.o)
 .debug_macro   0x0000000000004d5f      0x125 /home/lagadanu/Desktop/qemu/optee_os/out/arm/export-ta_arm64/lib/libmpa.a(mpa_io.o)
 .debug_macro   0x0000000000004e84       0x10 /home/lagadanu/Desktop/qemu/optee_os/out/arm/export-ta_arm64/lib/libmpa.a(mpa_io.o)
 .debug_macro   0x0000000000004e94       0xfa /home/lagadanu/Desktop/qemu/optee_os/out/arm/export-ta_arm64/lib/libmpa.a(mpa_modulus.o)
 .debug_macro   0x0000000000004f8e      0x13f /home/lagadanu/Desktop/qemu/optee_os/out/arm/export-ta_arm64/lib/libutils.a(bget_malloc.o)
 .debug_macro   0x00000000000050cd       0x16 /home/lagadanu/Desktop/qemu/optee_os/out/arm/export-ta_arm64/lib/libutils.a(bget_malloc.o)
 .debug_macro   0x00000000000050e3       0x3c /home/lagadanu/Desktop/qemu/optee_os/out/arm/export-ta_arm64/lib/libutils.a(bget_malloc.o)
 .debug_macro   0x000000000000511f       0x4d /home/lagadanu/Desktop/qemu/optee_os/out/arm/export-ta_arm64/lib/libutils.a(snprintf.o)
 .debug_macro   0x000000000000516c       0x51 /home/lagadanu/Desktop/qemu/optee_os/out/arm/export-ta_arm64/lib/libutils.a(memcmp.o)
 .debug_macro   0x00000000000051bd       0x64 /home/lagadanu/Desktop/qemu/optee_os/out/arm/export-ta_arm64/lib/libutils.a(memmove.o)
 .debug_macro   0x0000000000005221       0x51 /home/lagadanu/Desktop/qemu/optee_os/out/arm/export-ta_arm64/lib/libutils.a(memset.o)
 .debug_macro   0x0000000000005272       0x36 /home/lagadanu/Desktop/qemu/optee_os/out/arm/export-ta_arm64/lib/libutils.a(buf_compare_ct.o)
 .debug_macro   0x00000000000052a8       0xd4 /home/lagadanu/Desktop/qemu/optee_os/out/arm/export-ta_arm64/lib/libutils.a(mempool.o)
 .debug_macro   0x000000000000537c      0x106 /home/lagadanu/Desktop/qemu/optee_os/out/arm/export-ta_arm64/lib/libutee.a(assert.o)

.debug_line     0x0000000000000000     0x6ed9
 .debug_line    0x0000000000000000      0x1dd out/ta_entry.o
 .debug_line    0x00000000000001dd      0x324 out/ta_aes_perf.o
 .debug_line    0x0000000000000501      0x272 out/user_ta_header.o
 .debug_line    0x0000000000000773      0x242 /home/lagadanu/Desktop/qemu/optee_os/out/arm/export-ta_arm64/lib/libutils.a(trace.o)
 .debug_line    0x00000000000009b5      0x305 /home/lagadanu/Desktop/qemu/optee_os/out/arm/export-ta_arm64/lib/libutils.a(snprintk.o)
 .debug_line    0x0000000000000cba      0x14f /home/lagadanu/Desktop/qemu/optee_os/out/arm/export-ta_arm64/lib/libutils.a(memchr.o)
 .debug_line    0x0000000000000e09      0x140 /home/lagadanu/Desktop/qemu/optee_os/out/arm/export-ta_arm64/lib/libutils.a(memcpy.o)
 .debug_line    0x0000000000000f49      0x14a /home/lagadanu/Desktop/qemu/optee_os/out/arm/export-ta_arm64/lib/libutils.a(strlen.o)
 .debug_line    0x0000000000001093      0x257 /home/lagadanu/Desktop/qemu/optee_os/out/arm/export-ta_arm64/lib/libutee.a(trace_ext.o)
 .debug_line    0x00000000000012ea      0x38a /home/lagadanu/Desktop/qemu/optee_os/out/arm/export-ta_arm64/lib/libutee.a(tee_api.o)
 .debug_line    0x0000000000001674      0x416 /home/lagadanu/Desktop/qemu/optee_os/out/arm/export-ta_arm64/lib/libutee.a(tee_api_objects.o)
 .debug_line    0x0000000000001a8a      0x8dd /home/lagadanu/Desktop/qemu/optee_os/out/arm/export-ta_arm64/lib/libutee.a(tee_api_operations.o)
 .debug_line    0x0000000000002367      0x1d6 /home/lagadanu/Desktop/qemu/optee_os/out/arm/export-ta_arm64/lib/libutee.a(tee_api_panic.o)
 .debug_line    0x000000000000253d      0x3fe /home/lagadanu/Desktop/qemu/optee_os/out/arm/export-ta_arm64/lib/libutee.a(user_ta_entry.o)
 .debug_line    0x000000000000293b      0x672 /home/lagadanu/Desktop/qemu/optee_os/out/arm/export-ta_arm64/lib/libutee.a(utee_syscalls_a64.o)
 .debug_line    0x0000000000002fad       0x5a /home/lagadanu/Desktop/qemu/optee_os/out/arm/export-ta_arm64/lib/libutee.a(gprof_a64.o)
 .debug_line    0x0000000000003007      0x3b7 /home/lagadanu/Desktop/qemu/optee_os/out/arm/export-ta_arm64/lib/libutee.a(tee_api_arith.o)
 .debug_line    0x00000000000033be      0x241 /home/lagadanu/Desktop/qemu/optee_os/out/arm/export-ta_arm64/lib/libmpa.a(mpa_misc.o)
 .debug_line    0x00000000000035ff      0x2b8 /home/lagadanu/Desktop/qemu/optee_os/out/arm/export-ta_arm64/lib/libmpa.a(mpa_montgomery.o)
 .debug_line    0x00000000000038b7      0x296 /home/lagadanu/Desktop/qemu/optee_os/out/arm/export-ta_arm64/lib/libmpa.a(mpa_primetest.o)
 .debug_line    0x0000000000003b4d      0x246 /home/lagadanu/Desktop/qemu/optee_os/out/arm/export-ta_arm64/lib/libmpa.a(mpa_conv.o)
 .debug_line    0x0000000000003d93      0x308 /home/lagadanu/Desktop/qemu/optee_os/out/arm/export-ta_arm64/lib/libmpa.a(mpa_div.o)
 .debug_line    0x000000000000409b      0x361 /home/lagadanu/Desktop/qemu/optee_os/out/arm/export-ta_arm64/lib/libmpa.a(mpa_gcd.o)
 .debug_line    0x00000000000043fc      0x238 /home/lagadanu/Desktop/qemu/optee_os/out/arm/export-ta_arm64/lib/libmpa.a(mpa_mem_static.o)
 .debug_line    0x0000000000004634      0x2a3 /home/lagadanu/Desktop/qemu/optee_os/out/arm/export-ta_arm64/lib/libmpa.a(mpa_mul.o)
 .debug_line    0x00000000000048d7      0x2bc /home/lagadanu/Desktop/qemu/optee_os/out/arm/export-ta_arm64/lib/libmpa.a(mpa_random.o)
 .debug_line    0x0000000000004b93      0x30f /home/lagadanu/Desktop/qemu/optee_os/out/arm/export-ta_arm64/lib/libmpa.a(mpa_shift.o)
 .debug_line    0x0000000000004ea2      0x392 /home/lagadanu/Desktop/qemu/optee_os/out/arm/export-ta_arm64/lib/libmpa.a(mpa_addsub.o)