Archive member included to satisfy reference by file (symbol)

/home/lagadanu/Desktop/qemu/optee_os/out/arm/export-ta_arm64/lib/libutils.a(trace.o)
                              out/ta_entry.o (trace_printf)
/home/lagadanu/Desktop/qemu/optee_os/out/arm/export-ta_arm64/lib/libutils.a(atomic_a64.o)
                              out/ta_entry.o (atomic_inc32)
/home/lagadanu/Desktop/qemu/optee_os/out/arm/export-ta_arm64/lib/libutils.a(snprintk.o)
                              /home/lagadanu/Desktop/qemu/optee_os/out/arm/export-ta_arm64/lib/libutils.a(trace.o) (snprintk)
/home/lagadanu/Desktop/qemu/optee_os/out/arm/export-ta_arm64/lib/libutils.a(memchr.o)
                              /home/lagadanu/Desktop/qemu/optee_os/out/arm/export-ta_arm64/lib/libutils.a(snprintk.o) (memchr)
/home/lagadanu/Desktop/qemu/optee_os/out/arm/export-ta_arm64/lib/libutils.a(memcpy.o)
                              /home/lagadanu/Desktop/qemu/optee_os/out/arm/export-ta_arm64/lib/libutils.a(snprintk.o) (memcpy)
/home/lagadanu/Desktop/qemu/optee_os/out/arm/export-ta_arm64/lib/libutils.a(strlen.o)
                              /home/lagadanu/Desktop/qemu/optee_os/out/arm/export-ta_arm64/lib/libutils.a(snprintk.o) (strlen)
/home/lagadanu/Desktop/qemu/optee_os/out/arm/export-ta_arm64/lib/libutee.a(trace_ext.o)
                              /home/lagadanu/Desktop/qemu/optee_os/out/arm/export-ta_arm64/lib/libutils.a(trace.o) (trace_ext_puts)
/home/lagadanu/Desktop/qemu/optee_os/out/arm/export-ta_arm64/lib/libutee.a(tee_api.o)
                              out/ta_entry.o (TEE_MemMove)
/home/lagadanu/Desktop/qemu/optee_os/out/arm/export-ta_arm64/lib/libutee.a(tee_api_operations.o)
                              out/ta_entry.o (TEE_FreeOperation)
/home/lagadanu/Desktop/qemu/optee_os/out/arm/export-ta_arm64/lib/libutee.a(tee_api_panic.o)
                              /home/lagadanu/Desktop/qemu/optee_os/out/arm/export-ta_arm64/lib/libutee.a(tee_api.o) (TEE_Panic)
/home/lagadanu/Desktop/qemu/optee_os/out/arm/export-ta_arm64/lib/libutee.a(user_ta_entry.o)
                              out/user_ta_header.o (__utee_entry)
/home/lagadanu/Desktop/qemu/optee_os/out/arm/export-ta_arm64/lib/libutee.a(utee_syscalls_a64.o)
                              /home/lagadanu/Desktop/qemu/optee_os/out/arm/export-ta_arm64/lib/libutee.a(tee_api_panic.o) (utee_panic)
/home/lagadanu/Desktop/qemu/optee_os/out/arm/export-ta_arm64/lib/libutee.a(gprof_a64.o)
                              /home/lagadanu/Desktop/qemu/optee_os/out/arm/export-ta_arm64/lib/libutee.a(user_ta_entry.o) (__utee_mcount)
/home/lagadanu/Desktop/qemu/optee_os/out/arm/export-ta_arm64/lib/libutee.a(tee_api_arith.o)
                              /home/lagadanu/Desktop/qemu/optee_os/out/arm/export-ta_arm64/lib/libutee.a(user_ta_entry.o) (_TEE_MathAPI_Init)
/home/lagadanu/Desktop/qemu/optee_os/out/arm/export-ta_arm64/lib/libutee.a(tee_api_objects.o)
                              /home/lagadanu/Desktop/qemu/optee_os/out/arm/export-ta_arm64/lib/libutee.a(tee_api_operations.o) (__utee_from_attr)
/home/lagadanu/Desktop/qemu/optee_os/out/arm/export-ta_arm64/lib/libmpa.a(mpa_misc.o)
                              /home/lagadanu/Desktop/qemu/optee_os/out/arm/export-ta_arm64/lib/libutee.a(tee_api_arith.o) (mpa_copy)
/home/lagadanu/Desktop/qemu/optee_os/out/arm/export-ta_arm64/lib/libmpa.a(mpa_montgomery.o)
                              /home/lagadanu/Desktop/qemu/optee_os/out/arm/export-ta_arm64/lib/libutee.a(tee_api_arith.o) (mpa_compute_fmm_context)
/home/lagadanu/Desktop/qemu/optee_os/out/arm/export-ta_arm64/lib/libmpa.a(mpa_primetest.o)
                              /home/lagadanu/Desktop/qemu/optee_os/out/arm/export-ta_arm64/lib/libutee.a(tee_api_arith.o) (mpa_is_prob_prime)
/home/lagadanu/Desktop/qemu/optee_os/out/arm/export-ta_arm64/lib/libmpa.a(mpa_conv.o)
                              /home/lagadanu/Desktop/qemu/optee_os/out/arm/export-ta_arm64/lib/libutee.a(tee_api_arith.o) (mpa_set_S32)
/home/lagadanu/Desktop/qemu/optee_os/out/arm/export-ta_arm64/lib/libmpa.a(mpa_div.o)
                              /home/lagadanu/Desktop/qemu/optee_os/out/arm/export-ta_arm64/lib/libutee.a(tee_api_arith.o) (mpa_div)
/home/lagadanu/Desktop/qemu/optee_os/out/arm/export-ta_arm64/lib/libmpa.a(mpa_gcd.o)
                              /home/lagadanu/Desktop/qemu/optee_os/out/arm/export-ta_arm64/lib/libutee.a(tee_api_arith.o) (mpa_gcd)
/home/lagadanu/Desktop/qemu/optee_os/out/arm/export-ta_arm64/lib/libmpa.a(mpa_mem_static.o)
                              /home/lagadanu/Desktop/qemu/optee_os/out/arm/export-ta_arm64/lib/libutee.a(tee_api_arith.o) (mpa_alloc_static_temp_var)
/home/lagadanu/Desktop/qemu/optee_os/out/arm/export-ta_arm64/lib/libmpa.a(mpa_mul.o)
                              /home/lagadanu/Desktop/qemu/optee_os/out/arm/export-ta_arm64/lib/libmpa.a(mpa_div.o) (__mpa_mul_add_word)
/home/lagadanu/Desktop/qemu/optee_os/out/arm/export-ta_arm64/lib/libmpa.a(mpa_random.o)
[...]
Memory Configuration

Name             Origin             Length             Attributes
*default*        0x0000000000000000 0xffffffffffffffff

Linker script and memory map


.ta_head        0x0000000000000000       0x20
 *(SORT(.ta_head))
 .ta_head       0x0000000000000000       0x20 out/user_ta_header.o
                0x0000000000000000                ta_head

.text           0x0000000000000020     0xa578
                0x0000000000000020                __text_start = .
 *(SORT(.text) SORT(.text.*))
 .text          0x0000000000000020      0x1fc out/ta_entry.o
                0x0000000000000020                TA_CreateEntryPoint
                0x0000000000000028                TA_DestroyEntryPoint
                0x000000000000002c                TA_OpenSessionEntryPoint
                0x0000000000000034                TA_CloseSessionEntryPoint
                0x0000000000000038                TA_InvokeCommandEntryPoint
 .text          0x000000000000021c        0x8 out/user_ta_header.o
                0x000000000000021c                tahead_get_trace_level
 .text          0x0000000000000224      0x278 /home/lagadanu/Desktop/qemu/optee_os/out/arm/export-ta_arm64/lib/libutils.a(trace.o)
                0x0000000000000224                trace_set_level
                0x0000000000000248                trace_get_level
                0x0000000000000258                trace_printf
                0x0000000000000498                dhex_dump
 .text.atomic_inc32
                0x000000000000049c       0x1c /home/lagadanu/Desktop/qemu/optee_os/out/arm/export-ta_arm64/lib/libutils.a(atomic_a64.o)
                0x000000000000049c                atomic_inc32
 .text.atomic_dec32
                0x00000000000004b8       0x1c /home/lagadanu/Desktop/qemu/optee_os/out/arm/export-ta_arm64/lib/libutils.a(atomic_a64.o)
                0x00000000000004b8                atomic_dec32
 .text          0x00000000000004d4      0xc70 /home/lagadanu/Desktop/qemu/optee_os/out/arm/export-ta_arm64/lib/libutils.a(snprintk.o)
                0x00000000000004d4                __vsnprintf
                0x000000000000107c                vsnprintk
                0x00000000000010d0                snprintk
 .text          0x0000000000001144       0x2c /home/lagadanu/Desktop/qemu/optee_os/out/arm/export-ta_arm64/lib/libutils.a(memchr.o)
                0x0000000000001144                memchr
 .text          0x0000000000001170       0x20 /home/lagadanu/Desktop/qemu/optee_os/out/arm/export-ta_arm64/lib/libutils.a(memcpy.o)
                0x0000000000001170                memcpy
 .text          0x0000000000001190       0x1c /home/lagadanu/Desktop/qemu/optee_os/out/arm/export-ta_arm64/lib/libutils.a(strlen.o)
                0x0000000000001190                strlen
 .text          0x00000000000011ac      0x178 /home/lagadanu/Desktop/qemu/optee_os/out/arm/export-ta_arm64/lib/libutee.a(trace_ext.o)
                0x00000000000011ac                trace_ext_puts
                0x00000000000011d4                trace_ext_get_thread_id
                0x00000000000011dc                printf
                0x00000000000012a8                puts
                0x00000000000012e8                putchar
 .text          0x0000000000001324      0x4e4 /home/lagadanu/Desktop/qemu/optee_os/out/arm/export-ta_arm64/lib/libutee.a(tee_api.o)
                0x0000000000001324                __utee_from_param
                0x000000000000139c                __utee_to_param
                0x0000000000001408                TEE_OpenTASession
                0x0000000000001498                TEE_CloseTASession
                0x00000000000014c0                TEE_InvokeTACommand
                0x0000000000001574                TEE_GetCancellationFlag
                0x00000000000015a0                TEE_UnmaskCancellation
                0x00000000000015cc                TEE_MaskCancellation
                0x00000000000015f8                TEE_CheckMemoryAccessRights
                0x000000000000160c                TEE_SetInstanceData
                0x0000000000001618                TEE_GetInstanceData
                0x0000000000001624                TEE_MemMove
                0x000000000000162c                TEE_MemCompare
                0x0000000000001634                TEE_MemFill
                0x000000000000163c                TEE_GetSystemTime
                0x0000000000001664                TEE_Wait
                0x00000000000016a0                TEE_GetTAPersistentTime
                0x0000000000001720                TEE_SetTAPersistentTime
                0x0000000000001760                TEE_GetREETime
                0x0000000000001788                TEE_Malloc
                0x00000000000017e4                TEE_Realloc
                0x00000000000017ec                TEE_Free
                0x00000000000017f0                TEE_CacheClean
                0x00000000000017f8                TEE_CacheFlush
                0x0000000000001800                TEE_CacheInvalidate
 .text          0x0000000000001808     0x2444 /home/lagadanu/Desktop/qemu/optee_os/out/arm/export-ta_arm64/lib/libutee.a(tee_api_operations.o)
                0x0000000000001a24                TEE_FreeOperation
                0x0000000000001a68                TEE_AllocateOperation
                0x000000000000228c                TEE_GetOperationInfo
                0x00000000000022d4                TEE_GetOperationInfoMultiple
                0x000000000000241c                TEE_ResetOperation
                0x0000000000002494                TEE_SetOperationKey
                0x0000000000002584                TEE_SetOperationKey2
                0x0000000000002714                TEE_CopyOperation
                0x0000000000002834                TEE_DigestUpdate
                0x00000000000028a4                TEE_DigestDoFinal
                0x0000000000002968                TEE_CipherInit
                0x0000000000002a0c                TEE_CipherUpdate
                0x0000000000002b68                TEE_CipherDoFinal
                0x0000000000002d10                TEE_MACInit
                0x0000000000002db4                TEE_MACUpdate
                0x0000000000002e54                TEE_MACComputeFinal
                0x0000000000002f10                TEE_MACCompareFinal
                0x0000000000002fd0                TEE_AEInit
                0x0000000000003094                TEE_AEUpdateAAD
                0x0000000000003128                TEE_AEUpdate
                0x0000000000003278                TEE_AEEncryptFinal
                0x0000000000003434                TEE_AEDecryptFinal
                0x00000000000035cc                TEE_AsymmetricEncrypt
                0x0000000000003710                TEE_AsymmetricDecrypt
                0x0000000000003858                TEE_AsymmetricSignDigest
                0x0000000000003994                TEE_AsymmetricVerifyDigest
                0x0000000000003ac0                TEE_DeriveKey
                0x0000000000003c04                TEE_GenerateRandom
                0x0000000000003c28                rand
 .text          0x0000000000003c4c        0x8 /home/lagadanu/Desktop/qemu/optee_os/out/arm/export-ta_arm64/lib/libutee.a(tee_api_panic.o)
                0x0000000000003c4c                TEE_Panic
 .text          0x0000000000003c54      0x2c4 /home/lagadanu/Desktop/qemu/optee_os/out/arm/export-ta_arm64/lib/libutee.a(user_ta_entry.o)
                0x0000000000003d10                __utee_entry
 .text.utee_panic
                0x0000000000003f18        0xc /home/lagadanu/Desktop/qemu/optee_os/out/arm/export-ta_arm64/lib/libutee.a(utee_syscalls_a64.o)
                0x0000000000003f18                utee_panic
 .text.utee_return
                0x0000000000003f24        0xc /home/lagadanu/Desktop/qemu/optee_os/out/arm/export-ta_arm64/lib/libutee.a(utee_syscalls_a64.o)
                0x0000000000003f24                utee_return
 .text.utee_log
                0x0000000000003f30        0xc /home/lagadanu/Desktop/qemu/optee_os/out/arm/export-ta_arm64/lib/libutee.a(utee_syscalls_a64.o)
                0x0000000000003f30                utee_log
 .text.__utee_panic
                0x0000000000003f3c        0xc /home/lagadanu/Desktop/qemu/optee_os/out/arm/export-ta_arm64/lib/libutee.a(utee_syscalls_a64.o)
                0x0000000000003f3c                __utee_panic
 .text.utee_get_property
                0x0000000000003f48        0xc /home/lagadanu/Desktop/qemu/optee_os/out/arm/export-ta_arm64/lib/libutee.a(utee_syscalls_a64.o)
                0x0000000000003f48                utee_get_property
 .text.utee_get_property_name_to_index
                0x0000000000003f54        0xc /home/lagadanu/Desktop/qemu/optee_os/out/arm/export-ta_arm64/lib/libutee.a(utee_syscalls_a64.o)
                0x0000000000003f54                utee_get_property_name_to_index
 .text.utee_open_ta_session
                0x0000000000003f60        0xc /home/lagadanu/Desktop/qemu/optee_os/out/arm/export-ta_arm64/lib/libutee.a(utee_syscalls_a64.o)
                0x0000000000003f60                utee_open_ta_session
 .text.utee_close_ta_session
                0x0000000000003f6c        0xc /home/lagadanu/Desktop/qemu/optee_os/out/arm/export-ta_arm64/lib/libutee.a(utee_syscalls_a64.o)
                0x0000000000003f6c                utee_close_ta_session
 .text.utee_invoke_ta_command
                0x0000000000003f78        0xc /home/lagadanu/Desktop/qemu/optee_os/out/arm/export-ta_arm64/lib/libutee.a(utee_syscalls_a64.o)
                0x0000000000003f78                utee_invoke_ta_command
 .text.utee_get_cancellation_flag
                0x0000000000003f84        0xc /home/lagadanu/Desktop/qemu/optee_os/out/arm/export-ta_arm64/lib/libutee.a(utee_syscalls_a64.o)
                0x0000000000003f84                utee_get_cancellation_flag
 .text.utee_check_access_rights
                0x0000000000003f90        0xc /home/lagadanu/Desktop/qemu/optee_os/out/arm/export-ta_arm64/lib/libutee.a(utee_syscalls_a64.o)
                0x0000000000003f90                utee_check_access_rights
 .text.utee_unmask_cancellation
                0x0000000000003f9c        0xc /home/lagadanu/Desktop/qemu/optee_os/out/arm/export-ta_arm64/lib/libutee.a(utee_syscalls_a64.o)
                0x0000000000003f9c                utee_unmask_cancellation
 .text.utee_mask_cancellation
                0x0000000000003fa8        0xc /home/lagadanu/Desktop/qemu/optee_os/out/arm/export-ta_arm64/lib/libutee.a(utee_syscalls_a64.o)
                0x0000000000003fa8                utee_mask_cancellation
 .text.utee_wait
                0x0000000000003fb4        0xc /home/lagadanu/Desktop/qemu/optee_os/out/arm/export-ta_arm64/lib/libutee.a(utee_syscalls_a64.o)
                0x0000000000003fb4                utee_wait
 .text.utee_get_time
                0x0000000000003fc0        0xc /home/lagadanu/Desktop/qemu/optee_os/out/arm/export-ta_arm64/lib/libutee.a(utee_syscalls_a64.o)
                0x0000000000003fc0                utee_get_time
 .text.utee_set_ta_time
                0x0000000000003fcc        0xc /home/lagadanu/Desktop/qemu/optee_os/out/arm/export-ta_arm64/lib/libutee.a(utee_syscalls_a64.o)
                0x0000000000003fcc                utee_set_ta_time
 .text.utee_cryp_state_alloc
                0x0000000000003fd8        0xc /home/lagadanu/Desktop/qemu/optee_os/out/arm/export-ta_arm64/lib/libutee.a(utee_syscalls_a64.o)
                0x0000000000003fd8                utee_cryp_state_alloc
 .text.utee_cryp_state_copy
                0x0000000000003fe4        0xc /home/lagadanu/Desktop/qemu/optee_os/out/arm/export-ta_arm64/lib/libutee.a(utee_syscalls_a64.o)
                0x0000000000003fe4                utee_cryp_state_copy
 .text.utee_cryp_state_free
                0x0000000000003ff0        0xc /home/lagadanu/Desktop/qemu/optee_os/out/arm/export-ta_arm64/lib/libutee.a(utee_syscalls_a64.o)
                0x0000000000003ff0                utee_cryp_state_free
 .text.utee_hash_init
                0x0000000000003ffc        0xc /home/lagadanu/Desktop/qemu/optee_os/out/arm/export-ta_arm64/lib/libutee.a(utee_syscalls_a64.o)
                0x0000000000003ffc                utee_hash_init
 .text.utee_hash_update
                0x0000000000004008        0xc /home/lagadanu/Desktop/qemu/optee_os/out/arm/export-ta_arm64/lib/libutee.a(utee_syscalls_a64.o)
                0x0000000000004008                utee_hash_update
 .text.utee_hash_final
                0x0000000000004014        0xc /home/lagadanu/Desktop/qemu/optee_os/out/arm/export-ta_arm64/lib/libutee.a(utee_syscalls_a64.o)
                0x0000000000004014                utee_hash_final
 .text.utee_cipher_init
                0x0000000000004020        0xc /home/lagadanu/Desktop/qemu/optee_os/out/arm/export-ta_arm64/lib/libutee.a(utee_syscalls_a64.o)
                0x0000000000004020                utee_cipher_init
 .text.utee_cipher_update
                0x000000000000402c        0xc /home/lagadanu/Desktop/qemu/optee_os/out/arm/export-ta_arm64/lib/libutee.a(utee_syscalls_a64.o)
                0x000000000000402c                utee_cipher_update
 .text.utee_cipher_final
                0x0000000000004038        0xc /home/lagadanu/Desktop/qemu/optee_os/out/arm/export-ta_arm64/lib/libutee.a(utee_syscalls_a64.o)
                0x0000000000004038                utee_cipher_final
 .text.utee_cryp_obj_get_info
                0x0000000000004044        0xc /home/lagadanu/Desktop/qemu/optee_os/out/arm/export-ta_arm64/lib/libutee.a(utee_syscalls_a64.o)
                0x0000000000004044                utee_cryp_obj_get_info
 .text.utee_cryp_obj_restrict_usage
                0x0000000000004050        0xc /home/lagadanu/Desktop/qemu/optee_os/out/arm/export-ta_arm64/lib/libutee.a(utee_syscalls_a64.o)
                0x0000000000004050                utee_cryp_obj_restrict_usage
 .text.utee_cryp_obj_get_attr
                0x000000000000405c        0xc /home/lagadanu/Desktop/qemu/optee_os/out/arm/export-ta_arm64/lib/libutee.a(utee_syscalls_a64.o)
                0x000000000000405c                utee_cryp_obj_get_attr
 .text.utee_cryp_obj_alloc
                0x0000000000004068        0xc /home/lagadanu/Desktop/qemu/optee_os/out/arm/export-ta_arm64/lib/libutee.a(utee_syscalls_a64.o)
                0x0000000000004068                utee_cryp_obj_alloc
 .text.utee_cryp_obj_close
                0x0000000000004074        0xc /home/lagadanu/Desktop/qemu/optee_os/out/arm/export-ta_arm64/lib/libutee.a(utee_syscalls_a64.o)
                0x0000000000004074                utee_cryp_obj_close
 .text.utee_cryp_obj_reset
                0x0000000000004080        0xc /home/lagadanu/Desktop/qemu/optee_os/out/arm/export-ta_arm64/lib/libutee.a(utee_syscalls_a64.o)
                0x0000000000004080                utee_cryp_obj_reset
 .text.utee_cryp_obj_populate
                0x000000000000408c        0xc /home/lagadanu/Desktop/qemu/optee_os/out/arm/export-ta_arm64/lib/libutee.a(utee_syscalls_a64.o)
                0x000000000000408c                utee_cryp_obj_populate
 .text.utee_cryp_obj_copy
                0x0000000000004098        0xc /home/lagadanu/Desktop/qemu/optee_os/out/arm/export-ta_arm64/lib/libutee.a(utee_syscalls_a64.o)
                0x0000000000004098                utee_cryp_obj_copy
 .text.utee_cryp_derive_key
                0x00000000000040a4        0xc /home/lagadanu/Desktop/qemu/optee_os/out/arm/export-ta_arm64/lib/libutee.a(utee_syscalls_a64.o)
                0x00000000000040a4                utee_cryp_derive_key
 .text.utee_cryp_random_number_generate
                0x00000000000040b0        0xc /home/lagadanu/Desktop/qemu/optee_os/out/arm/export-ta_arm64/lib/libutee.a(utee_syscalls_a64.o)
                0x00000000000040b0                utee_cryp_random_number_generate
 .text.utee_authenc_init
                0x00000000000040bc        0xc /home/lagadanu/Desktop/qemu/optee_os/out/arm/export-ta_arm64/lib/libutee.a(utee_syscalls_a64.o)
                0x00000000000040bc                utee_authenc_init
 .text.utee_authenc_update_aad
                0x00000000000040c8        0xc /home/lagadanu/Desktop/qemu/optee_os/out/arm/export-ta_arm64/lib/libutee.a(utee_syscalls_a64.o)
                0x00000000000040c8                utee_authenc_update_aad
 .text.utee_authenc_update_payload
                0x00000000000040d4        0xc /home/lagadanu/Desktop/qemu/optee_os/out/arm/export-ta_arm64/lib/libutee.a(utee_syscalls_a64.o)
                0x00000000000040d4                utee_authenc_update_payload
 .text.utee_authenc_enc_final
                0x00000000000040e0        0xc /home/lagadanu/Desktop/qemu/optee_os/out/arm/export-ta_arm64/lib/libutee.a(utee_syscalls_a64.o)
                0x00000000000040e0                utee_authenc_enc_final
 .text.utee_authenc_dec_final
                0x00000000000040ec        0xc /home/lagadanu/Desktop/qemu/optee_os/out/arm/export-ta_arm64/lib/libutee.a(utee_syscalls_a64.o)
                0x00000000000040ec                utee_authenc_dec_final
 .text.utee_asymm_operate
                0x00000000000040f8        0xc /home/lagadanu/Desktop/qemu/optee_os/out/arm/export-ta_arm64/lib/libutee.a(utee_syscalls_a64.o)
                0x00000000000040f8                utee_asymm_operate
 .text.utee_asymm_verify
                0x0000000000004104        0xc /home/lagadanu/Desktop/qemu/optee_os/out/arm/export-ta_arm64/lib/libutee.a(utee_syscalls_a64.o)
                0x0000000000004104                utee_asymm_verify
 .text.utee_storage_obj_open
                0x0000000000004110        0xc /home/lagadanu/Desktop/qemu/optee_os/out/arm/export-ta_arm64/lib/libutee.a(utee_syscalls_a64.o)
                0x0000000000004110                utee_storage_obj_open
 .text.utee_storage_obj_create
                0x000000000000411c        0xc /home/lagadanu/Desktop/qemu/optee_os/out/arm/export-ta_arm64/lib/libutee.a(utee_syscalls_a64.o)
                0x000000000000411c                utee_storage_obj_create
 .text.utee_storage_obj_del
                0x0000000000004128        0xc /home/lagadanu/Desktop/qemu/optee_os/out/arm/export-ta_arm64/lib/libutee.a(utee_syscalls_a64.o)
                0x0000000000004128                utee_storage_obj_del
 .text.utee_storage_obj_rename
                0x0000000000004134        0xc /home/lagadanu/Desktop/qemu/optee_os/out/arm/export-ta_arm64/lib/libutee.a(utee_syscalls_a64.o)
                0x0000000000004134                utee_storage_obj_rename
 .text.utee_storage_alloc_enum
                0x0000000000004140        0xc /home/lagadanu/Desktop/qemu/optee_os/out/arm/export-ta_arm64/lib/libutee.a(utee_syscalls_a64.o)
                0x0000000000004140                utee_storage_alloc_enum
 .text.utee_storage_free_enum
                0x000000000000414c        0xc /home/lagadanu/Desktop/qemu/optee_os/out/arm/export-ta_arm64/lib/libutee.a(utee_syscalls_a64.o)
                0x000000000000414c                utee_storage_free_enum
 .text.utee_storage_reset_enum
                0x0000000000004158        0xc /home/lagadanu/Desktop/qemu/optee_os/out/arm/export-ta_arm64/lib/libutee.a(utee_syscalls_a64.o)
                0x0000000000004158                utee_storage_reset_enum
 .text.utee_storage_start_enum
                0x0000000000004164        0xc /home/lagadanu/Desktop/qemu/optee_os/out/arm/export-ta_arm64/lib/libutee.a(utee_syscalls_a64.o)
                0x0000000000004164                utee_storage_start_enum
 .text.utee_storage_next_enum
                0x0000000000004170        0xc /home/lagadanu/Desktop/qemu/optee_os/out/arm/export-ta_arm64/lib/libutee.a(utee_syscalls_a64.o)
                0x0000000000004170                utee_storage_next_enum
 .text.utee_storage_obj_read
                0x000000000000417c        0xc /home/lagadanu/Desktop/qemu/optee_os/out/arm/export-ta_arm64/lib/libutee.a(utee_syscalls_a64.o)
                0x000000000000417c                utee_storage_obj_read
 .text.utee_storage_obj_write
                0x0000000000004188        0xc /home/lagadanu/Desktop/qemu/optee_os/out/arm/export-ta_arm64/lib/libutee.a(utee_syscalls_a64.o)
                0x0000000000004188                utee_storage_obj_write
 .text.utee_storage_obj_trunc
                0x0000000000004194        0xc /home/lagadanu/Desktop/qemu/optee_os/out/arm/export-ta_arm64/lib/libutee.a(utee_syscalls_a64.o)
                0x0000000000004194                utee_storage_obj_trunc
 .text.utee_storage_obj_seek
                0x00000000000041a0        0xc /home/lagadanu/Desktop/qemu/optee_os/out/arm/export-ta_arm64/lib/libutee.a(utee_syscalls_a64.o)
                0x00000000000041a0                utee_storage_obj_seek
 .text.utee_cryp_obj_generate_key
                0x00000000000041ac        0xc /home/lagadanu/Desktop/qemu/optee_os/out/arm/export-ta_arm64/lib/libutee.a(utee_syscalls_a64.o)
                0x00000000000041ac                utee_cryp_obj_generate_key
 .text.utee_se_service_open
                0x00000000000041b8        0xc /home/lagadanu/Desktop/qemu/optee_os/out/arm/export-ta_arm64/lib/libutee.a(utee_syscalls_a64.o)
                0x00000000000041b8                utee_se_service_open
 .text.utee_se_service_close
                0x00000000000041c4        0xc /home/lagadanu/Desktop/qemu/optee_os/out/arm/export-ta_arm64/lib/libutee.a(utee_syscalls_a64.o)
                0x00000000000041c4                utee_se_service_close
 .text.utee_se_service_get_readers
                0x00000000000041d0        0xc /home/lagadanu/Desktop/qemu/optee_os/out/arm/export-ta_arm64/lib/libutee.a(utee_syscalls_a64.o)
                0x00000000000041d0                utee_se_service_get_readers
 .text.utee_se_reader_get_prop
                0x00000000000041dc        0xc /home/lagadanu/Desktop/qemu/optee_os/out/arm/export-ta_arm64/lib/libutee.a(utee_syscalls_a64.o)
                0x00000000000041dc                utee_se_reader_get_prop
 .text.utee_se_reader_get_name
                0x00000000000041e8        0xc /home/lagadanu/Desktop/qemu/optee_os/out/arm/export-ta_arm64/lib/libutee.a(utee_syscalls_a64.o)
                0x00000000000041e8                utee_se_reader_get_name
 .text.utee_se_reader_open_session
                0x00000000000041f4        0xc /home/lagadanu/Desktop/qemu/optee_os/out/arm/export-ta_arm64/lib/libutee.a(utee_syscalls_a64.o)
                0x00000000000041f4                utee_se_reader_open_session
 .text.utee_se_reader_close_sessions
                0x0000000000004200        0xc /home/lagadanu/Desktop/qemu/optee_os/out/arm/export-ta_arm64/lib/libutee.a(utee_syscalls_a64.o)
                0x0000000000004200                utee_se_reader_close_sessions
 .text.utee_se_session_is_closed
                0x000000000000420c        0xc /home/lagadanu/Desktop/qemu/optee_os/out/arm/export-ta_arm64/lib/libutee.a(utee_syscalls_a64.o)
                0x000000000000420c                utee_se_session_is_closed
 .text.utee_se_session_get_atr
                0x0000000000004218        0xc /home/lagadanu/Desktop/qemu/optee_os/out/arm/export-ta_arm64/lib/libutee.a(utee_syscalls_a64.o)
                0x0000000000004218                utee_se_session_get_atr
 .text.utee_se_session_open_channel
                0x0000000000004224        0xc /home/lagadanu/Desktop/qemu/optee_os/out/arm/export-ta_arm64/lib/libutee.a(utee_syscalls_a64.o)
                0x0000000000004224                utee_se_session_open_channel
 .text.utee_se_session_close
                0x0000000000004230        0xc /home/lagadanu/Desktop/qemu/optee_os/out/arm/export-ta_arm64/lib/libutee.a(utee_syscalls_a64.o)
                0x0000000000004230                utee_se_session_close
 .text.utee_se_channel_select_next
                0x000000000000423c        0xc /home/lagadanu/Desktop/qemu/optee_os/out/arm/export-ta_arm64/lib/libutee.a(utee_syscalls_a64.o)
                0x000000000000423c                utee_se_channel_select_next
 .text.utee_se_channel_get_select_resp
                0x0000000000004248        0xc /home/lagadanu/Desktop/qemu/optee_os/out/arm/export-ta_arm64/lib/libutee.a(utee_syscalls_a64.o)
                0x0000000000004248                utee_se_channel_get_select_resp
 .text.utee_se_channel_transmit
                0x0000000000004254        0xc /home/lagadanu/Desktop/qemu/optee_os/out/arm/export-ta_arm64/lib/libutee.a(utee_syscalls_a64.o)
                0x0000000000004254                utee_se_channel_transmit
 .text.utee_se_channel_close
                0x0000000000004260        0xc /home/lagadanu/Desktop/qemu/optee_os/out/arm/export-ta_arm64/lib/libutee.a(utee_syscalls_a64.o)
                0x0000000000004260                utee_se_channel_close
 .text.utee_cache_operation
                0x000000000000426c        0xc /home/lagadanu/Desktop/qemu/optee_os/out/arm/export-ta_arm64/lib/libutee.a(utee_syscalls_a64.o)
                0x000000000000426c                utee_cache_operation
 .text.__utee_mcount
                0x0000000000004278        0x4 /home/lagadanu/Desktop/qemu/optee_os/out/arm/export-ta_arm64/lib/libutee.a(gprof_a64.o)
                0x0000000000004278                __utee_mcount
 .text          0x000000000000427c      0x6c4 /home/lagadanu/Desktop/qemu/optee_os/out/arm/export-ta_arm64/lib/libutee.a(tee_api_arith.o)
                0x000000000000427c                _TEE_MathAPI_Init
                0x00000000000042d4                TEE_BigIntInit
                0x00000000000042d8                TEE_BigIntInitFMM
                0x00000000000042ec                TEE_BigIntInitFMMContext
                0x0000000000004324                TEE_BigIntFMMSizeInU32
                0x0000000000004334                TEE_BigIntFMMContextSizeInU32
                0x0000000000004348                TEE_BigIntConvertFromOctetString
                0x0000000000004370                TEE_BigIntConvertToOctetString
                0x00000000000043b0                TEE_BigIntConvertFromS32
                0x00000000000043b4                TEE_BigIntConvertToS32
                0x00000000000043d4                TEE_BigIntCmp
                0x00000000000043d8                TEE_BigIntCmpS32
                0x00000000000043dc                TEE_BigIntShiftRight
                0x00000000000043e0                TEE_BigIntGetBit
                0x00000000000043fc                TEE_BigIntGetBitCount
                0x0000000000004414                TEE_BigIntAdd
                0x0000000000004420                TEE_BigIntSub
                0x000000000000442c                TEE_BigIntNeg
                0x0000000000004430                TEE_BigIntMul
                0x000000000000443c                TEE_BigIntSquare
                0x000000000000444c                TEE_BigIntDiv
                0x00000000000044b0                TEE_BigIntMod
                0x0000000000004544                TEE_BigIntAddMod
                0x00000000000045ec                TEE_BigIntSubMod
                0x0000000000004694                TEE_BigIntMulMod
                0x0000000000004760                TEE_BigIntSquareMod
                0x000000000000476c                TEE_BigIntInvMod
                0x00000000000047d8                TEE_BigIntRelativePrime
                0x0000000000004850                TEE_BigIntComputeExtendedGcd
                0x000000000000485c                TEE_BigIntIsProbablePrime
                0x0000000000004880                TEE_BigIntConvertToFMM
                0x000000000000489c                TEE_BigIntConvertFromFMM
                0x0000000000004930                TEE_BigIntComputeFMM
 .text.unlikely
                0x0000000000004940       0x28 /home/lagadanu/Desktop/qemu/optee_os/out/arm/export-ta_arm64/lib/libutee.a(tee_api_arith.o)
 .text          0x0000000000004968      0xcb4 /home/lagadanu/Desktop/qemu/optee_os/out/arm/export-ta_arm64/lib/libutee.a(tee_api_objects.o)
                0x0000000000004968                __utee_from_attr
                0x00000000000049b4                TEE_GetObjectInfo
                0x00000000000049fc                TEE_GetObjectInfo1
                0x0000000000004a3c                TEE_RestrictObjectUsage1
                0x0000000000004a80                TEE_RestrictObjectUsage
                0x0000000000004ad0                TEE_GetObjectBufferAttribute
                0x0000000000004b7c                TEE_GetObjectValueAttribute
                0x0000000000004c4c                TEE_CloseObject
                0x0000000000004c74                TEE_AllocateTransientObject
                0x0000000000004cd8                TEE_FreeTransientObject
                0x0000000000004d2c                TEE_ResetTransientObject
                0x0000000000004d80                TEE_PopulateTransientObject
                0x0000000000004e40                TEE_InitRefAttribute
                0x0000000000004e94                TEE_InitValueAttribute
                0x0000000000004ee4                TEE_CopyObjectAttributes1
                0x0000000000004f90                TEE_CopyObjectAttributes
                0x0000000000004fe4                TEE_GenerateKey
                0x0000000000005068                TEE_OpenPersistentObject
                0x0000000000005100                TEE_CreatePersistentObject
                0x00000000000051c8                TEE_CloseAndDeletePersistentObject1
                0x000000000000520c                TEE_CloseAndDeletePersistentObject
                0x0000000000005238                TEE_RenamePersistentObject
                0x00000000000052a4                TEE_AllocatePersistentObjectEnumerator
                0x0000000000005300                TEE_FreePersistentObjectEnumerator
                0x0000000000005328                TEE_ResetPersistentObjectEnumerator
                0x0000000000005350                TEE_StartPersistentObjectEnumerator
                0x00000000000053a0                TEE_GetNextPersistentObject
                0x0000000000005424                TEE_ReadObjectData
                0x000000000000548c                TEE_WriteObjectData
                0x00000000000054f0                TEE_TruncateObjectData
                0x000000000000554c                TEE_SeekObjectData
 .text          0x000000000000561c      0x194 /home/lagadanu/Desktop/qemu/optee_os/out/arm/export-ta_arm64/lib/libmpa.a(mpa_misc.o)
                0x000000000000561c                __mpa_set_unused_digits_to_zero
                0x0000000000005640                mpa_wipe
                0x0000000000005670                mpa_copy
                0x00000000000056c4                mpa_abs
                0x00000000000056f4                mpa_highest_bit_index
                0x0000000000005738                mpa_get_bit
                0x000000000000577c                mpa_can_hold
                0x0000000000005798                mpa_parity
                0x00000000000057a4                mpa_constant_one
 .text          0x00000000000057b0      0x3f0 /home/lagadanu/Desktop/qemu/optee_os/out/arm/export-ta_arm64/lib/libmpa.a(mpa_montgomery.o)
                0x00000000000057b0                __mpa_montgomery_mul_add
                0x0000000000005828                __mpa_montgomery_sub_ack
                0x00000000000058b8                __mpa_montgomery_mul
                0x00000000000059dc                mpa_compute_fmm_context
                0x0000000000005b18                mpa_montgomery_mul
 .text          0x0000000000005ba0      0x3ac /home/lagadanu/Desktop/qemu/optee_os/out/arm/export-ta_arm64/lib/libmpa.a(mpa_primetest.o)
                0x0000000000005ba0                mpa_is_prob_prime
 .text          0x0000000000005f4c       0xcc /home/lagadanu/Desktop/qemu/optee_os/out/arm/export-ta_arm64/lib/libmpa.a(mpa_conv.o)
                0x0000000000005f4c                mpa_set_S32
                0x0000000000005f78                mpa_get_S32
                0x0000000000005fec                mpa_set_word
                0x0000000000006000                mpa_get_word
 .text          0x0000000000006018      0x910 /home/lagadanu/Desktop/qemu/optee_os/out/arm/export-ta_arm64/lib/libmpa.a(mpa_div.o)
                0x0000000000006018                __mpa_div_dword
                0x0000000000006068                __mpa_div_q_r_internal_word
                0x00000000000061b0                __mpa_div_q_r
                0x0000000000006838                mpa_div
 .text          0x0000000000006928      0x878 /home/lagadanu/Desktop/qemu/optee_os/out/arm/export-ta_arm64/lib/libmpa.a(mpa_gcd.o)
                0x0000000000006e94                mpa_gcd
                0x0000000000006fb4                mpa_extended_gcd
 .text          0x00000000000071a0       0x78 /home/lagadanu/Desktop/qemu/optee_os/out/arm/export-ta_arm64/lib/libmpa.a(mpa_mem_static.o)
                0x00000000000071a0                mpa_alloc_static_temp_var_size
                0x00000000000071ec                mpa_alloc_static_temp_var
                0x00000000000071fc                mpa_free_static_temp_var
 .text          0x0000000000007218      0x36c /home/lagadanu/Desktop/qemu/optee_os/out/arm/export-ta_arm64/lib/libmpa.a(mpa_mul.o)
                0x0000000000007218                __mpa_mul_add_word
                0x0000000000007230                __mpa_mul_add_word_cum
                0x0000000000007250                __mpa_abs_mul_word
                0x00000000000072e8                __mpa_abs_mul
                0x00000000000073dc                mpa_mul
                0x00000000000074c0                mpa_mul_word
 .text          0x0000000000007584      0x170 /home/lagadanu/Desktop/qemu/optee_os/out/arm/export-ta_arm64/lib/libmpa.a(mpa_random.o)
                0x0000000000007584                mpa_get_random
                0x0000000000007690                mpa_get_random_digits
 .text          0x00000000000076f4      0x3d0 /home/lagadanu/Desktop/qemu/optee_os/out/arm/export-ta_arm64/lib/libmpa.a(mpa_shift.o)
                0x00000000000076f4                __mpa_shift_words_left
                0x000000000000778c                __mpa_shift_words_right
                0x00000000000077f0                mpa_shift_left
                0x0000000000007980                mpa_shift_right
 .text          0x0000000000007ac4      0x8f4 /home/lagadanu/Desktop/qemu/optee_os/out/arm/export-ta_arm64/lib/libmpa.a(mpa_addsub.o)
                0x0000000000007ac4                __mpa_full_adder
                0x0000000000007ae0                __mpa_full_sub
                0x0000000000007b04                __mpa_full_adder_ackum
                0x0000000000007b24                __mpa_abs_add
                0x0000000000007c18                __mpa_abs_add_ackum
                0x0000000000007ce4                __mpa_abs_sub
                0x0000000000007de8                mpa_add
                0x0000000000007f7c                mpa_sub
                0x0000000000008118                mpa_neg
                0x0000000000008144                mpa_add_word
                0x0000000000008280                mpa_sub_word
 .text          0x00000000000083b8      0x1d0 /home/lagadanu/Desktop/qemu/optee_os/out/arm/export-ta_arm64/lib/libmpa.a(mpa_cmp.o)
                0x00000000000083b8                __mpa_abs_cmp
                0x0000000000008468                __mpa_abs_greater_than
                0x0000000000008484                __mpa_abs_less_than
                0x000000000000849c                mpa_cmp
                0x0000000000008504                mpa_cmp_short
 .text          0x0000000000008588      0x1bc /home/lagadanu/Desktop/qemu/optee_os/out/arm/export-ta_arm64/lib/libmpa.a(mpa_expmod.o)
                0x0000000000008588                mpa_exp_mod
 .text          0x0000000000008744       0x84 /home/lagadanu/Desktop/qemu/optee_os/out/arm/export-ta_arm64/lib/libmpa.a(mpa_init.o)
                0x0000000000008744                mpa_init_static
                0x0000000000008760                mpa_init_static_fmm_context
 .text          0x00000000000087c8      0x73c /home/lagadanu/Desktop/qemu/optee_os/out/arm/export-ta_arm64/lib/libmpa.a(mpa_io.o)
                0x000000000000895c                mpa_get_str_size
                0x0000000000008964                mpa_set_str
                0x0000000000008bfc                mpa_get_str
                0x0000000000008c80                mpa_set_oct_str
                0x0000000000008d90                mpa_get_oct_str
 .text          0x0000000000008f04      0x2b8 /home/lagadanu/Desktop/qemu/optee_os/out/arm/export-ta_arm64/lib/libmpa.a(mpa_modulus.o)
                0x0000000000008f04                mpa_mod
                0x0000000000008f1c                mpa_add_mod
                0x0000000000008fa0                mpa_sub_mod
                0x0000000000009024                mpa_mul_mod
                0x00000000000090a8                mpa_inv_mod
 .text          0x00000000000091bc     0x10b4 /home/lagadanu/Desktop/qemu/optee_os/out/arm/export-ta_arm64/lib/libutils.a(bget_malloc.o)
                0x000000000000930c                bget
                0x0000000000009528                bgetz
                0x00000000000095b0                brel
                0x000000000000984c                bgetr
                0x0000000000009914                bpool
                0x00000000000099e8                bstats
                0x0000000000009a80                malloc_reset_stats
                0x0000000000009a98                malloc_get_stats
                0x0000000000009ac8                malloc
                0x0000000000009acc                free
                0x0000000000009ae0                calloc
                0x0000000000009b50                realloc
                0x0000000000009bac                memalign
                0x0000000000009f54                malloc_add_pool
                0x000000000000a084                malloc_buffer_is_within_alloced
                0x000000000000a204                malloc_buffer_overlaps_heap
 .text          0x000000000000a270       0xcc /home/lagadanu/Desktop/qemu/optee_os/out/arm/export-ta_arm64/lib/libutils.a(snprintf.o)
                0x000000000000a270                snprintf
                0x000000000000a2e8                vsnprintf
 .text          0x000000000000a33c       0x34 /home/lagadanu/Desktop/qemu/optee_os/out/arm/export-ta_arm64/lib/libutils.a(memcmp.o)
                0x000000000000a33c                memcmp
 .text          0x000000000000a370       0x4c /home/lagadanu/Desktop/qemu/optee_os/out/arm/export-ta_arm64/lib/libutils.a(memmove.o)
                0x000000000000a370                memmove
 .text          0x000000000000a3bc       0x1c /home/lagadanu/Desktop/qemu/optee_os/out/arm/export-ta_arm64/lib/libutils.a(memset.o)
                0x000000000000a3bc                memset
 .text          0x000000000000a3d8       0x40 /home/lagadanu/Desktop/qemu/optee_os/out/arm/export-ta_arm64/lib/libutils.a(buf_compare_ct.o)
                0x000000000000a3d8                buf_compare_ct
 .text          0x000000000000a418      0x128 /home/lagadanu/Desktop/qemu/optee_os/out/arm/export-ta_arm64/lib/libutils.a(mempool.o)
                0x000000000000a418                mempool_alloc_pool
                0x000000000000a480                mempool_alloc
                0x000000000000a500                mempool_free
 .text          0x000000000000a540       0x58 /home/lagadanu/Desktop/qemu/optee_os/out/arm/export-ta_arm64/lib/libutee.a(assert.o)
                0x000000000000a540                _assert_log
                0x000000000000a584                _assert_break
 .text          0x000000000000a598        0x0 /home/lagadanu/Desktop/qemu/optee_os/out/arm/export-ta_arm64/lib/libutils.a(atomic_a64.o)
 .text          0x000000000000a598        0x0 /home/lagadanu/Desktop/qemu/optee_os/out/arm/export-ta_arm64/lib/libutee.a(utee_syscalls_a64.o)
 .text          0x000000000000a598        0x0 /home/lagadanu/Desktop/qemu/optee_os/out/arm/export-ta_arm64/lib/libutee.a(gprof_a64.o)
 *(SORT(.stub))
 *(SORT(.glue_7))
 *(SORT(.glue_7t))
 *(SORT(.gnu.linkonce.t.*))
 *(SORT(.vfp11_veneer))
                [!provide]                        PROVIDE (_mcount, __utee_mcount)
                0x000000000000a598                __text_end = .

.plt            0x000000000000a598        0x0
 *(SORT(.plt))
 .plt           0x000000000000a598        0x0 out/ta_entry.o

.eh_frame
 *(SORT(.eh_frame))

.rodata         0x000000000000a598     0x1538
 *(SORT(.gnu.linkonce.r.*))
 *(SORT(.rodata) SORT(.rodata.*))
 .rodata.ta_entry.c
                0x000000000000a598       0x28 out/ta_entry.o
 .rodata.user_ta_header.c
                0x000000000000a5c0       0x23 out/user_ta_header.o
                0x000000000000a5c0                ta_num_props
                0x000000000000a5d8                ta_heap_size
                0x000000000000a5e0                trace_ext_prefix
 *fill*         0x000000000000a5e3        0x5 
 .rodata.lib/libutils/ext/trace.c
                0x000000000000a5e8        0x5 /home/lagadanu/Desktop/qemu/optee_os/out/arm/export-ta_arm64/lib/libutils.a(trace.o)
 *fill*         0x000000000000a5ed        0x3 
 .rodata.lib/libutils/ext/snprintk.c
                0x000000000000a5f0       0x29 /home/lagadanu/Desktop/qemu/optee_os/out/arm/export-ta_arm64/lib/libutils.a(snprintk.o)
 *fill*         0x000000000000a619        0x7 
 .rodata.lib/libutee/tee_api.c
                0x000000000000a620       0x1b /home/lagadanu/Desktop/qemu/optee_os/out/arm/export-ta_arm64/lib/libutee.a(tee_api.o)
 *fill*         0x000000000000a63b        0x5 
 .rodata.lib/libmpa/mpa_misc.c
                0x000000000000a640       0x2c /home/lagadanu/Desktop/qemu/optee_os/out/arm/export-ta_arm64/lib/libmpa.a(mpa_misc.o)
                0x000000000000a640                const_one
                0x000000000000a650                Const_1_LShift_Base
                0x000000000000a660                const_largest_deci_base
 *fill*         0x000000000000a66c        0x4 
 .rodata.lib/libmpa/mpa_primetest.c
                0x000000000000a670      0xd38 /home/lagadanu/Desktop/qemu/optee_os/out/arm/export-ta_arm64/lib/libmpa.a(mpa_primetest.o)
                0x000000000000a670                PRIME_TABLE
                0x000000000000b3a0                NR_STORED_PRIMES
                0x000000000000b3a4                MAX_TABULATED_PRIME
 .rodata.lib/libmpa/mpa_io.c
                0x000000000000b3a8       0x1c /home/lagadanu/Desktop/qemu/optee_os/out/arm/export-ta_arm64/lib/libmpa.a(mpa_io.o)
 *fill*         0x000000000000b3c4        0x4 
 .rodata.lib/libutils/isoc/bget_malloc.c
                0x000000000000b3c8       0xab /home/lagadanu/Desktop/qemu/optee_os/out/arm/export-ta_arm64/lib/libutils.a(bget_malloc.o)
 *fill*         0x000000000000b473        0x5 
 .rodata.lib/libutils/ext/mempool.c
                0x000000000000b478       0x13 /home/lagadanu/Desktop/qemu/optee_os/out/arm/export-ta_arm64/lib/libutils.a(mempool.o)
 .rodata.str1.1.ta_entry.c
                0x000000000000b48b       0x24 out/ta_entry.o
 .rodata.str1.1.user_ta_header.c
                0x000000000000b4af       0xae out/user_ta_header.o
 .rodata.str1.1.lib/libutils/ext/trace.c
                0x000000000000b55d       0x1a /home/lagadanu/Desktop/qemu/optee_os/out/arm/export-ta_arm64/lib/libutils.a(trace.o)
                                         0x1b (size before relaxing)
 .rodata.str1.1.lib/libutils/ext/snprintk.c
                0x000000000000b577       0x38 /home/lagadanu/Desktop/qemu/optee_os/out/arm/export-ta_arm64/lib/libutils.a(snprintk.o)
 .rodata.str1.1.lib/libutee/trace_ext.c
                0x000000000000b5af       0x38 /home/lagadanu/Desktop/qemu/optee_os/out/arm/export-ta_arm64/lib/libutee.a(trace_ext.o)
                                          0x2 (size before relaxing)
 .rodata.str1.1.lib/libutee/tee_api.c
                0x000000000000b5af       0x11 /home/lagadanu/Desktop/qemu/optee_os/out/arm/export-ta_arm64/lib/libutee.a(tee_api.o)
 .rodata.str1.1.lib/libutee/tee_api_arith.c
                0x000000000000b5c0       0x5b /home/lagadanu/Desktop/qemu/optee_os/out/arm/export-ta_arm64/lib/libutee.a(tee_api_arith.o)
 .rodata.str1.1.lib/libmpa/mpa_io.c
                0x000000000000b61b       0x5f /home/lagadanu/Desktop/qemu/optee_os/out/arm/export-ta_arm64/lib/libmpa.a(mpa_io.o)
 .rodata.str1.1.lib/libutils/isoc/bget_malloc.c
                0x000000000000b67a      0x3f0 /home/lagadanu/Desktop/qemu/optee_os/out/arm/export-ta_arm64/lib/libutils.a(bget_malloc.o)
                                        0x3f9 (size before relaxing)
 .rodata.str1.1.lib/libutils/ext/mempool.c
                0x000000000000ba6a       0x3f /home/lagadanu/Desktop/qemu/optee_os/out/arm/export-ta_arm64/lib/libutils.a(mempool.o)
 .rodata.str1.1.lib/libutee/assert.c
                0x000000000000baa9       0x27 /home/lagadanu/Desktop/qemu/optee_os/out/arm/export-ta_arm64/lib/libutee.a(assert.o)

.gnu.version_d  0x000000000000bad0        0x0
 .gnu.version_d
                0x000000000000bad0        0x0 out/ta_entry.o

.gnu.version    0x000000000000bad0        0x0
 .gnu.version   0x000000000000bad0        0x0 out/ta_entry.o

.gnu.version_r  0x000000000000bad0        0x0
 .gnu.version_r
                0x000000000000bad0        0x0 out/ta_entry.o

.rela.dyn       0x000000000000bad0      0x1c8
 .rela.ifunc    0x000000000000bad0        0x0 out/ta_entry.o
 .rela.data.rel.ro.local
                0x000000000000bad0      0x150 out/ta_entry.o
 .rela.ta_head  0x000000000000bc20       0x18 out/ta_entry.o
 .rela.data.rel
                0x000000000000bc38       0x18 out/ta_entry.o
 .rela.data.rel.local
                0x000000000000bc50       0x48 out/ta_entry.o

.ARM.exidx
 *(SORT(.ARM.exidx*) SORT(.gnu.linkonce.armexidx.*))

.ctors
 *(SORT(.ctors))

.dtors
 *(SORT(.dtors))

.got            0x000000000000bc98       0x78
 *(SORT(.got.plt))
 .got.plt       0x000000000000bc98       0x18 out/ta_entry.o
 *(SORT(.got))
 .got           0x000000000000bcb0       0x60 out/ta_entry.o
                0x000000000000bcb0                _GLOBAL_OFFSET_TABLE_

.rel.text
 *(SORT(.rel.text))
 *(SORT(.rel.gnu.linkonce.t*))

.rela.text
 *(SORT(.rela.text))
 *(SORT(.rela.gnu.linkonce.t*))

.rel.data
 *(SORT(.rel.data))
 *(SORT(.rel.gnu.linkonce.d*))

.rela.data
 *(SORT(.rela.data))
 *(SORT(.rela.gnu.linkonce.d*))

.rel.rodata
 *(SORT(.rel.rodata))
 *(SORT(.rel.gnu.linkonce.r*))

.rela.rodata
 *(SORT(.rela.rodata))
 *(SORT(.rela.gnu.linkonce.r*))

.rel.dyn
 *(SORT(.rel.dyn))

.rel.got
 *(SORT(.rel.got))

.rela.got       0x000000000000bd10      0x108
 *(SORT(.rela.got))
 .rela.got      0x000000000000bd10      0x108 out/ta_entry.o

.rel.ctors
 *(SORT(.rel.ctors))

.rela.ctors
 *(SORT(.rela.ctors))

.rel.dtors
 *(SORT(.rel.dtors))

.rela.dtors
 *(SORT(.rela.dtors))

.rel.init
 *(SORT(.rel.init))

.rela.init
 *(SORT(.rela.init))

.rel.fini
 *(SORT(.rel.fini))

.rela.fini
 *(SORT(.rela.fini))

.rel.bss
 *(SORT(.rel.bss))

.rela.bss
 *(SORT(.rela.bss))

.rel.plt
 *(SORT(.rel.plt))

.rela.plt       0x000000000000be18        0x0
 *(SORT(.rela.plt))
 .rela.plt      0x000000000000be18        0x0 out/ta_entry.o

.dynamic        0x000000000000be18      0x100
 *(SORT(.dynamic))
 .dynamic       0x000000000000be18      0x100 out/ta_entry.o
                0x000000000000be18                _DYNAMIC

.dynsym         0x000000000000bf18      0x150
 *(SORT(.dynsym))
 .dynsym        0x000000000000bf18      0x150 out/ta_entry.o

.dynstr         0x000000000000c068       0xa1
 *(SORT(.dynstr))
 .dynstr        0x000000000000c068       0xa1 out/ta_entry.o

.hash           0x000000000000c110       0x4c
 *(SORT(.hash))
 .hash          0x000000000000c110       0x4c out/ta_entry.o
                0x000000000000d000                . = ALIGN (0x1000)

.data           0x000000000000d000       0xfc
 *(SORT(.data) SORT(.data.*) SORT(.gnu.linkonce.d.*))
 .data.rel.ro.local
                0x000000000000d000       0xa8 out/user_ta_header.o
                0x000000000000d000                ta_props
 .data.rel      0x000000000000d0a8        0x8 /home/lagadanu/Desktop/qemu/optee_os/out/arm/export-ta_arm64/lib/libutee.a(user_ta_entry.o)
                0x000000000000d0a8                _ref__utee_mcount
 .data.rel.local
                0x000000000000d0b0       0x10 /home/lagadanu/Desktop/qemu/optee_os/out/arm/export-ta_arm64/lib/libutee.a(user_ta_entry.o)
 .data.rel.local
                0x000000000000d0c0       0x38 /home/lagadanu/Desktop/qemu/optee_os/out/arm/export-ta_arm64/lib/libutils.a(bget_malloc.o)
 .data          0x000000000000d0f8        0x4 out/user_ta_header.o
                0x000000000000d0f8                trace_level
 .data          0x000000000000d0fc        0x0 out/ta_entry.o
 .data          0x000000000000d0fc        0x0 /home/lagadanu/Desktop/qemu/optee_os/out/arm/export-ta_arm64/lib/libutils.a(trace.o)
 .data          0x000000000000d0fc        0x0 /home/lagadanu/Desktop/qemu/optee_os/out/arm/export-ta_arm64/lib/libutils.a(atomic_a64.o)
 .data          0x000000000000d0fc        0x0 /home/lagadanu/Desktop/qemu/optee_os/out/arm/export-ta_arm64/lib/libutils.a(snprintk.o)
 .data          0x000000000000d0fc        0x0 /home/lagadanu/Desktop/qemu/optee_os/out/arm/export-ta_arm64/lib/libutils.a(memchr.o)
 .data          0x000000000000d0fc        0x0 /home/lagadanu/Desktop/qemu/optee_os/out/arm/export-ta_arm64/lib/libutils.a(memcpy.o)
 .data          0x000000000000d0fc        0x0 /home/lagadanu/Desktop/qemu/optee_os/out/arm/export-ta_arm64/lib/libutils.a(strlen.o)
 .data          0x000000000000d0fc        0x0 /home/lagadanu/Desktop/qemu/optee_os/out/arm/export-ta_arm64/lib/libutee.a(trace_ext.o)
 .data          0x000000000000d0fc        0x0 /home/lagadanu/Desktop/qemu/optee_os/out/arm/export-ta_arm64/lib/libutee.a(tee_api.o)
 .data          0x000000000000d0fc        0x0 /home/lagadanu/Desktop/qemu/optee_os/out/arm/export-ta_arm64/lib/libutee.a(tee_api_operations.o)
 .data          0x000000000000d0fc        0x0 /home/lagadanu/Desktop/qemu/optee_os/out/arm/export-ta_arm64/lib/libutee.a(tee_api_panic.o)
 .data          0x000000000000d0fc        0x0 /home/lagadanu/Desktop/qemu/optee_os/out/arm/export-ta_arm64/lib/libutee.a(user_ta_entry.o)
 .data          0x000000000000d0fc        0x0 /home/lagadanu/Desktop/qemu/optee_os/out/arm/export-ta_arm64/lib/libutee.a(utee_syscalls_a64.o)
 .data          0x000000000000d0fc        0x0 /home/lagadanu/Desktop/qemu/optee_os/out/arm/export-ta_arm64/lib/libutee.a(gprof_a64.o)
 .data          0x000000000000d0fc        0x0 /home/lagadanu/Desktop/qemu/optee_os/out/arm/export-ta_arm64/lib/libutee.a(tee_api_arith.o)
 .data          0x000000000000d0fc        0x0 /home/lagadanu/Desktop/qemu/optee_os/out/arm/export-ta_arm64/lib/libutee.a(tee_api_objects.o)
 .data          0x000000000000d0fc        0x0 /home/lagadanu/Desktop/qemu/optee_os/out/arm/export-ta_arm64/lib/libmpa.a(mpa_misc.o)
 .data          0x000000000000d0fc        0x0 /home/lagadanu/Desktop/qemu/optee_os/out/arm/export-ta_arm64/lib/libmpa.a(mpa_montgomery.o)
 .data          0x000000000000d0fc        0x0 /home/lagadanu/Desktop/qemu/optee_os/out/arm/export-ta_arm64/lib/libmpa.a(mpa_primetest.o)
 .data          0x000000000000d0fc        0x0 /home/lagadanu/Desktop/qemu/optee_os/out/arm/export-ta_arm64/lib/libmpa.a(mpa_conv.o)
 .data          0x000000000000d0fc        0x0 /home/lagadanu/Desktop/qemu/optee_os/out/arm/export-ta_arm64/lib/libmpa.a(mpa_div.o)
 .data          0x000000000000d0fc        0x0 /home/lagadanu/Desktop/qemu/optee_os/out/arm/export-ta_arm64/lib/libmpa.a(mpa_gcd.o)
 .data          0x000000000000d0fc        0x0 /home/lagadanu/Desktop/qemu/optee_os/out/arm/export-ta_arm64/lib/libmpa.a(mpa_mem_static.o)
 .data          0x000000000000d0fc        0x0 /home/lagadanu/Desktop/qemu/optee_os/out/arm/export-ta_arm64/lib/libmpa.a(mpa_mul.o)
 .data          0x000000000000d0fc        0x0 /home/lagadanu/Desktop/qemu/optee_os/out/arm/export-ta_arm64/lib/libmpa.a(mpa_random.o)
 .data          0x000000000000d0fc        0x0 /home/lagadanu/Desktop/qemu/optee_os/out/arm/export-ta_arm64/lib/libmpa.a(mpa_shift.o)
 .data          0x000000000000d0fc        0x0 /home/lagadanu/Desktop/qemu/optee_os/out/arm/export-ta_arm64/lib/libmpa.a(mpa_addsub.o)
 .data          0x000000000000d0fc        0x0 /home/lagadanu/Desktop/qemu/optee_os/out/arm/export-ta_arm64/lib/libmpa.a(mpa_cmp.o)
 .data          0x000000000000d0fc        0x0 /home/lagadanu/Desktop/qemu/optee_os/out/arm/export-ta_arm64/lib/libmpa.a(mpa_expmod.o)
 .data          0x000000000000d0fc        0x0 /home/lagadanu/Desktop/qemu/optee_os/out/arm/export-ta_arm64/lib/libmpa.a(mpa_init.o)
 .data          0x000000000000d0fc        0x0 /home/lagadanu/Desktop/qemu/optee_os/out/arm/export-ta_arm64/lib/libmpa.a(mpa_io.o)
 .data          0x000000000000d0fc        0x0 /home/lagadanu/Desktop/qemu/optee_os/out/arm/export-ta_arm64/lib/libmpa.a(mpa_modulus.o)
 .data          0x000000000000d0fc        0x0 /home/lagadanu/Desktop/qemu/optee_os/out/arm/export-ta_arm64/lib/libutils.a(bget_malloc.o)
 .data          0x000000000000d0fc        0x0 /home/lagadanu/Desktop/qemu/optee_os/out/arm/export-ta_arm64/lib/libutils.a(snprintf.o)
 .data          0x000000000000d0fc        0x0 /home/lagadanu/Desktop/qemu/optee_os/out/arm/export-ta_arm64/lib/libutils.a(memcmp.o)
 .data          0x000000000000d0fc        0x0 /home/lagadanu/Desktop/qemu/optee_os/out/arm/export-ta_arm64/lib/libutils.a(memmove.o)
 .data          0x000000000000d0fc        0x0 /home/lagadanu/Desktop/qemu/optee_os/out/arm/export-ta_arm64/lib/libutils.a(memset.o)
 .data          0x000000000000d0fc        0x0 /home/lagadanu/Desktop/qemu/optee_os/out/arm/export-ta_arm64/lib/libutils.a(buf_compare_ct.o)
 .data          0x000000000000d0fc        0x0 /home/lagadanu/Desktop/qemu/optee_os/out/arm/export-ta_arm64/lib/libutils.a(mempool.o)
 .data          0x000000000000d0fc        0x0 /home/lagadanu/Desktop/qemu/optee_os/out/arm/export-ta_arm64/lib/libutee.a(assert.o)

.bss            0x000000000000d100     0xaa40
 *(SORT(.bss) SORT(.bss.*) SORT(.gnu.linkonce.b.*) SORT(COMMON))
 COMMON         0x000000000000d100     0x8000 out/user_ta_header.o
                0x000000000000d100                ta_heap
 .bss           0x0000000000015100        0x8 /home/lagadanu/Desktop/qemu/optee_os/out/arm/export-ta_arm64/lib/libutee.a(tee_api.o)
 COMMON         0x0000000000015108       0x48 /home/lagadanu/Desktop/qemu/optee_os/out/arm/export-ta_arm64/lib/libutee.a(user_ta_entry.o)
                0x0000000000015108                ta_param_types
                0x0000000000015110                ta_params
 .bss           0x0000000000015150     0x1998 /home/lagadanu/Desktop/qemu/optee_os/out/arm/export-ta_arm64/lib/libutee.a(tee_api_arith.o)
 .bss           0x0000000000016ae8     0x1002 /home/lagadanu/Desktop/qemu/optee_os/out/arm/export-ta_arm64/lib/libmpa.a(mpa_io.o)
 *fill*         0x0000000000017aea        0x6 
 .bss           0x0000000000017af0       0x48 /home/lagadanu/Desktop/qemu/optee_os/out/arm/export-ta_arm64/lib/libutils.a(bget_malloc.o)
 .bss           0x0000000000017b38        0x0 out/ta_entry.o
 .bss           0x0000000000017b38        0x0 out/user_ta_header.o
 .bss           0x0000000000017b38        0x0 /home/lagadanu/Desktop/qemu/optee_os/out/arm/export-ta_arm64/lib/libutils.a(trace.o)
 .bss           0x0000000000017b38        0x0 /home/lagadanu/Desktop/qemu/optee_os/out/arm/export-ta_arm64/lib/libutils.a(atomic_a64.o)
 .bss           0x0000000000017b38        0x0 /home/lagadanu/Desktop/qemu/optee_os/out/arm/export-ta_arm64/lib/libutils.a(snprintk.o)
 .bss           0x0000000000017b38        0x0 /home/lagadanu/Desktop/qemu/optee_os/out/arm/export-ta_arm64/lib/libutils.a(memchr.o)
 .bss           0x0000000000017b38        0x0 /home/lagadanu/Desktop/qemu/optee_os/out/arm/export-ta_arm64/lib/libutils.a(memcpy.o)
 .bss           0x0000000000017b38        0x0 /home/lagadanu/Desktop/qemu/optee_os/out/arm/export-ta_arm64/lib/libutils.a(strlen.o)
 .bss           0x0000000000017b38        0x0 /home/lagadanu/Desktop/qemu/optee_os/out/arm/export-ta_arm64/lib/libutee.a(trace_ext.o)
 .bss           0x0000000000017b38        0x0 /home/lagadanu/Desktop/qemu/optee_os/out/arm/export-ta_arm64/lib/libutee.a(tee_api_operations.o)
 .bss           0x0000000000017b38        0x0 /home/lagadanu/Desktop/qemu/optee_os/out/arm/export-ta_arm64/lib/libutee.a(tee_api_panic.o)
 .bss           0x0000000000017b38        0x1 /home/lagadanu/Desktop/qemu/optee_os/out/arm/export-ta_arm64/lib/libutee.a(user_ta_entry.o)
 .bss           0x0000000000017b39        0x0 /home/lagadanu/Desktop/qemu/optee_os/out/arm/export-ta_arm64/lib/libutee.a(utee_syscalls_a64.o)
 .bss           0x0000000000017b39        0x0 /home/lagadanu/Desktop/qemu/optee_os/out/arm/export-ta_arm64/lib/libutee.a(gprof_a64.o)
 .bss           0x0000000000017b39        0x0 /home/lagadanu/Desktop/qemu/optee_os/out/arm/export-ta_arm64/lib/libutee.a(tee_api_objects.o)
 .bss           0x0000000000017b39        0x0 /home/lagadanu/Desktop/qemu/optee_os/out/arm/export-ta_arm64/lib/libmpa.a(mpa_misc.o)
 .bss           0x0000000000017b39        0x0 /home/lagadanu/Desktop/qemu/optee_os/out/arm/export-ta_arm64/lib/libmpa.a(mpa_montgomery.o)
 .bss           0x0000000000017b39        0x0 /home/lagadanu/Desktop/qemu/optee_os/out/arm/export-ta_arm64/lib/libmpa.a(mpa_primetest.o)
 .bss           0x0000000000017b39        0x0 /home/lagadanu/Desktop/qemu/optee_os/out/arm/export-ta_arm64/lib/libmpa.a(mpa_conv.o)
 .bss           0x0000000000017b39        0x0 /home/lagadanu/Desktop/qemu/optee_os/out/arm/export-ta_arm64/lib/libmpa.a(mpa_div.o)
 .bss           0x0000000000017b39        0x0 /home/lagadanu/Desktop/qemu/optee_os/out/arm/export-ta_arm64/lib/libmpa.a(mpa_gcd.o)
 .bss           0x0000000000017b39        0x0 /home/lagadanu/Desktop/qemu/optee_os/out/arm/export-ta_arm64/lib/libmpa.a(mpa_mem_static.o)
 .bss           0x0000000000017b39        0x0 /home/lagadanu/Desktop/qemu/optee_os/out/arm/export-ta_arm64/lib/libmpa.a(mpa_mul.o)
 .bss           0x0000000000017b39        0x0 /home/lagadanu/Desktop/qemu/optee_os/out/arm/export-ta_arm64/lib/libmpa.a(mpa_random.o)
 .bss           0x0000000000017b39        0x0 /home/lagadanu/Desktop/qemu/optee_os/out/arm/export-ta_arm64/lib/libmpa.a(mpa_shift.o)
 .bss           0x0000000000017b39        0x0 /home/lagadanu/Desktop/qemu/optee_os/out/arm/export-ta_arm64/lib/libmpa.a(mpa_addsub.o)
 .bss           0x0000000000017b39        0x0 /home/lagadanu/Desktop/qemu/optee_os/out/arm/export-ta_arm64/lib/libmpa.a(mpa_cmp.o)
 .bss           0x0000000000017b39        0x0 /home/lagadanu/Desktop/qemu/optee_os/out/arm/export-ta_arm64/lib/libmpa.a(mpa_expmod.o)
 .bss           0x0000000000017b39        0x0 /home/lagadanu/Desktop/qemu/optee_os/out/arm/export-ta_arm64/lib/libmpa.a(mpa_init.o)
 .bss           0x0000000000017b39        0x0 /home/lagadanu/Desktop/qemu/optee_os/out/arm/export-ta_arm64/lib/libmpa.a(mpa_modulus.o)
 .bss           0x0000000000017b39        0x0 /home/lagadanu/Desktop/qemu/optee_os/out/arm/export-ta_arm64/lib/libutils.a(snprintf.o)
 .bss           0x0000000000017b39        0x0 /home/lagadanu/Desktop/qemu/optee_os/out/arm/export-ta_arm64/lib/libutils.a(memcmp.o)
 .bss           0x0000000000017b39        0x0 /home/lagadanu/Desktop/qemu/optee_os/out/arm/export-ta_arm64/lib/libutils.a(memmove.o)
 .bss           0x0000000000017b39        0x0 /home/lagadanu/Desktop/qemu/optee_os/out/arm/export-ta_arm64/lib/libutils.a(memset.o)
 .bss           0x0000000000017b39        0x0 /home/lagadanu/Desktop/qemu/optee_os/out/arm/export-ta_arm64/lib/libutils.a(buf_compare_ct.o)
 .bss           0x0000000000017b39        0x0 /home/lagadanu/Desktop/qemu/optee_os/out/arm/export-ta_arm64/lib/libutils.a(mempool.o)
 .bss           0x0000000000017b39        0x0 /home/lagadanu/Desktop/qemu/optee_os/out/arm/export-ta_arm64/lib/libutee.a(assert.o)
                0x0000000000017b40                . = ALIGN (0x8)
 *fill*         0x0000000000017b39        0x7 
                0x0000000000017b40                __gprof_buf_start = .
                0x0000000000017b40                . = (. + DEFINED (_mcount)?(((__text_end - __text_start) * 0xb1) / 0x64):0x0)
                0x0000000000017b40                __gprof_buf_end = .

.dynbss         0x0000000000017b40        0x0
 .dynbss        0x0000000000017b40        0x0 out/ta_entry.o

/DISCARD/
 *(SORT(.interp))
LOAD out/ta_entry.o
LOAD out/user_ta_header.o
START GROUP
LOAD /home/lagadanu/Desktop/qemu/optee_os/out/arm/export-ta_arm64/lib/libutils.a
LOAD /home/lagadanu/Desktop/qemu/optee_os/out/arm/export-ta_arm64/lib/libutee.a
LOAD /home/lagadanu/Desktop/qemu/optee_os/out/arm/export-ta_arm64/lib/libmpa.a
LOAD /home/lagadanu/Desktop/qemu/optee_os/out/arm/export-ta_arm64/lib/libmbedtls.a
END GROUP
OUTPUT(out/e13010e0-2ae1-11e5-896a-0002a5d5c51b.elf elf64-littleaarch64)

.debug_info     0x0000000000000000    0x13458
 .debug_info    0x0000000000000000      0x6c6 out/ta_entry.o
 .debug_info    0x00000000000006c6      0x3a1 out/user_ta_header.o
 .debug_info    0x0000000000000a67      0x53e /home/lagadanu/Desktop/qemu/optee_os/out/arm/export-ta_arm64/lib/libutils.a(trace.o)
 .debug_info    0x0000000000000fa5       0x70 /home/lagadanu/Desktop/qemu/optee_os/out/arm/export-ta_arm64/lib/libutils.a(atomic_a64.o)
 .debug_info    0x0000000000001015      0x752 /home/lagadanu/Desktop/qemu/optee_os/out/arm/export-ta_arm64/lib/libutils.a(snprintk.o)
 .debug_info    0x0000000000001767       0xdb /home/lagadanu/Desktop/qemu/optee_os/out/arm/export-ta_arm64/lib/libutils.a(memchr.o)
 .debug_info    0x0000000000001842       0xde /home/lagadanu/Desktop/qemu/optee_os/out/arm/export-ta_arm64/lib/libutils.a(memcpy.o)
 .debug_info    0x0000000000001920       0xa4 /home/lagadanu/Desktop/qemu/optee_os/out/arm/export-ta_arm64/lib/libutils.a(strlen.o)
 .debug_info    0x00000000000019c4      0x341 /home/lagadanu/Desktop/qemu/optee_os/out/arm/export-ta_arm64/lib/libutee.a(trace_ext.o)
 .debug_info    0x0000000000001d05     0x1061 /home/lagadanu/Desktop/qemu/optee_os/out/arm/export-ta_arm64/lib/libutee.a(tee_api.o)
 .debug_info    0x0000000000002d66     0x2b1a /home/lagadanu/Desktop/qemu/optee_os/out/arm/export-ta_arm64/lib/libutee.a(tee_api_operations.o)
 .debug_info    0x0000000000005880      0x113 /home/lagadanu/Desktop/qemu/optee_os/out/arm/export-ta_arm64/lib/libutee.a(tee_api_panic.o)
 .debug_info    0x0000000000005993      0xbb0 /home/lagadanu/Desktop/qemu/optee_os/out/arm/export-ta_arm64/lib/libutee.a(user_ta_entry.o)
 .debug_info    0x0000000000006543       0x72 /home/lagadanu/Desktop/qemu/optee_os/out/arm/export-ta_arm64/lib/libutee.a(utee_syscalls_a64.o)
 .debug_info    0x00000000000065b5       0x7c /home/lagadanu/Desktop/qemu/optee_os/out/arm/export-ta_arm64/lib/libutee.a(gprof_a64.o)
 .debug_info    0x0000000000006631     0x1c8f /home/lagadanu/Desktop/qemu/optee_os/out/arm/export-ta_arm64/lib/libutee.a(tee_api_arith.o)
 .debug_info    0x00000000000082c0     0x1a48 /home/lagadanu/Desktop/qemu/optee_os/out/arm/export-ta_arm64/lib/libutee.a(tee_api_objects.o)
 .debug_info    0x0000000000009d08      0x3fc /home/lagadanu/Desktop/qemu/optee_os/out/arm/export-ta_arm64/lib/libmpa.a(mpa_misc.o)
 .debug_info    0x000000000000a104      0x83f /home/lagadanu/Desktop/qemu/optee_os/out/arm/export-ta_arm64/lib/libmpa.a(mpa_montgomery.o)
 .debug_info    0x000000000000a943      0xa21 /home/lagadanu/Desktop/qemu/optee_os/out/arm/export-ta_arm64/lib/libmpa.a(mpa_primetest.o)
 .debug_info    0x000000000000b364      0x228 /home/lagadanu/Desktop/qemu/optee_os/out/arm/export-ta_arm64/lib/libmpa.a(mpa_conv.o)
 .debug_info    0x000000000000b58c      0xb6a /home/lagadanu/Desktop/qemu/optee_os/out/arm/export-ta_arm64/lib/libmpa.a(mpa_div.o)
 .debug_info    0x000000000000c0f6      0xf23 /home/lagadanu/Desktop/qemu/optee_os/out/arm/export-ta_arm64/lib/libmpa.a(mpa_gcd.o)
 .debug_info    0x000000000000d019      0x307 /home/lagadanu/Desktop/qemu/optee_os/out/arm/export-ta_arm64/lib/libmpa.a(mpa_mem_static.o)
 .debug_info    0x000000000000d320      0x6a8 /home/lagadanu/Desktop/qemu/optee_os/out/arm/export-ta_arm64/lib/libmpa.a(mpa_mul.o)
 .debug_info    0x000000000000d9c8      0x3fe /home/lagadanu/Desktop/qemu/optee_os/out/arm/export-ta_arm64/lib/libmpa.a(mpa_random.o)
 .debug_info    0x000000000000ddc6      0x3f3 /home/lagadanu/Desktop/qemu/optee_os/out/arm/export-ta_arm64/lib/libmpa.a(mpa_shift.o)
 .debug_info    0x000000000000e1b9      0xcb3 /home/lagadanu/Desktop/qemu/optee_os/out/arm/export-ta_arm64/lib/libmpa.a(mpa_addsub.o)
 .debug_info    0x000000000000ee6c      0x32e /home/lagadanu/Desktop/qemu/optee_os/out/arm/export-ta_arm64/lib/libmpa.a(mpa_cmp.o)
 .debug_info    0x000000000000f19a      0x525 /home/lagadanu/Desktop/qemu/optee_os/out/arm/export-ta_arm64/lib/libmpa.a(mpa_expmod.o)
 .debug_info    0x000000000000f6bf      0x243 /home/lagadanu/Desktop/qemu/optee_os/out/arm/export-ta_arm64/lib/libmpa.a(mpa_init.o)
 .debug_info    0x000000000000f902      0xb0f /home/lagadanu/Desktop/qemu/optee_os/out/arm/export-ta_arm64/lib/libmpa.a(mpa_io.o)
 .debug_info    0x0000000000010411      0x75d /home/lagadanu/Desktop/qemu/optee_os/out/arm/export-ta_arm64/lib/libmpa.a(mpa_modulus.o)
 .debug_info    0x0000000000010b6e     0x1e4c /home/lagadanu/Desktop/qemu/optee_os/out/arm/export-ta_arm64/lib/libutils.a(bget_malloc.o)
 .debug_info    0x00000000000129ba      0x213 /home/lagadanu/Desktop/qemu/optee_os/out/arm/export-ta_arm64/lib/libutils.a(snprintf.o)
 .debug_info    0x0000000000012bcd       0xd2 /home/lagadanu/Desktop/qemu/optee_os/out/arm/export-ta_arm64/lib/libutils.a(memcmp.o)
 .debug_info    0x0000000000012c9f       0xdc /home/lagadanu/Desktop/qemu/optee_os/out/arm/export-ta_arm64/lib/libutils.a(memmove.o)
 .debug_info    0x0000000000012d7b       0xba /home/lagadanu/Desktop/qemu/optee_os/out/arm/export-ta_arm64/lib/libutils.a(memset.o)
 .debug_info    0x0000000000012e35       0xe1 /home/lagadanu/Desktop/qemu/optee_os/out/arm/export-ta_arm64/lib/libutils.a(buf_compare_ct.o)
 .debug_info    0x0000000000012f16      0x39c /home/lagadanu/Desktop/qemu/optee_os/out/arm/export-ta_arm64/lib/libutils.a(mempool.o)
 .debug_info    0x00000000000132b2      0x1a6 /home/lagadanu/Desktop/qemu/optee_os/out/arm/export-ta_arm64/lib/libutee.a(assert.o)

.debug_abbrev   0x0000000000000000     0x42cb
 .debug_abbrev  0x0000000000000000      0x292 out/ta_entry.o
 .debug_abbrev  0x0000000000000292      0x13c out/user_ta_header.o
 .debug_abbrev  0x00000000000003ce      0x21d /home/lagadanu/Desktop/qemu/optee_os/out/arm/export-ta_arm64/lib/libutils.a(trace.o)
 .debug_abbrev  0x00000000000005eb       0x12 /home/lagadanu/Desktop/qemu/optee_os/out/arm/export-ta_arm64/lib/libutils.a(atomic_a64.o)
 .debug_abbrev  0x00000000000005fd      0x276 /home/lagadanu/Desktop/qemu/optee_os/out/arm/export-ta_arm64/lib/libutils.a(snprintk.o)
 .debug_abbrev  0x0000000000000873       0xae /home/lagadanu/Desktop/qemu/optee_os/out/arm/export-ta_arm64/lib/libutils.a(memchr.o)
 .debug_abbrev  0x0000000000000921       0x9c /home/lagadanu/Desktop/qemu/optee_os/out/arm/export-ta_arm64/lib/libutils.a(memcpy.o)
 .debug_abbrev  0x00000000000009bd       0x79 /home/lagadanu/Desktop/qemu/optee_os/out/arm/export-ta_arm64/lib/libutils.a(strlen.o)
 .debug_abbrev  0x0000000000000a36      0x174 /home/lagadanu/Desktop/qemu/optee_os/out/arm/export-ta_arm64/lib/libutee.a(trace_ext.o)
 .debug_abbrev  0x0000000000000baa      0x2ab /home/lagadanu/Desktop/qemu/optee_os/out/arm/export-ta_arm64/lib/libutee.a(tee_api.o)
 .debug_abbrev  0x0000000000000e55      0x374 /home/lagadanu/Desktop/qemu/optee_os/out/arm/export-ta_arm64/lib/libutee.a(tee_api_operations.o)
 .debug_abbrev  0x00000000000011c9       0xb4 /home/lagadanu/Desktop/qemu/optee_os/out/arm/export-ta_arm64/lib/libutee.a(tee_api_panic.o)
 .debug_abbrev  0x000000000000127d      0x2da /home/lagadanu/Desktop/qemu/optee_os/out/arm/export-ta_arm64/lib/libutee.a(user_ta_entry.o)
 .debug_abbrev  0x0000000000001557       0x12 /home/lagadanu/Desktop/qemu/optee_os/out/arm/export-ta_arm64/lib/libutee.a(utee_syscalls_a64.o)
 .debug_abbrev  0x0000000000001569       0x14 /home/lagadanu/Desktop/qemu/optee_os/out/arm/export-ta_arm64/lib/libutee.a(gprof_a64.o)
 .debug_abbrev  0x000000000000157d      0x2fe /home/lagadanu/Desktop/qemu/optee_os/out/arm/export-ta_arm64/lib/libutee.a(tee_api_arith.o)
 .debug_abbrev  0x000000000000187b      0x326 /home/lagadanu/Desktop/qemu/optee_os/out/arm/export-ta_arm64/lib/libutee.a(tee_api_objects.o)
 .debug_abbrev  0x0000000000001ba1      0x154 /home/lagadanu/Desktop/qemu/optee_os/out/arm/export-ta_arm64/lib/libmpa.a(mpa_misc.o)
 .debug_abbrev  0x0000000000001cf5      0x239 /home/lagadanu/Desktop/qemu/optee_os/out/arm/export-ta_arm64/lib/libmpa.a(mpa_montgomery.o)
 .debug_abbrev  0x0000000000001f2e      0x259 /home/lagadanu/Desktop/qemu/optee_os/out/arm/export-ta_arm64/lib/libmpa.a(mpa_primetest.o)
 .debug_abbrev  0x0000000000002187      0x113 /home/lagadanu/Desktop/qemu/optee_os/out/arm/export-ta_arm64/lib/libmpa.a(mpa_conv.o)
 .debug_abbrev  0x000000000000229a      0x28d /home/lagadanu/Desktop/qemu/optee_os/out/arm/export-ta_arm64/lib/libmpa.a(mpa_div.o)
 .debug_abbrev  0x0000000000002527      0x284 /home/lagadanu/Desktop/qemu/optee_os/out/arm/export-ta_arm64/lib/libmpa.a(mpa_gcd.o)
 .debug_abbrev  0x00000000000027ab      0x14b /home/lagadanu/Desktop/qemu/optee_os/out/arm/export-ta_arm64/lib/libmpa.a(mpa_mem_static.o)
 .debug_abbrev  0x00000000000028f6      0x1ee /home/lagadanu/Desktop/qemu/optee_os/out/arm/export-ta_arm64/lib/libmpa.a(mpa_mul.o)
 .debug_abbrev  0x0000000000002ae4      0x1d4 /home/lagadanu/Desktop/qemu/optee_os/out/arm/export-ta_arm64/lib/libmpa.a(mpa_random.o)
 .debug_abbrev  0x0000000000002cb8      0x14f /home/lagadanu/Desktop/qemu/optee_os/out/arm/export-ta_arm64/lib/libmpa.a(mpa_shift.o)
 .debug_abbrev  0x0000000000002e07      0x278 /home/lagadanu/Desktop/qemu/optee_os/out/arm/export-ta_arm64/lib/libmpa.a(mpa_addsub.o)
 .debug_abbrev  0x000000000000307f      0x11d /home/lagadanu/Desktop/qemu/optee_os/out/arm/export-ta_arm64/lib/libmpa.a(mpa_cmp.o)
 .debug_abbrev  0x000000000000319c      0x16f /home/lagadanu/Desktop/qemu/optee_os/out/arm/export-ta_arm64/lib/libmpa.a(mpa_expmod.o)
 .debug_abbrev  0x000000000000330b      0x112 /home/lagadanu/Desktop/qemu/optee_os/out/arm/export-ta_arm64/lib/libmpa.a(mpa_init.o)
 .debug_abbrev  0x000000000000341d      0x38b /home/lagadanu/Desktop/qemu/optee_os/out/arm/export-ta_arm64/lib/libmpa.a(mpa_io.o)
 .debug_abbrev  0x00000000000037a8      0x185 /home/lagadanu/Desktop/qemu/optee_os/out/arm/export-ta_arm64/lib/libmpa.a(mpa_modulus.o)
 .debug_abbrev  0x000000000000392d      0x3ea /home/lagadanu/Desktop/qemu/optee_os/out/arm/export-ta_arm64/lib/libutils.a(bget_malloc.o)
 .debug_abbrev  0x0000000000003d17      0x11b /home/lagadanu/Desktop/qemu/optee_os/out/arm/export-ta_arm64/lib/libutils.a(snprintf.o)
 .debug_abbrev  0x0000000000003e32       0x91 /home/lagadanu/Desktop/qemu/optee_os/out/arm/export-ta_arm64/lib/libutils.a(memcmp.o)
 .debug_abbrev  0x0000000000003ec3       0x94 /home/lagadanu/Desktop/qemu/optee_os/out/arm/export-ta_arm64/lib/libutils.a(memmove.o)
 .debug_abbrev  0x0000000000003f57       0x93 /home/lagadanu/Desktop/qemu/optee_os/out/arm/export-ta_arm64/lib/libutils.a(memset.o)
 .debug_abbrev  0x0000000000003fea       0x91 /home/lagadanu/Desktop/qemu/optee_os/out/arm/export-ta_arm64/lib/libutils.a(buf_compare_ct.o)
 .debug_abbrev  0x000000000000407b      0x186 /home/lagadanu/Desktop/qemu/optee_os/out/arm/export-ta_arm64/lib/libutils.a(mempool.o)
 .debug_abbrev  0x0000000000004201       0xca /home/lagadanu/Desktop/qemu/optee_os/out/arm/export-ta_arm64/lib/libutee.a(assert.o)

.debug_loc      0x0000000000000000    0x1ca78
 .debug_loc     0x0000000000000000      0x78b out/ta_entry.o
 .debug_loc     0x000000000000078b      0x54e /home/lagadanu/Desktop/qemu/optee_os/out/arm/export-ta_arm64/lib/libutils.a(trace.o)
 .debug_loc     0x0000000000000cd9     0x23e8 /home/lagadanu/Desktop/qemu/optee_os/out/arm/export-ta_arm64/lib/libutils.a(snprintk.o)
 .debug_loc     0x00000000000030c1      0x124 /home/lagadanu/Desktop/qemu/optee_os/out/arm/export-ta_arm64/lib/libutils.a(memchr.o)
 .debug_loc     0x00000000000031e5      0x12e /home/lagadanu/Desktop/qemu/optee_os/out/arm/export-ta_arm64/lib/libutils.a(memcpy.o)
 .debug_loc     0x0000000000003313       0x82 /home/lagadanu/Desktop/qemu/optee_os/out/arm/export-ta_arm64/lib/libutils.a(strlen.o)
 .debug_loc     0x0000000000003395      0x1a2 /home/lagadanu/Desktop/qemu/optee_os/out/arm/export-ta_arm64/lib/libutee.a(trace_ext.o)
 .debug_loc     0x0000000000003537      0xeee /home/lagadanu/Desktop/qemu/optee_os/out/arm/export-ta_arm64/lib/libutee.a(tee_api.o)
 .debug_loc     0x0000000000004425     0x4da8 /home/lagadanu/Desktop/qemu/optee_os/out/arm/export-ta_arm64/lib/libutee.a(tee_api_operations.o)
 .debug_loc     0x00000000000091cd       0x39 /home/lagadanu/Desktop/qemu/optee_os/out/arm/export-ta_arm64/lib/libutee.a(tee_api_panic.o)
 .debug_loc     0x0000000000009206      0x86a /home/lagadanu/Desktop/qemu/optee_os/out/arm/export-ta_arm64/lib/libutee.a(user_ta_entry.o)
 .debug_loc     0x0000000000009a70     0x3194 /home/lagadanu/Desktop/qemu/optee_os/out/arm/export-ta_arm64/lib/libutee.a(tee_api_arith.o)
 .debug_loc     0x000000000000cc04     0x20a9 /home/lagadanu/Desktop/qemu/optee_os/out/arm/export-ta_arm64/lib/libutee.a(tee_api_objects.o)
 .debug_loc     0x000000000000ecad      0x503 /home/lagadanu/Desktop/qemu/optee_os/out/arm/export-ta_arm64/lib/libmpa.a(mpa_misc.o)
 .debug_loc     0x000000000000f1b0      0xc00 /home/lagadanu/Desktop/qemu/optee_os/out/arm/export-ta_arm64/lib/libmpa.a(mpa_montgomery.o)
 .debug_loc     0x000000000000fdb0      0x60d /home/lagadanu/Desktop/qemu/optee_os/out/arm/export-ta_arm64/lib/libmpa.a(mpa_primetest.o)
 .debug_loc     0x00000000000103bd      0x1b9 /home/lagadanu/Desktop/qemu/optee_os/out/arm/export-ta_arm64/lib/libmpa.a(mpa_conv.o)
 .debug_loc     0x0000000000010576     0x100c /home/lagadanu/Desktop/qemu/optee_os/out/arm/export-ta_arm64/lib/libmpa.a(mpa_div.o)
 .debug_loc     0x0000000000011582      0xefd /home/lagadanu/Desktop/qemu/optee_os/out/arm/export-ta_arm64/lib/libmpa.a(mpa_gcd.o)
 .debug_loc     0x000000000001247f      0x216 /home/lagadanu/Desktop/qemu/optee_os/out/arm/export-ta_arm64/lib/libmpa.a(mpa_mem_static.o)
 .debug_loc     0x0000000000012695      0xb56 /home/lagadanu/Desktop/qemu/optee_os/out/arm/export-ta_arm64/lib/libmpa.a(mpa_mul.o)
 .debug_loc     0x00000000000131eb      0x38d /home/lagadanu/Desktop/qemu/optee_os/out/arm/export-ta_arm64/lib/libmpa.a(mpa_random.o)
 .debug_loc     0x0000000000013578      0x962 /home/lagadanu/Desktop/qemu/optee_os/out/arm/export-ta_arm64/lib/libmpa.a(mpa_shift.o)
 .debug_loc     0x0000000000013eda     0x1c34 /home/lagadanu/Desktop/qemu/optee_os/out/arm/export-ta_arm64/lib/libmpa.a(mpa_addsub.o)
 .debug_loc     0x0000000000015b0e      0x53d /home/lagadanu/Desktop/qemu/optee_os/out/arm/export-ta_arm64/lib/libmpa.a(mpa_cmp.o)
 .debug_loc     0x000000000001604b      0x5e9 /home/lagadanu/Desktop/qemu/optee_os/out/arm/export-ta_arm64/lib/libmpa.a(mpa_expmod.o)
 .debug_loc     0x0000000000016634      0x11e /home/lagadanu/Desktop/qemu/optee_os/out/arm/export-ta_arm64/lib/libmpa.a(mpa_init.o)
 .debug_loc     0x0000000000016752     0x16cd /home/lagadanu/Desktop/qemu/optee_os/out/arm/export-ta_arm64/lib/libmpa.a(mpa_io.o)
 .debug_loc     0x0000000000017e1f      0x826 /home/lagadanu/Desktop/qemu/optee_os/out/arm/export-ta_arm64/lib/libmpa.a(mpa_modulus.o)
 .debug_loc     0x0000000000018645     0x37ff /home/lagadanu/Desktop/qemu/optee_os/out/arm/export-ta_arm64/lib/libutils.a(bget_malloc.o)
 .debug_loc     0x000000000001be44      0x18f /home/lagadanu/Desktop/qemu/optee_os/out/arm/export-ta_arm64/lib/libutils.a(snprintf.o)
 .debug_loc     0x000000000001bfd3      0x1ac /home/lagadanu/Desktop/qemu/optee_os/out/arm/export-ta_arm64/lib/libutils.a(memcmp.o)
 .debug_loc     0x000000000001c17f      0x173 /home/lagadanu/Desktop/qemu/optee_os/out/arm/export-ta_arm64/lib/libutils.a(memmove.o)
 .debug_loc     0x000000000001c2f2       0xc1 /home/lagadanu/Desktop/qemu/optee_os/out/arm/export-ta_arm64/lib/libutils.a(memset.o)
 .debug_loc     0x000000000001c3b3      0x1ef /home/lagadanu/Desktop/qemu/optee_os/out/arm/export-ta_arm64/lib/libutils.a(buf_compare_ct.o)
 .debug_loc     0x000000000001c5a2      0x3b9 /home/lagadanu/Desktop/qemu/optee_os/out/arm/export-ta_arm64/lib/libutils.a(mempool.o)
 .debug_loc     0x000000000001c95b      0x11d /home/lagadanu/Desktop/qemu/optee_os/out/arm/export-ta_arm64/lib/libutee.a(assert.o)

.debug_aranges  0x0000000000000000      0xc40
 .debug_aranges
                0x0000000000000000       0x30 out/ta_entry.o
 .debug_aranges
                0x0000000000000030       0x30 out/user_ta_header.o
 .debug_aranges
                0x0000000000000060       0x30 /home/lagadanu/Desktop/qemu/optee_os/out/arm/export-ta_arm64/lib/libutils.a(trace.o)
 .debug_aranges
                0x0000000000000090       0x40 /home/lagadanu/Desktop/qemu/optee_os/out/arm/export-ta_arm64/lib/libutils.a(atomic_a64.o)
 .debug_aranges
                0x00000000000000d0       0x30 /home/lagadanu/Desktop/qemu/optee_os/out/arm/export-ta_arm64/lib/libutils.a(snprintk.o)
 .debug_aranges
                0x0000000000000100       0x30 /home/lagadanu/Desktop/qemu/optee_os/out/arm/export-ta_arm64/lib/libutils.a(memchr.o)
 .debug_aranges
                0x0000000000000130       0x30 /home/lagadanu/Desktop/qemu/optee_os/out/arm/export-ta_arm64/lib/libutils.a(memcpy.o)
 .debug_aranges
                0x0000000000000160       0x30 /home/lagadanu/Desktop/qemu/optee_os/out/arm/export-ta_arm64/lib/libutils.a(strlen.o)
 .debug_aranges
                0x0000000000000190       0x30 /home/lagadanu/Desktop/qemu/optee_os/out/arm/export-ta_arm64/lib/libutee.a(trace_ext.o)
 .debug_aranges
                0x00000000000001c0       0x30 /home/lagadanu/Desktop/qemu/optee_os/out/arm/export-ta_arm64/lib/libutee.a(tee_api.o)
 .debug_aranges
                0x00000000000001f0       0x30 /home/lagadanu/Desktop/qemu/optee_os/out/arm/export-ta_arm64/lib/libutee.a(tee_api_operations.o)
 .debug_aranges
                0x0000000000000220       0x30 /home/lagadanu/Desktop/qemu/optee_os/out/arm/export-ta_arm64/lib/libutee.a(tee_api_panic.o)
 .debug_aranges
                0x0000000000000250       0x30 /home/lagadanu/Desktop/qemu/optee_os/out/arm/export-ta_arm64/lib/libutee.a(user_ta_entry.o)
 .debug_aranges
                0x0000000000000280      0x4a0 /home/lagadanu/Desktop/qemu/optee_os/out/arm/export-ta_arm64/lib/libutee.a(utee_syscalls_a64.o)
 .debug_aranges
                0x0000000000000720       0x30 /home/lagadanu/Desktop/qemu/optee_os/out/arm/export-ta_arm64/lib/libutee.a(gprof_a64.o)
 .debug_aranges
                0x0000000000000750       0x40 /home/lagadanu/Desktop/qemu/optee_os/out/arm/export-ta_arm64/lib/libutee.a(tee_api_arith.o)
 .debug_aranges
                0x0000000000000790       0x30 /home/lagadanu/Desktop/qemu/optee_os/out/arm/export-ta_arm64/lib/libutee.a(tee_api_objects.o)
 .debug_aranges
                0x00000000000007c0       0x30 /home/lagadanu/Desktop/qemu/optee_os/out/arm/export-ta_arm64/lib/libmpa.a(mpa_misc.o)
 .debug_aranges
                0x00000000000007f0       0x30 /home/lagadanu/Desktop/qemu/optee_os/out/arm/export-ta_arm64/lib/libmpa.a(mpa_montgomery.o)
 .debug_aranges
                0x0000000000000820       0x30 /home/lagadanu/Desktop/qemu/optee_os/out/arm/export-ta_arm64/lib/libmpa.a(mpa_primetest.o)
 .debug_aranges
                0x0000000000000850       0x30 /home/lagadanu/Desktop/qemu/optee_os/out/arm/export-ta_arm64/lib/libmpa.a(mpa_conv.o)
 .debug_aranges
                0x0000000000000880       0x30 /home/lagadanu/Desktop/qemu/optee_os/out/arm/export-ta_arm64/lib/libmpa.a(mpa_div.o)
 .debug_aranges
                0x00000000000008b0       0x30 /home/lagadanu/Desktop/qemu/optee_os/out/arm/export-ta_arm64/lib/libmpa.a(mpa_gcd.o)
 .debug_aranges
                0x00000000000008e0       0x30 /home/lagadanu/Desktop/qemu/optee_os/out/arm/export-ta_arm64/lib/libmpa.a(mpa_mem_static.o)
 .debug_aranges
                0x0000000000000910       0x30 /home/lagadanu/Desktop/qemu/optee_os/out/arm/export-ta_arm64/lib/libmpa.a(mpa_mul.o)
 .debug_aranges
                0x0000000000000940       0x30 /home/lagadanu/Desktop/qemu/optee_os/out/arm/export-ta_arm64/lib/libmpa.a(mpa_random.o)
 .debug_aranges
                0x0000000000000970       0x30 /home/lagadanu/Desktop/qemu/optee_os/out/arm/export-ta_arm64/lib/libmpa.a(mpa_shift.o)
 .debug_aranges
                0x00000000000009a0       0x30 /home/lagadanu/Desktop/qemu/optee_os/out/arm/export-ta_arm64/lib/libmpa.a(mpa_addsub.o)
 .debug_aranges
                0x00000000000009d0       0x30 /home/lagadanu/Desktop/qemu/optee_os/out/arm/export-ta_arm64/lib/libmpa.a(mpa_cmp.o)
 .debug_aranges
                0x0000000000000a00       0x30 /home/lagadanu/Desktop/qemu/optee_os/out/arm/export-ta_arm64/lib/libmpa.a(mpa_expmod.o)
 .debug_aranges
                0x0000000000000a30       0x30 /home/lagadanu/Desktop/qemu/optee_os/out/arm/export-ta_arm64/lib/libmpa.a(mpa_init.o)
 .debug_aranges
                0x0000000000000a60       0x30 /home/lagadanu/Desktop/qemu/optee_os/out/arm/export-ta_arm64/lib/libmpa.a(mpa_io.o)
 .debug_aranges
                0x0000000000000a90       0x30 /home/lagadanu/Desktop/qemu/optee_os/out/arm/export-ta_arm64/lib/libmpa.a(mpa_modulus.o)
 .debug_aranges
                0x0000000000000ac0       0x30 /home/lagadanu/Desktop/qemu/optee_os/out/arm/export-ta_arm64/lib/libutils.a(bget_malloc.o)
 .debug_aranges
                0x0000000000000af0       0x30 /home/lagadanu/Desktop/qemu/optee_os/out/arm/export-ta_arm64/lib/libutils.a(snprintf.o)
 .debug_aranges
                0x0000000000000b20       0x30 /home/lagadanu/Desktop/qemu/optee_os/out/arm/export-ta_arm64/lib/libutils.a(memcmp.o)
 .debug_aranges
                0x0000000000000b50       0x30 /home/lagadanu/Desktop/qemu/optee_os/out/arm/export-ta_arm64/lib/libutils.a(memmove.o)
 .debug_aranges
                0x0000000000000b80       0x30 /home/lagadanu/Desktop/qemu/optee_os/out/arm/export-ta_arm64/lib/libutils.a(memset.o)
 .debug_aranges
                0x0000000000000bb0       0x30 /home/lagadanu/Desktop/qemu/optee_os/out/arm/export-ta_arm64/lib/libutils.a(buf_compare_ct.o)
 .debug_aranges
                0x0000000000000be0       0x30 /home/lagadanu/Desktop/qemu/optee_os/out/arm/export-ta_arm64/lib/libutils.a(mempool.o)
 .debug_aranges
                0x0000000000000c10       0x30 /home/lagadanu/Desktop/qemu/optee_os/out/arm/export-ta_arm64/lib/libutee.a(assert.o)

.debug_ranges   0x0000000000000000     0x10b0
 .debug_ranges  0x0000000000000000       0xe0 out/ta_entry.o
 .debug_ranges  0x00000000000000e0       0x60 /home/lagadanu/Desktop/qemu/optee_os/out/arm/export-ta_arm64/lib/libutils.a(trace.o)
 .debug_ranges  0x0000000000000140       0x40 /home/lagadanu/Desktop/qemu/optee_os/out/arm/export-ta_arm64/lib/libutils.a(atomic_a64.o)
 .debug_ranges  0x0000000000000180       0x30 /home/lagadanu/Desktop/qemu/optee_os/out/arm/export-ta_arm64/lib/libutils.a(snprintk.o)
 .debug_ranges  0x00000000000001b0       0x70 /home/lagadanu/Desktop/qemu/optee_os/out/arm/export-ta_arm64/lib/libutee.a(tee_api.o)
 .debug_ranges  0x0000000000000220       0xf0 /home/lagadanu/Desktop/qemu/optee_os/out/arm/export-ta_arm64/lib/libutee.a(tee_api_operations.o)
 .debug_ranges  0x0000000000000310       0xd0 /home/lagadanu/Desktop/qemu/optee_os/out/arm/export-ta_arm64/lib/libutee.a(user_ta_entry.o)
 .debug_ranges  0x00000000000003e0      0x4a0 /home/lagadanu/Desktop/qemu/optee_os/out/arm/export-ta_arm64/lib/libutee.a(utee_syscalls_a64.o)
 .debug_ranges  0x0000000000000880       0xc0 /home/lagadanu/Desktop/qemu/optee_os/out/arm/export-ta_arm64/lib/libutee.a(tee_api_arith.o)
 .debug_ranges  0x0000000000000940       0x40 /home/lagadanu/Desktop/qemu/optee_os/out/arm/export-ta_arm64/lib/libmpa.a(mpa_montgomery.o)
 .debug_ranges  0x0000000000000980       0x90 /home/lagadanu/Desktop/qemu/optee_os/out/arm/export-ta_arm64/lib/libmpa.a(mpa_primetest.o)
 .debug_ranges  0x0000000000000a10       0x80 /home/lagadanu/Desktop/qemu/optee_os/out/arm/export-ta_arm64/lib/libmpa.a(mpa_div.o)
 .debug_ranges  0x0000000000000a90       0x30 /home/lagadanu/Desktop/qemu/optee_os/out/arm/export-ta_arm64/lib/libmpa.a(mpa_gcd.o)
 .debug_ranges  0x0000000000000ac0      0x140 /home/lagadanu/Desktop/qemu/optee_os/out/arm/export-ta_arm64/lib/libmpa.a(mpa_random.o)
 .debug_ranges  0x0000000000000c00       0x30 /home/lagadanu/Desktop/qemu/optee_os/out/arm/export-ta_arm64/lib/libmpa.a(mpa_addsub.o)
 .debug_ranges  0x0000000000000c30      0x160 /home/lagadanu/Desktop/qemu/optee_os/out/arm/export-ta_arm64/lib/libmpa.a(mpa_io.o)
 .debug_ranges  0x0000000000000d90      0x320 /home/lagadanu/Desktop/qemu/optee_os/out/arm/export-ta_arm64/lib/libutils.a(bget_malloc.o)

.debug_macro    0x0000000000000000     0x5378
 .debug_macro   0x0000000000000000       0xe6 out/ta_entry.o
 .debug_macro   0x00000000000000e6      0x6b2 out/ta_entry.o
 .debug_macro   0x0000000000000798       0xcd out/ta_entry.o
 .debug_macro   0x0000000000000865       0x7c out/ta_entry.o
 .debug_macro   0x00000000000008e1      0x16d out/ta_entry.o
 .debug_macro   0x0000000000000a4e      0x184 out/ta_entry.o
 .debug_macro   0x0000000000000bd2       0xc4 out/ta_entry.o
 .debug_macro   0x0000000000000c96       0x22 out/ta_entry.o
 .debug_macro   0x0000000000000cb8       0x22 out/ta_entry.o
 .debug_macro   0x0000000000000cda      0x8e8 out/ta_entry.o
 .debug_macro   0x00000000000015c2       0x35 out/ta_entry.o
 .debug_macro   0x00000000000015f7       0x34 out/ta_entry.o
 .debug_macro   0x000000000000162b       0x94 out/ta_entry.o
 .debug_macro   0x00000000000016bf       0x1c out/ta_entry.o
 .debug_macro   0x00000000000016db      0x1b0 out/ta_entry.o
 .debug_macro   0x000000000000188b      0x103 out/user_ta_header.o
 .debug_macro   0x000000000000198e       0x58 out/user_ta_header.o
 .debug_macro   0x00000000000019e6       0xc4 out/user_ta_header.o
 .debug_macro   0x0000000000001aaa       0xca out/user_ta_header.o
 .debug_macro   0x0000000000001b74       0x7c out/user_ta_header.o
 .debug_macro   0x0000000000001bf0       0x1c out/user_ta_header.o
 .debug_macro   0x0000000000001c0c       0xd6 /home/lagadanu/Desktop/qemu/optee_os/out/arm/export-ta_arm64/lib/libutils.a(trace.o)
 .debug_macro   0x0000000000001ce2      0x664 /home/lagadanu/Desktop/qemu/optee_os/out/arm/export-ta_arm64/lib/libutils.a(trace.o)
 .debug_macro   0x0000000000002346      0x2ca /home/lagadanu/Desktop/qemu/optee_os/out/arm/export-ta_arm64/lib/libutils.a(trace.o)
 .debug_macro   0x0000000000002610       0x16 /home/lagadanu/Desktop/qemu/optee_os/out/arm/export-ta_arm64/lib/libutils.a(trace.o)
 .debug_macro   0x0000000000002626       0x94 /home/lagadanu/Desktop/qemu/optee_os/out/arm/export-ta_arm64/lib/libutils.a(trace.o)
 .debug_macro   0x00000000000026ba       0xc4 /home/lagadanu/Desktop/qemu/optee_os/out/arm/export-ta_arm64/lib/libutils.a(trace.o)
 .debug_macro   0x000000000000277e      0x134 /home/lagadanu/Desktop/qemu/optee_os/out/arm/export-ta_arm64/lib/libutils.a(snprintk.o)
 .debug_macro   0x00000000000028b2       0x66 /home/lagadanu/Desktop/qemu/optee_os/out/arm/export-ta_arm64/lib/libutils.a(memchr.o)
 .debug_macro   0x0000000000002918      0x664 /home/lagadanu/Desktop/qemu/optee_os/out/arm/export-ta_arm64/lib/libutils.a(memchr.o)
 .debug_macro   0x0000000000002f7c       0x7c /home/lagadanu/Desktop/qemu/optee_os/out/arm/export-ta_arm64/lib/libutils.a(memchr.o)
 .debug_macro   0x0000000000002ff8       0x57 /home/lagadanu/Desktop/qemu/optee_os/out/arm/export-ta_arm64/lib/libutils.a(memcpy.o)
 .debug_macro   0x000000000000304f       0x5a /home/lagadanu/Desktop/qemu/optee_os/out/arm/export-ta_arm64/lib/libutils.a(strlen.o)
 .debug_macro   0x00000000000030a9       0xf1 /home/lagadanu/Desktop/qemu/optee_os/out/arm/export-ta_arm64/lib/libutee.a(trace_ext.o)
 .debug_macro   0x000000000000319a      0x16f /home/lagadanu/Desktop/qemu/optee_os/out/arm/export-ta_arm64/lib/libutee.a(tee_api.o)
 .debug_macro   0x0000000000003309       0x10 /home/lagadanu/Desktop/qemu/optee_os/out/arm/export-ta_arm64/lib/libutee.a(tee_api.o)
 .debug_macro   0x0000000000003319      0x177 /home/lagadanu/Desktop/qemu/optee_os/out/arm/export-ta_arm64/lib/libutee.a(tee_api_operations.o)
 .debug_macro   0x0000000000003490       0xb4 /home/lagadanu/Desktop/qemu/optee_os/out/arm/export-ta_arm64/lib/libutee.a(tee_api_panic.o)
 .debug_macro   0x0000000000003544      0x18e /home/lagadanu/Desktop/qemu/optee_os/out/arm/export-ta_arm64/lib/libutee.a(user_ta_entry.o)
 .debug_macro   0x00000000000036d2      0x2cd /home/lagadanu/Desktop/qemu/optee_os/out/arm/export-ta_arm64/lib/libutee.a(user_ta_entry.o)
 .debug_macro   0x000000000000399f       0x10 /home/lagadanu/Desktop/qemu/optee_os/out/arm/export-ta_arm64/lib/libutee.a(user_ta_entry.o)
 .debug_macro   0x00000000000039af       0x34 /home/lagadanu/Desktop/qemu/optee_os/out/arm/export-ta_arm64/lib/libutee.a(user_ta_entry.o)
 .debug_macro   0x00000000000039e3      0x165 /home/lagadanu/Desktop/qemu/optee_os/out/arm/export-ta_arm64/lib/libutee.a(tee_api_arith.o)
 .debug_macro   0x0000000000003b48       0x10 /home/lagadanu/Desktop/qemu/optee_os/out/arm/export-ta_arm64/lib/libutee.a(tee_api_arith.o)
 .debug_macro   0x0000000000003b58       0x4c /home/lagadanu/Desktop/qemu/optee_os/out/arm/export-ta_arm64/lib/libutee.a(tee_api_arith.o)
 .debug_macro   0x0000000000003ba4       0x16 /home/lagadanu/Desktop/qemu/optee_os/out/arm/export-ta_arm64/lib/libutee.a(tee_api_arith.o)
 .debug_macro   0x0000000000003bba       0x6b /home/lagadanu/Desktop/qemu/optee_os/out/arm/export-ta_arm64/lib/libutee.a(tee_api_arith.o)
 .debug_macro   0x0000000000003c25      0x139 /home/lagadanu/Desktop/qemu/optee_os/out/arm/export-ta_arm64/lib/libutee.a(tee_api_objects.o)
 .debug_macro   0x0000000000003d5e       0xfa /home/lagadanu/Desktop/qemu/optee_os/out/arm/export-ta_arm64/lib/libmpa.a(mpa_misc.o)
 .debug_macro   0x0000000000003e58       0xa6 /home/lagadanu/Desktop/qemu/optee_os/out/arm/export-ta_arm64/lib/libmpa.a(mpa_misc.o)
 .debug_macro   0x0000000000003efe       0xfa /home/lagadanu/Desktop/qemu/optee_os/out/arm/export-ta_arm64/lib/libmpa.a(mpa_montgomery.o)
 .debug_macro   0x0000000000003ff8      0x120 /home/lagadanu/Desktop/qemu/optee_os/out/arm/export-ta_arm64/lib/libmpa.a(mpa_primetest.o)
 .debug_macro   0x0000000000004118       0xfa /home/lagadanu/Desktop/qemu/optee_os/out/arm/export-ta_arm64/lib/libmpa.a(mpa_conv.o)
 .debug_macro   0x0000000000004212       0xfa /home/lagadanu/Desktop/qemu/optee_os/out/arm/export-ta_arm64/lib/libmpa.a(mpa_div.o)
 .debug_macro   0x000000000000430c       0xfa /home/lagadanu/Desktop/qemu/optee_os/out/arm/export-ta_arm64/lib/libmpa.a(mpa_gcd.o)
 .debug_macro   0x0000000000004406      0x11f /home/lagadanu/Desktop/qemu/optee_os/out/arm/export-ta_arm64/lib/libmpa.a(mpa_mem_static.o)
 .debug_macro   0x0000000000004525       0xfa /home/lagadanu/Desktop/qemu/optee_os/out/arm/export-ta_arm64/lib/libmpa.a(mpa_mul.o)
 .debug_macro   0x000000000000461f      0x14e /home/lagadanu/Desktop/qemu/optee_os/out/arm/export-ta_arm64/lib/libmpa.a(mpa_random.o)
 .debug_macro   0x000000000000476d       0xfa /home/lagadanu/Desktop/qemu/optee_os/out/arm/export-ta_arm64/lib/libmpa.a(mpa_shift.o)
 .debug_macro   0x0000000000004867       0xfa /home/lagadanu/Desktop/qemu/optee_os/out/arm/export-ta_arm64/lib/libmpa.a(mpa_addsub.o)
 .debug_macro   0x0000000000004961       0xfa /home/lagadanu/Desktop/qemu/optee_os/out/arm/export-ta_arm64/lib/libmpa.a(mpa_cmp.o)
 .debug_macro   0x0000000000004a5b      0x100 /home/lagadanu/Desktop/qemu/optee_os/out/arm/export-ta_arm64/lib/libmpa.a(mpa_expmod.o)
 .debug_macro   0x0000000000004b5b       0xfa /home/lagadanu/Desktop/qemu/optee_os/out/arm/export-ta_arm64/lib/libmpa.a(mpa_init.o)
 .debug_macro   0x0000000000004c55      0x125 /home/lagadanu/Desktop/qemu/optee_os/out/arm/export-ta_arm64/lib/libmpa.a(mpa_io.o)
 .debug_macro   0x0000000000004d7a       0x10 /home/lagadanu/Desktop/qemu/optee_os/out/arm/export-ta_arm64/lib/libmpa.a(mpa_io.o)
 .debug_macro   0x0000000000004d8a       0xfa /home/lagadanu/Desktop/qemu/optee_os/out/arm/export-ta_arm64/lib/libmpa.a(mpa_modulus.o)
 .debug_macro   0x0000000000004e84      0x13f /home/lagadanu/Desktop/qemu/optee_os/out/arm/export-ta_arm64/lib/libutils.a(bget_malloc.o)
 .debug_macro   0x0000000000004fc3       0x16 /home/lagadanu/Desktop/qemu/optee_os/out/arm/export-ta_arm64/lib/libutils.a(bget_malloc.o)
 .debug_macro   0x0000000000004fd9       0x3c /home/lagadanu/Desktop/qemu/optee_os/out/arm/export-ta_arm64/lib/libutils.a(bget_malloc.o)
 .debug_macro   0x0000000000005015       0x4d /home/lagadanu/Desktop/qemu/optee_os/out/arm/export-ta_arm64/lib/libutils.a(snprintf.o)
 .debug_macro   0x0000000000005062       0x51 /home/lagadanu/Desktop/qemu/optee_os/out/arm/export-ta_arm64/lib/libutils.a(memcmp.o)
 .debug_macro   0x00000000000050b3       0x64 /home/lagadanu/Desktop/qemu/optee_os/out/arm/export-ta_arm64/lib/libutils.a(memmove.o)
 .debug_macro   0x0000000000005117       0x51 /home/lagadanu/Desktop/qemu/optee_os/out/arm/export-ta_arm64/lib/libutils.a(memset.o)
 .debug_macro   0x0000000000005168       0x36 /home/lagadanu/Desktop/qemu/optee_os/out/arm/export-ta_arm64/lib/libutils.a(buf_compare_ct.o)
 .debug_macro   0x000000000000519e       0xd4 /home/lagadanu/Desktop/qemu/optee_os/out/arm/export-ta_arm64/lib/libutils.a(mempool.o)
 .debug_macro   0x0000000000005272      0x106 /home/lagadanu/Desktop/qemu/optee_os/out/arm/export-ta_arm64/lib/libutee.a(assert.o)

.debug_line     0x0000000000000000     0x6c95
 .debug_line    0x0000000000000000      0x242 out/ta_entry.o
 .debug_line    0x0000000000000242      0x274 out/user_ta_header.o
 .debug_line    0x00000000000004b6      0x242 /home/lagadanu/Desktop/qemu/optee_os/out/arm/export-ta_arm64/lib/libutils.a(trace.o)
 .debug_line    0x00000000000006f8       0x79 /home/lagadanu/Desktop/qemu/optee_os/out/arm/export-ta_arm64/lib/libutils.a(atomic_a64.o)
 .debug_line    0x0000000000000771      0x305 /home/lagadanu/Desktop/qemu/optee_os/out/arm/export-ta_arm64/lib/libutils.a(snprintk.o)
 .debug_line    0x0000000000000a76      0x14f /home/lagadanu/Desktop/qemu/optee_os/out/arm/export-ta_arm64/lib/libutils.a(memchr.o)
 .debug_line    0x0000000000000bc5      0x140 /home/lagadanu/Desktop/qemu/optee_os/out/arm/export-ta_arm64/lib/libutils.a(memcpy.o)
 .debug_line    0x0000000000000d05      0x14a /home/lagadanu/Desktop/qemu/optee_os/out/arm/export-ta_arm64/lib/libutils.a(strlen.o)